2025-09-03 15:45:54,417 - root - INFO - Configuration de logging chargée avec succès.
2025-09-03 15:45:54,417 - main - INFO - Application démarrée
2025-09-03 15:45:54,432 - agents.agent_manager - INFO - Démarrage de la collecte et du traitement en parallèle...
2025-09-03 15:45:54,433 - workers.server_agents_worker - INFO - Démarrage de la collecte et du traitement pour la source : CHECKMK - VIC-T1
2025-09-03 15:45:54,433 - workers.server_agents_worker - INFO - Démarrage de la collecte et du traitement pour la source : CHECKMK - VIC-T0
2025-09-03 15:45:54,434 - workers.server_agents_worker - INFO - Démarrage de la collecte et du traitement pour la source : CHECKMK - OXYA-T0
2025-09-03 15:45:54,434 - workers.server_agents_worker - INFO - Démarrage de la collecte et du traitement pour la source : GLPI - GLPI-VCSI
2025-09-03 15:45:54,607 - workers.server_agents_worker - ERROR - Erreur dans le thread du collecteur GLPI - GLPI-VCSI : 'GLPI' object has no attribute 'glpi_computers'
Traceback (most recent call last):
  File "e:\KPI_HOSTING - V2.1\workers\server_agents_worker.py", line 47, in run
    servers_data = self.collector.collect()
  File "e:\KPI_HOSTING - V2.1\agents\glpi_collector.py", line 20, in collect
    servers_data = self.glpi_connector.collect()
  File "e:\KPI_HOSTING - V2.1\connectors\glpi_connector.py", line 64, in collect
    return self.glpi_computers['data']
           ^^^^^^^^^^^^^^^^^^^
AttributeError: 'GLPI' object has no attribute 'glpi_computers'
2025-09-03 15:45:54,892 - CHECKMK - VIC-T0 - INFO - Normalisation terminée. 92 serveurs normalisés.
2025-09-03 15:45:54,892 - workers.server_agents_worker - INFO - Collecte terminée : 92 serveurs trouvés pour la source : CHECKMK - VIC-T0
2025-09-03 15:45:54,895 - workers.server_agents_worker - INFO - Données normalisées pour 'CHECKMK - VIC-T0' exportées avec succès vers exports\CHECKMK - VIC-T0.json
2025-09-03 15:45:54,906 - CHECKMK - OXYA-T0 - INFO - Normalisation terminée. 31 serveurs normalisés.
2025-09-03 15:45:54,906 - workers.server_agents_worker - INFO - Collecte terminée : 31 serveurs trouvés pour la source : CHECKMK - OXYA-T0
2025-09-03 15:45:54,908 - workers.server_agents_worker - INFO - Données normalisées pour 'CHECKMK - OXYA-T0' exportées avec succès vers exports\CHECKMK - OXYA-T0.json
2025-09-03 15:45:55,382 - CHECKMK - VIC-T1 - INFO - Normalisation terminée. 958 serveurs normalisés.
2025-09-03 15:45:55,382 - workers.server_agents_worker - INFO - Collecte terminée : 958 serveurs trouvés pour la source : CHECKMK - VIC-T1
2025-09-03 15:45:55,393 - workers.server_agents_worker - INFO - Données normalisées pour 'CHECKMK - VIC-T1' exportées avec succès vers exports\CHECKMK - VIC-T1.json
2025-09-03 15:45:55,411 - agents.agent_manager - INFO - Données exportées avec succès vers exports\all_agents.json
2025-09-03 15:45:55,411 - agents.agent_manager - INFO - Phase de collecte terminée. Récupération des résultats...
2025-09-03 15:45:55,411 - main - INFO - Application terminée
