2025-09-03 20:02:18,172 - root - INFO - Configuration de logging chargée avec succès.
2025-09-03 20:02:18,172 - main - INFO - Application démarrée
2025-09-03 20:02:18,197 - main - INFO - Démarrage de l'inventory des serveurs
2025-09-03 20:02:18,198 - collectors.inventory_manager - INFO - Démarrage de la collecte et du traitement en parallèle...
2025-09-03 20:02:18,199 - workers.server_worker - INFO - Démarrage de la collecte et du traitement pour la source : AZURE_VCSI
2025-09-03 20:02:18,200 - workers.server_worker - INFO - Démarrage de la collecte et du traitement pour la source : VCENTER_NGDT_02
2025-09-03 20:02:18,202 - workers.server_worker - INFO - Démarrage de la collecte et du traitement pour la source : VCENTER_NGDT_03
2025-09-03 20:02:18,203 - workers.server_worker - INFO - Démarrage de la collecte et du traitement pour la source : VCENTER_OXYA
2025-09-03 20:02:18,207 - workers.server_worker - INFO - Démarrage de la collecte et du traitement pour la source : T0_NGDT
2025-09-03 20:02:18,212 - workers.server_worker - INFO - Collecte terminée : 92 serveurs trouvés pour la source : T0_NGDT
2025-09-03 20:02:51,072 - workers.server_worker - INFO - Collecte terminée : 55 serveurs trouvés pour la source : VCENTER_NGDT_02
2025-09-03 20:03:36,181 - workers.server_worker - INFO - Collecte terminée : 203 serveurs trouvés pour la source : VCENTER_OXYA
2025-09-03 20:03:56,057 - collectors.vcenter_collector - VCENTER_NGDT_03 - ERROR - Erreur lors du traitement d'une VM : HTTPSConnectionPool(host='vicprdvmwavce03.vc-ic.grpsc.net', port=443): Max retries exceeded with url: /rest/com/vmware/cis/tagging/category/id:urn:vmomi:InventoryServiceCategory:48cf60d2-37bb-434a-9812-59d66fab0014:GLOBAL (Caused by SSLError(SSLEOFError(8, '[SSL: UNEXPECTED_EOF_WHILE_READING] EOF occurred in violation of protocol (_ssl.c:1028)')))
Traceback (most recent call last):
  File "E:\KPI_HOSTING - V2.1\venv\Lib\site-packages\urllib3\connectionpool.py", line 464, in _make_request
    self._validate_conn(conn)
    ~~~~~~~~~~~~~~~~~~~^^^^^^
  File "E:\KPI_HOSTING - V2.1\venv\Lib\site-packages\urllib3\connectionpool.py", line 1093, in _validate_conn
    conn.connect()
    ~~~~~~~~~~~~^^
  File "E:\KPI_HOSTING - V2.1\venv\Lib\site-packages\urllib3\connection.py", line 790, in connect
    sock_and_verified = _ssl_wrap_socket_and_match_hostname(
        sock=sock,
    ...<14 lines>...
        assert_fingerprint=self.assert_fingerprint,
    )
  File "E:\KPI_HOSTING - V2.1\venv\Lib\site-packages\urllib3\connection.py", line 969, in _ssl_wrap_socket_and_match_hostname
    ssl_sock = ssl_wrap_socket(
        sock=sock,
    ...<8 lines>...
        tls_in_tls=tls_in_tls,
    )
  File "E:\KPI_HOSTING - V2.1\venv\Lib\site-packages\urllib3\util\ssl_.py", line 480, in ssl_wrap_socket
    ssl_sock = _ssl_wrap_socket_impl(sock, context, tls_in_tls, server_hostname)
  File "E:\KPI_HOSTING - V2.1\venv\Lib\site-packages\urllib3\util\ssl_.py", line 524, in _ssl_wrap_socket_impl
    return ssl_context.wrap_socket(sock, server_hostname=server_hostname)
           ~~~~~~~~~~~~~~~~~~~~~~~^^^^^^^^^^^^^^^^^^^^^^^^^^^^^^^^^^^^^^^
  File "C:\Program Files\Python313\Lib\ssl.py", line 455, in wrap_socket
    return self.sslsocket_class._create(
           ~~~~~~~~~~~~~~~~~~~~~~~~~~~~^
        sock=sock,
        ^^^^^^^^^^
    ...<5 lines>...
        session=session
        ^^^^^^^^^^^^^^^
    )
    ^
  File "C:\Program Files\Python313\Lib\ssl.py", line 1076, in _create
    self.do_handshake()
    ~~~~~~~~~~~~~~~~~^^
  File "C:\Program Files\Python313\Lib\ssl.py", line 1372, in do_handshake
    self._sslobj.do_handshake()
    ~~~~~~~~~~~~~~~~~~~~~~~~~^^
ssl.SSLEOFError: [SSL: UNEXPECTED_EOF_WHILE_READING] EOF occurred in violation of protocol (_ssl.c:1028)

During handling of the above exception, another exception occurred:

Traceback (most recent call last):
  File "E:\KPI_HOSTING - V2.1\venv\Lib\site-packages\urllib3\connectionpool.py", line 787, in urlopen
    response = self._make_request(
        conn,
    ...<10 lines>...
        **response_kw,
    )
  File "E:\KPI_HOSTING - V2.1\venv\Lib\site-packages\urllib3\connectionpool.py", line 488, in _make_request
    raise new_e
urllib3.exceptions.SSLError: [SSL: UNEXPECTED_EOF_WHILE_READING] EOF occurred in violation of protocol (_ssl.c:1028)

The above exception was the direct cause of the following exception:

Traceback (most recent call last):
  File "E:\KPI_HOSTING - V2.1\venv\Lib\site-packages\requests\adapters.py", line 667, in send
    resp = conn.urlopen(
        method=request.method,
    ...<9 lines>...
        chunked=chunked,
    )
  File "E:\KPI_HOSTING - V2.1\venv\Lib\site-packages\urllib3\connectionpool.py", line 841, in urlopen
    retries = retries.increment(
        method, url, error=new_e, _pool=self, _stacktrace=sys.exc_info()[2]
    )
  File "E:\KPI_HOSTING - V2.1\venv\Lib\site-packages\urllib3\util\retry.py", line 519, in increment
    raise MaxRetryError(_pool, url, reason) from reason  # type: ignore[arg-type]
    ^^^^^^^^^^^^^^^^^^^^^^^^^^^^^^^^^^^^^^^^^^^^^^^^^^^
urllib3.exceptions.MaxRetryError: HTTPSConnectionPool(host='vicprdvmwavce03.vc-ic.grpsc.net', port=443): Max retries exceeded with url: /rest/com/vmware/cis/tagging/category/id:urn:vmomi:InventoryServiceCategory:48cf60d2-37bb-434a-9812-59d66fab0014:GLOBAL (Caused by SSLError(SSLEOFError(8, '[SSL: UNEXPECTED_EOF_WHILE_READING] EOF occurred in violation of protocol (_ssl.c:1028)')))

During handling of the above exception, another exception occurred:

Traceback (most recent call last):
  File "e:\KPI_HOSTING - V2.1\connectors\vcenter_connector.py", line 185, in process_vms_multithreaded
    vm_info = future.result()
  File "C:\Program Files\Python313\Lib\concurrent\futures\_base.py", line 449, in result
    return self.__get_result()
           ~~~~~~~~~~~~~~~~~^^
  File "C:\Program Files\Python313\Lib\concurrent\futures\_base.py", line 401, in __get_result
    raise self._exception
  File "C:\Program Files\Python313\Lib\concurrent\futures\thread.py", line 59, in run
    result = self.fn(*self.args, **self.kwargs)
  File "e:\KPI_HOSTING - V2.1\connectors\vcenter_connector.py", line 159, in process_vm_data
    vm_tags = self.get_tags_value(all_tags, vm_id, self.vcenter_url, session_id, vm_name)
  File "e:\KPI_HOSTING - V2.1\connectors\vcenter_connector.py", line 72, in get_tags_value
    tag_info = self.get_tag_info(tag, vcenter, session_id)
  File "e:\KPI_HOSTING - V2.1\connectors\vcenter_connector.py", line 88, in get_tag_info
    category_name = self.get_category_info(category_id, vcenter, session_id)
  File "e:\KPI_HOSTING - V2.1\connectors\vcenter_connector.py", line 98, in get_category_info
    response = requests.get(url, headers=headers, verify=False)
  File "E:\KPI_HOSTING - V2.1\venv\Lib\site-packages\requests\api.py", line 73, in get
    return request("get", url, params=params, **kwargs)
  File "E:\KPI_HOSTING - V2.1\venv\Lib\site-packages\requests\api.py", line 59, in request
    return session.request(method=method, url=url, **kwargs)
           ~~~~~~~~~~~~~~~^^^^^^^^^^^^^^^^^^^^^^^^^^^^^^^^^^
  File "E:\KPI_HOSTING - V2.1\venv\Lib\site-packages\requests\sessions.py", line 589, in request
    resp = self.send(prep, **send_kwargs)
  File "E:\KPI_HOSTING - V2.1\venv\Lib\site-packages\requests\sessions.py", line 703, in send
    r = adapter.send(request, **kwargs)
  File "E:\KPI_HOSTING - V2.1\venv\Lib\site-packages\requests\adapters.py", line 698, in send
    raise SSLError(e, request=request)
requests.exceptions.SSLError: HTTPSConnectionPool(host='vicprdvmwavce03.vc-ic.grpsc.net', port=443): Max retries exceeded with url: /rest/com/vmware/cis/tagging/category/id:urn:vmomi:InventoryServiceCategory:48cf60d2-37bb-434a-9812-59d66fab0014:GLOBAL (Caused by SSLError(SSLEOFError(8, '[SSL: UNEXPECTED_EOF_WHILE_READING] EOF occurred in violation of protocol (_ssl.c:1028)')))
2025-09-03 20:03:58,948 - collectors.vcenter_collector - VCENTER_NGDT_03 - ERROR - Erreur lors du traitement d'une VM : HTTPSConnectionPool(host='vicprdvmwavce03.vc-ic.grpsc.net', port=443): Max retries exceeded with url: /rest/com/vmware/cis/tagging/category/id:urn:vmomi:InventoryServiceCategory:48cf60d2-37bb-434a-9812-59d66fab0014:GLOBAL (Caused by SSLError(SSLEOFError(8, '[SSL: UNEXPECTED_EOF_WHILE_READING] EOF occurred in violation of protocol (_ssl.c:1028)')))
Traceback (most recent call last):
  File "E:\KPI_HOSTING - V2.1\venv\Lib\site-packages\urllib3\connectionpool.py", line 464, in _make_request
    self._validate_conn(conn)
    ~~~~~~~~~~~~~~~~~~~^^^^^^
  File "E:\KPI_HOSTING - V2.1\venv\Lib\site-packages\urllib3\connectionpool.py", line 1093, in _validate_conn
    conn.connect()
    ~~~~~~~~~~~~^^
  File "E:\KPI_HOSTING - V2.1\venv\Lib\site-packages\urllib3\connection.py", line 790, in connect
    sock_and_verified = _ssl_wrap_socket_and_match_hostname(
        sock=sock,
    ...<14 lines>...
        assert_fingerprint=self.assert_fingerprint,
    )
  File "E:\KPI_HOSTING - V2.1\venv\Lib\site-packages\urllib3\connection.py", line 969, in _ssl_wrap_socket_and_match_hostname
    ssl_sock = ssl_wrap_socket(
        sock=sock,
    ...<8 lines>...
        tls_in_tls=tls_in_tls,
    )
  File "E:\KPI_HOSTING - V2.1\venv\Lib\site-packages\urllib3\util\ssl_.py", line 480, in ssl_wrap_socket
    ssl_sock = _ssl_wrap_socket_impl(sock, context, tls_in_tls, server_hostname)
  File "E:\KPI_HOSTING - V2.1\venv\Lib\site-packages\urllib3\util\ssl_.py", line 524, in _ssl_wrap_socket_impl
    return ssl_context.wrap_socket(sock, server_hostname=server_hostname)
           ~~~~~~~~~~~~~~~~~~~~~~~^^^^^^^^^^^^^^^^^^^^^^^^^^^^^^^^^^^^^^^
  File "C:\Program Files\Python313\Lib\ssl.py", line 455, in wrap_socket
    return self.sslsocket_class._create(
           ~~~~~~~~~~~~~~~~~~~~~~~~~~~~^
        sock=sock,
        ^^^^^^^^^^
    ...<5 lines>...
        session=session
        ^^^^^^^^^^^^^^^
    )
    ^
  File "C:\Program Files\Python313\Lib\ssl.py", line 1076, in _create
    self.do_handshake()
    ~~~~~~~~~~~~~~~~~^^
  File "C:\Program Files\Python313\Lib\ssl.py", line 1372, in do_handshake
    self._sslobj.do_handshake()
    ~~~~~~~~~~~~~~~~~~~~~~~~~^^
ssl.SSLEOFError: [SSL: UNEXPECTED_EOF_WHILE_READING] EOF occurred in violation of protocol (_ssl.c:1028)

During handling of the above exception, another exception occurred:

Traceback (most recent call last):
  File "E:\KPI_HOSTING - V2.1\venv\Lib\site-packages\urllib3\connectionpool.py", line 787, in urlopen
    response = self._make_request(
        conn,
    ...<10 lines>...
        **response_kw,
    )
  File "E:\KPI_HOSTING - V2.1\venv\Lib\site-packages\urllib3\connectionpool.py", line 488, in _make_request
    raise new_e
urllib3.exceptions.SSLError: [SSL: UNEXPECTED_EOF_WHILE_READING] EOF occurred in violation of protocol (_ssl.c:1028)

The above exception was the direct cause of the following exception:

Traceback (most recent call last):
  File "E:\KPI_HOSTING - V2.1\venv\Lib\site-packages\requests\adapters.py", line 667, in send
    resp = conn.urlopen(
        method=request.method,
    ...<9 lines>...
        chunked=chunked,
    )
  File "E:\KPI_HOSTING - V2.1\venv\Lib\site-packages\urllib3\connectionpool.py", line 841, in urlopen
    retries = retries.increment(
        method, url, error=new_e, _pool=self, _stacktrace=sys.exc_info()[2]
    )
  File "E:\KPI_HOSTING - V2.1\venv\Lib\site-packages\urllib3\util\retry.py", line 519, in increment
    raise MaxRetryError(_pool, url, reason) from reason  # type: ignore[arg-type]
    ^^^^^^^^^^^^^^^^^^^^^^^^^^^^^^^^^^^^^^^^^^^^^^^^^^^
urllib3.exceptions.MaxRetryError: HTTPSConnectionPool(host='vicprdvmwavce03.vc-ic.grpsc.net', port=443): Max retries exceeded with url: /rest/com/vmware/cis/tagging/category/id:urn:vmomi:InventoryServiceCategory:48cf60d2-37bb-434a-9812-59d66fab0014:GLOBAL (Caused by SSLError(SSLEOFError(8, '[SSL: UNEXPECTED_EOF_WHILE_READING] EOF occurred in violation of protocol (_ssl.c:1028)')))

During handling of the above exception, another exception occurred:

Traceback (most recent call last):
  File "e:\KPI_HOSTING - V2.1\connectors\vcenter_connector.py", line 185, in process_vms_multithreaded
    vm_info = future.result()
  File "C:\Program Files\Python313\Lib\concurrent\futures\_base.py", line 449, in result
    return self.__get_result()
           ~~~~~~~~~~~~~~~~~^^
  File "C:\Program Files\Python313\Lib\concurrent\futures\_base.py", line 401, in __get_result
    raise self._exception
  File "C:\Program Files\Python313\Lib\concurrent\futures\thread.py", line 59, in run
    result = self.fn(*self.args, **self.kwargs)
  File "e:\KPI_HOSTING - V2.1\connectors\vcenter_connector.py", line 159, in process_vm_data
    vm_tags = self.get_tags_value(all_tags, vm_id, self.vcenter_url, session_id, vm_name)
  File "e:\KPI_HOSTING - V2.1\connectors\vcenter_connector.py", line 72, in get_tags_value
    tag_info = self.get_tag_info(tag, vcenter, session_id)
  File "e:\KPI_HOSTING - V2.1\connectors\vcenter_connector.py", line 88, in get_tag_info
    category_name = self.get_category_info(category_id, vcenter, session_id)
  File "e:\KPI_HOSTING - V2.1\connectors\vcenter_connector.py", line 98, in get_category_info
    response = requests.get(url, headers=headers, verify=False)
  File "E:\KPI_HOSTING - V2.1\venv\Lib\site-packages\requests\api.py", line 73, in get
    return request("get", url, params=params, **kwargs)
  File "E:\KPI_HOSTING - V2.1\venv\Lib\site-packages\requests\api.py", line 59, in request
    return session.request(method=method, url=url, **kwargs)
           ~~~~~~~~~~~~~~~^^^^^^^^^^^^^^^^^^^^^^^^^^^^^^^^^^
  File "E:\KPI_HOSTING - V2.1\venv\Lib\site-packages\requests\sessions.py", line 589, in request
    resp = self.send(prep, **send_kwargs)
  File "E:\KPI_HOSTING - V2.1\venv\Lib\site-packages\requests\sessions.py", line 703, in send
    r = adapter.send(request, **kwargs)
  File "E:\KPI_HOSTING - V2.1\venv\Lib\site-packages\requests\adapters.py", line 698, in send
    raise SSLError(e, request=request)
requests.exceptions.SSLError: HTTPSConnectionPool(host='vicprdvmwavce03.vc-ic.grpsc.net', port=443): Max retries exceeded with url: /rest/com/vmware/cis/tagging/category/id:urn:vmomi:InventoryServiceCategory:48cf60d2-37bb-434a-9812-59d66fab0014:GLOBAL (Caused by SSLError(SSLEOFError(8, '[SSL: UNEXPECTED_EOF_WHILE_READING] EOF occurred in violation of protocol (_ssl.c:1028)')))
2025-09-03 20:03:59,640 - collectors.vcenter_collector - VCENTER_NGDT_03 - ERROR - Erreur lors du traitement d'une VM : HTTPSConnectionPool(host='vicprdvmwavce03.vc-ic.grpsc.net', port=443): Max retries exceeded with url: /rest/com/vmware/cis/tagging/tag/id:urn:vmomi:InventoryServiceTag:8adff70c-b1e8-4eae-81df-cd83ed0be3a5:GLOBAL (Caused by SSLError(SSLEOFError(8, '[SSL: UNEXPECTED_EOF_WHILE_READING] EOF occurred in violation of protocol (_ssl.c:1028)')))
Traceback (most recent call last):
  File "E:\KPI_HOSTING - V2.1\venv\Lib\site-packages\urllib3\connectionpool.py", line 464, in _make_request
    self._validate_conn(conn)
    ~~~~~~~~~~~~~~~~~~~^^^^^^
  File "E:\KPI_HOSTING - V2.1\venv\Lib\site-packages\urllib3\connectionpool.py", line 1093, in _validate_conn
    conn.connect()
    ~~~~~~~~~~~~^^
  File "E:\KPI_HOSTING - V2.1\venv\Lib\site-packages\urllib3\connection.py", line 790, in connect
    sock_and_verified = _ssl_wrap_socket_and_match_hostname(
        sock=sock,
    ...<14 lines>...
        assert_fingerprint=self.assert_fingerprint,
    )
  File "E:\KPI_HOSTING - V2.1\venv\Lib\site-packages\urllib3\connection.py", line 969, in _ssl_wrap_socket_and_match_hostname
    ssl_sock = ssl_wrap_socket(
        sock=sock,
    ...<8 lines>...
        tls_in_tls=tls_in_tls,
    )
  File "E:\KPI_HOSTING - V2.1\venv\Lib\site-packages\urllib3\util\ssl_.py", line 480, in ssl_wrap_socket
    ssl_sock = _ssl_wrap_socket_impl(sock, context, tls_in_tls, server_hostname)
  File "E:\KPI_HOSTING - V2.1\venv\Lib\site-packages\urllib3\util\ssl_.py", line 524, in _ssl_wrap_socket_impl
    return ssl_context.wrap_socket(sock, server_hostname=server_hostname)
           ~~~~~~~~~~~~~~~~~~~~~~~^^^^^^^^^^^^^^^^^^^^^^^^^^^^^^^^^^^^^^^
  File "C:\Program Files\Python313\Lib\ssl.py", line 455, in wrap_socket
    return self.sslsocket_class._create(
           ~~~~~~~~~~~~~~~~~~~~~~~~~~~~^
        sock=sock,
        ^^^^^^^^^^
    ...<5 lines>...
        session=session
        ^^^^^^^^^^^^^^^
    )
    ^
  File "C:\Program Files\Python313\Lib\ssl.py", line 1076, in _create
    self.do_handshake()
    ~~~~~~~~~~~~~~~~~^^
  File "C:\Program Files\Python313\Lib\ssl.py", line 1372, in do_handshake
    self._sslobj.do_handshake()
    ~~~~~~~~~~~~~~~~~~~~~~~~~^^
ssl.SSLEOFError: [SSL: UNEXPECTED_EOF_WHILE_READING] EOF occurred in violation of protocol (_ssl.c:1028)

During handling of the above exception, another exception occurred:

Traceback (most recent call last):
  File "E:\KPI_HOSTING - V2.1\venv\Lib\site-packages\urllib3\connectionpool.py", line 787, in urlopen
    response = self._make_request(
        conn,
    ...<10 lines>...
        **response_kw,
    )
  File "E:\KPI_HOSTING - V2.1\venv\Lib\site-packages\urllib3\connectionpool.py", line 488, in _make_request
    raise new_e
urllib3.exceptions.SSLError: [SSL: UNEXPECTED_EOF_WHILE_READING] EOF occurred in violation of protocol (_ssl.c:1028)

The above exception was the direct cause of the following exception:

Traceback (most recent call last):
  File "E:\KPI_HOSTING - V2.1\venv\Lib\site-packages\requests\adapters.py", line 667, in send
    resp = conn.urlopen(
        method=request.method,
    ...<9 lines>...
        chunked=chunked,
    )
  File "E:\KPI_HOSTING - V2.1\venv\Lib\site-packages\urllib3\connectionpool.py", line 841, in urlopen
    retries = retries.increment(
        method, url, error=new_e, _pool=self, _stacktrace=sys.exc_info()[2]
    )
  File "E:\KPI_HOSTING - V2.1\venv\Lib\site-packages\urllib3\util\retry.py", line 519, in increment
    raise MaxRetryError(_pool, url, reason) from reason  # type: ignore[arg-type]
    ^^^^^^^^^^^^^^^^^^^^^^^^^^^^^^^^^^^^^^^^^^^^^^^^^^^
urllib3.exceptions.MaxRetryError: HTTPSConnectionPool(host='vicprdvmwavce03.vc-ic.grpsc.net', port=443): Max retries exceeded with url: /rest/com/vmware/cis/tagging/tag/id:urn:vmomi:InventoryServiceTag:8adff70c-b1e8-4eae-81df-cd83ed0be3a5:GLOBAL (Caused by SSLError(SSLEOFError(8, '[SSL: UNEXPECTED_EOF_WHILE_READING] EOF occurred in violation of protocol (_ssl.c:1028)')))

During handling of the above exception, another exception occurred:

Traceback (most recent call last):
  File "e:\KPI_HOSTING - V2.1\connectors\vcenter_connector.py", line 185, in process_vms_multithreaded
    vm_info = future.result()
  File "C:\Program Files\Python313\Lib\concurrent\futures\_base.py", line 449, in result
    return self.__get_result()
           ~~~~~~~~~~~~~~~~~^^
  File "C:\Program Files\Python313\Lib\concurrent\futures\_base.py", line 401, in __get_result
    raise self._exception
  File "C:\Program Files\Python313\Lib\concurrent\futures\thread.py", line 59, in run
    result = self.fn(*self.args, **self.kwargs)
  File "e:\KPI_HOSTING - V2.1\connectors\vcenter_connector.py", line 159, in process_vm_data
    vm_tags = self.get_tags_value(all_tags, vm_id, self.vcenter_url, session_id, vm_name)
  File "e:\KPI_HOSTING - V2.1\connectors\vcenter_connector.py", line 72, in get_tags_value
    tag_info = self.get_tag_info(tag, vcenter, session_id)
  File "e:\KPI_HOSTING - V2.1\connectors\vcenter_connector.py", line 83, in get_tag_info
    response = requests.get(url, headers=headers, verify=False)
  File "E:\KPI_HOSTING - V2.1\venv\Lib\site-packages\requests\api.py", line 73, in get
    return request("get", url, params=params, **kwargs)
  File "E:\KPI_HOSTING - V2.1\venv\Lib\site-packages\requests\api.py", line 59, in request
    return session.request(method=method, url=url, **kwargs)
           ~~~~~~~~~~~~~~~^^^^^^^^^^^^^^^^^^^^^^^^^^^^^^^^^^
  File "E:\KPI_HOSTING - V2.1\venv\Lib\site-packages\requests\sessions.py", line 589, in request
    resp = self.send(prep, **send_kwargs)
  File "E:\KPI_HOSTING - V2.1\venv\Lib\site-packages\requests\sessions.py", line 703, in send
    r = adapter.send(request, **kwargs)
  File "E:\KPI_HOSTING - V2.1\venv\Lib\site-packages\requests\adapters.py", line 698, in send
    raise SSLError(e, request=request)
requests.exceptions.SSLError: HTTPSConnectionPool(host='vicprdvmwavce03.vc-ic.grpsc.net', port=443): Max retries exceeded with url: /rest/com/vmware/cis/tagging/tag/id:urn:vmomi:InventoryServiceTag:8adff70c-b1e8-4eae-81df-cd83ed0be3a5:GLOBAL (Caused by SSLError(SSLEOFError(8, '[SSL: UNEXPECTED_EOF_WHILE_READING] EOF occurred in violation of protocol (_ssl.c:1028)')))
2025-09-03 20:04:00,204 - collectors.vcenter_collector - VCENTER_NGDT_03 - ERROR - Erreur lors du traitement d'une VM : HTTPSConnectionPool(host='vicprdvmwavce03.vc-ic.grpsc.net', port=443): Max retries exceeded with url: /rest/com/vmware/cis/tagging/category/id:urn:vmomi:InventoryServiceCategory:48cf60d2-37bb-434a-9812-59d66fab0014:GLOBAL (Caused by SSLError(SSLEOFError(8, '[SSL: UNEXPECTED_EOF_WHILE_READING] EOF occurred in violation of protocol (_ssl.c:1028)')))
Traceback (most recent call last):
  File "E:\KPI_HOSTING - V2.1\venv\Lib\site-packages\urllib3\connectionpool.py", line 464, in _make_request
    self._validate_conn(conn)
    ~~~~~~~~~~~~~~~~~~~^^^^^^
  File "E:\KPI_HOSTING - V2.1\venv\Lib\site-packages\urllib3\connectionpool.py", line 1093, in _validate_conn
    conn.connect()
    ~~~~~~~~~~~~^^
  File "E:\KPI_HOSTING - V2.1\venv\Lib\site-packages\urllib3\connection.py", line 790, in connect
    sock_and_verified = _ssl_wrap_socket_and_match_hostname(
        sock=sock,
    ...<14 lines>...
        assert_fingerprint=self.assert_fingerprint,
    )
  File "E:\KPI_HOSTING - V2.1\venv\Lib\site-packages\urllib3\connection.py", line 969, in _ssl_wrap_socket_and_match_hostname
    ssl_sock = ssl_wrap_socket(
        sock=sock,
    ...<8 lines>...
        tls_in_tls=tls_in_tls,
    )
  File "E:\KPI_HOSTING - V2.1\venv\Lib\site-packages\urllib3\util\ssl_.py", line 480, in ssl_wrap_socket
    ssl_sock = _ssl_wrap_socket_impl(sock, context, tls_in_tls, server_hostname)
  File "E:\KPI_HOSTING - V2.1\venv\Lib\site-packages\urllib3\util\ssl_.py", line 524, in _ssl_wrap_socket_impl
    return ssl_context.wrap_socket(sock, server_hostname=server_hostname)
           ~~~~~~~~~~~~~~~~~~~~~~~^^^^^^^^^^^^^^^^^^^^^^^^^^^^^^^^^^^^^^^
  File "C:\Program Files\Python313\Lib\ssl.py", line 455, in wrap_socket
    return self.sslsocket_class._create(
           ~~~~~~~~~~~~~~~~~~~~~~~~~~~~^
        sock=sock,
        ^^^^^^^^^^
    ...<5 lines>...
        session=session
        ^^^^^^^^^^^^^^^
    )
    ^
  File "C:\Program Files\Python313\Lib\ssl.py", line 1076, in _create
    self.do_handshake()
    ~~~~~~~~~~~~~~~~~^^
  File "C:\Program Files\Python313\Lib\ssl.py", line 1372, in do_handshake
    self._sslobj.do_handshake()
    ~~~~~~~~~~~~~~~~~~~~~~~~~^^
ssl.SSLEOFError: [SSL: UNEXPECTED_EOF_WHILE_READING] EOF occurred in violation of protocol (_ssl.c:1028)

During handling of the above exception, another exception occurred:

Traceback (most recent call last):
  File "E:\KPI_HOSTING - V2.1\venv\Lib\site-packages\urllib3\connectionpool.py", line 787, in urlopen
    response = self._make_request(
        conn,
    ...<10 lines>...
        **response_kw,
    )
  File "E:\KPI_HOSTING - V2.1\venv\Lib\site-packages\urllib3\connectionpool.py", line 488, in _make_request
    raise new_e
urllib3.exceptions.SSLError: [SSL: UNEXPECTED_EOF_WHILE_READING] EOF occurred in violation of protocol (_ssl.c:1028)

The above exception was the direct cause of the following exception:

Traceback (most recent call last):
  File "E:\KPI_HOSTING - V2.1\venv\Lib\site-packages\requests\adapters.py", line 667, in send
    resp = conn.urlopen(
        method=request.method,
    ...<9 lines>...
        chunked=chunked,
    )
  File "E:\KPI_HOSTING - V2.1\venv\Lib\site-packages\urllib3\connectionpool.py", line 841, in urlopen
    retries = retries.increment(
        method, url, error=new_e, _pool=self, _stacktrace=sys.exc_info()[2]
    )
  File "E:\KPI_HOSTING - V2.1\venv\Lib\site-packages\urllib3\util\retry.py", line 519, in increment
    raise MaxRetryError(_pool, url, reason) from reason  # type: ignore[arg-type]
    ^^^^^^^^^^^^^^^^^^^^^^^^^^^^^^^^^^^^^^^^^^^^^^^^^^^
urllib3.exceptions.MaxRetryError: HTTPSConnectionPool(host='vicprdvmwavce03.vc-ic.grpsc.net', port=443): Max retries exceeded with url: /rest/com/vmware/cis/tagging/category/id:urn:vmomi:InventoryServiceCategory:48cf60d2-37bb-434a-9812-59d66fab0014:GLOBAL (Caused by SSLError(SSLEOFError(8, '[SSL: UNEXPECTED_EOF_WHILE_READING] EOF occurred in violation of protocol (_ssl.c:1028)')))

During handling of the above exception, another exception occurred:

Traceback (most recent call last):
  File "e:\KPI_HOSTING - V2.1\connectors\vcenter_connector.py", line 185, in process_vms_multithreaded
    vm_info = future.result()
  File "C:\Program Files\Python313\Lib\concurrent\futures\_base.py", line 449, in result
    return self.__get_result()
           ~~~~~~~~~~~~~~~~~^^
  File "C:\Program Files\Python313\Lib\concurrent\futures\_base.py", line 401, in __get_result
    raise self._exception
  File "C:\Program Files\Python313\Lib\concurrent\futures\thread.py", line 59, in run
    result = self.fn(*self.args, **self.kwargs)
  File "e:\KPI_HOSTING - V2.1\connectors\vcenter_connector.py", line 159, in process_vm_data
    vm_tags = self.get_tags_value(all_tags, vm_id, self.vcenter_url, session_id, vm_name)
  File "e:\KPI_HOSTING - V2.1\connectors\vcenter_connector.py", line 72, in get_tags_value
    tag_info = self.get_tag_info(tag, vcenter, session_id)
  File "e:\KPI_HOSTING - V2.1\connectors\vcenter_connector.py", line 88, in get_tag_info
    category_name = self.get_category_info(category_id, vcenter, session_id)
  File "e:\KPI_HOSTING - V2.1\connectors\vcenter_connector.py", line 98, in get_category_info
    response = requests.get(url, headers=headers, verify=False)
  File "E:\KPI_HOSTING - V2.1\venv\Lib\site-packages\requests\api.py", line 73, in get
    return request("get", url, params=params, **kwargs)
  File "E:\KPI_HOSTING - V2.1\venv\Lib\site-packages\requests\api.py", line 59, in request
    return session.request(method=method, url=url, **kwargs)
           ~~~~~~~~~~~~~~~^^^^^^^^^^^^^^^^^^^^^^^^^^^^^^^^^^
  File "E:\KPI_HOSTING - V2.1\venv\Lib\site-packages\requests\sessions.py", line 589, in request
    resp = self.send(prep, **send_kwargs)
  File "E:\KPI_HOSTING - V2.1\venv\Lib\site-packages\requests\sessions.py", line 703, in send
    r = adapter.send(request, **kwargs)
  File "E:\KPI_HOSTING - V2.1\venv\Lib\site-packages\requests\adapters.py", line 698, in send
    raise SSLError(e, request=request)
requests.exceptions.SSLError: HTTPSConnectionPool(host='vicprdvmwavce03.vc-ic.grpsc.net', port=443): Max retries exceeded with url: /rest/com/vmware/cis/tagging/category/id:urn:vmomi:InventoryServiceCategory:48cf60d2-37bb-434a-9812-59d66fab0014:GLOBAL (Caused by SSLError(SSLEOFError(8, '[SSL: UNEXPECTED_EOF_WHILE_READING] EOF occurred in violation of protocol (_ssl.c:1028)')))
2025-09-03 20:04:00,859 - collectors.vcenter_collector - VCENTER_NGDT_03 - ERROR - Erreur lors du traitement d'une VM : HTTPSConnectionPool(host='vicprdvmwavce03.vc-ic.grpsc.net', port=443): Max retries exceeded with url: /rest/com/vmware/cis/tagging/category/id:urn:vmomi:InventoryServiceCategory:48cf60d2-37bb-434a-9812-59d66fab0014:GLOBAL (Caused by SSLError(SSLEOFError(8, '[SSL: UNEXPECTED_EOF_WHILE_READING] EOF occurred in violation of protocol (_ssl.c:1028)')))
Traceback (most recent call last):
  File "E:\KPI_HOSTING - V2.1\venv\Lib\site-packages\urllib3\connectionpool.py", line 464, in _make_request
    self._validate_conn(conn)
    ~~~~~~~~~~~~~~~~~~~^^^^^^
  File "E:\KPI_HOSTING - V2.1\venv\Lib\site-packages\urllib3\connectionpool.py", line 1093, in _validate_conn
    conn.connect()
    ~~~~~~~~~~~~^^
  File "E:\KPI_HOSTING - V2.1\venv\Lib\site-packages\urllib3\connection.py", line 790, in connect
    sock_and_verified = _ssl_wrap_socket_and_match_hostname(
        sock=sock,
    ...<14 lines>...
        assert_fingerprint=self.assert_fingerprint,
    )
  File "E:\KPI_HOSTING - V2.1\venv\Lib\site-packages\urllib3\connection.py", line 969, in _ssl_wrap_socket_and_match_hostname
    ssl_sock = ssl_wrap_socket(
        sock=sock,
    ...<8 lines>...
        tls_in_tls=tls_in_tls,
    )
  File "E:\KPI_HOSTING - V2.1\venv\Lib\site-packages\urllib3\util\ssl_.py", line 480, in ssl_wrap_socket
    ssl_sock = _ssl_wrap_socket_impl(sock, context, tls_in_tls, server_hostname)
  File "E:\KPI_HOSTING - V2.1\venv\Lib\site-packages\urllib3\util\ssl_.py", line 524, in _ssl_wrap_socket_impl
    return ssl_context.wrap_socket(sock, server_hostname=server_hostname)
           ~~~~~~~~~~~~~~~~~~~~~~~^^^^^^^^^^^^^^^^^^^^^^^^^^^^^^^^^^^^^^^
  File "C:\Program Files\Python313\Lib\ssl.py", line 455, in wrap_socket
    return self.sslsocket_class._create(
           ~~~~~~~~~~~~~~~~~~~~~~~~~~~~^
        sock=sock,
        ^^^^^^^^^^
    ...<5 lines>...
        session=session
        ^^^^^^^^^^^^^^^
    )
    ^
  File "C:\Program Files\Python313\Lib\ssl.py", line 1076, in _create
    self.do_handshake()
    ~~~~~~~~~~~~~~~~~^^
  File "C:\Program Files\Python313\Lib\ssl.py", line 1372, in do_handshake
    self._sslobj.do_handshake()
    ~~~~~~~~~~~~~~~~~~~~~~~~~^^
ssl.SSLEOFError: [SSL: UNEXPECTED_EOF_WHILE_READING] EOF occurred in violation of protocol (_ssl.c:1028)

During handling of the above exception, another exception occurred:

Traceback (most recent call last):
  File "E:\KPI_HOSTING - V2.1\venv\Lib\site-packages\urllib3\connectionpool.py", line 787, in urlopen
    response = self._make_request(
        conn,
    ...<10 lines>...
        **response_kw,
    )
  File "E:\KPI_HOSTING - V2.1\venv\Lib\site-packages\urllib3\connectionpool.py", line 488, in _make_request
    raise new_e
urllib3.exceptions.SSLError: [SSL: UNEXPECTED_EOF_WHILE_READING] EOF occurred in violation of protocol (_ssl.c:1028)

The above exception was the direct cause of the following exception:

Traceback (most recent call last):
  File "E:\KPI_HOSTING - V2.1\venv\Lib\site-packages\requests\adapters.py", line 667, in send
    resp = conn.urlopen(
        method=request.method,
    ...<9 lines>...
        chunked=chunked,
    )
  File "E:\KPI_HOSTING - V2.1\venv\Lib\site-packages\urllib3\connectionpool.py", line 841, in urlopen
    retries = retries.increment(
        method, url, error=new_e, _pool=self, _stacktrace=sys.exc_info()[2]
    )
  File "E:\KPI_HOSTING - V2.1\venv\Lib\site-packages\urllib3\util\retry.py", line 519, in increment
    raise MaxRetryError(_pool, url, reason) from reason  # type: ignore[arg-type]
    ^^^^^^^^^^^^^^^^^^^^^^^^^^^^^^^^^^^^^^^^^^^^^^^^^^^
urllib3.exceptions.MaxRetryError: HTTPSConnectionPool(host='vicprdvmwavce03.vc-ic.grpsc.net', port=443): Max retries exceeded with url: /rest/com/vmware/cis/tagging/category/id:urn:vmomi:InventoryServiceCategory:48cf60d2-37bb-434a-9812-59d66fab0014:GLOBAL (Caused by SSLError(SSLEOFError(8, '[SSL: UNEXPECTED_EOF_WHILE_READING] EOF occurred in violation of protocol (_ssl.c:1028)')))

During handling of the above exception, another exception occurred:

Traceback (most recent call last):
  File "e:\KPI_HOSTING - V2.1\connectors\vcenter_connector.py", line 185, in process_vms_multithreaded
    vm_info = future.result()
  File "C:\Program Files\Python313\Lib\concurrent\futures\_base.py", line 449, in result
    return self.__get_result()
           ~~~~~~~~~~~~~~~~~^^
  File "C:\Program Files\Python313\Lib\concurrent\futures\_base.py", line 401, in __get_result
    raise self._exception
  File "C:\Program Files\Python313\Lib\concurrent\futures\thread.py", line 59, in run
    result = self.fn(*self.args, **self.kwargs)
  File "e:\KPI_HOSTING - V2.1\connectors\vcenter_connector.py", line 159, in process_vm_data
    vm_tags = self.get_tags_value(all_tags, vm_id, self.vcenter_url, session_id, vm_name)
  File "e:\KPI_HOSTING - V2.1\connectors\vcenter_connector.py", line 72, in get_tags_value
    tag_info = self.get_tag_info(tag, vcenter, session_id)
  File "e:\KPI_HOSTING - V2.1\connectors\vcenter_connector.py", line 88, in get_tag_info
    category_name = self.get_category_info(category_id, vcenter, session_id)
  File "e:\KPI_HOSTING - V2.1\connectors\vcenter_connector.py", line 98, in get_category_info
    response = requests.get(url, headers=headers, verify=False)
  File "E:\KPI_HOSTING - V2.1\venv\Lib\site-packages\requests\api.py", line 73, in get
    return request("get", url, params=params, **kwargs)
  File "E:\KPI_HOSTING - V2.1\venv\Lib\site-packages\requests\api.py", line 59, in request
    return session.request(method=method, url=url, **kwargs)
           ~~~~~~~~~~~~~~~^^^^^^^^^^^^^^^^^^^^^^^^^^^^^^^^^^
  File "E:\KPI_HOSTING - V2.1\venv\Lib\site-packages\requests\sessions.py", line 589, in request
    resp = self.send(prep, **send_kwargs)
  File "E:\KPI_HOSTING - V2.1\venv\Lib\site-packages\requests\sessions.py", line 703, in send
    r = adapter.send(request, **kwargs)
  File "E:\KPI_HOSTING - V2.1\venv\Lib\site-packages\requests\adapters.py", line 698, in send
    raise SSLError(e, request=request)
requests.exceptions.SSLError: HTTPSConnectionPool(host='vicprdvmwavce03.vc-ic.grpsc.net', port=443): Max retries exceeded with url: /rest/com/vmware/cis/tagging/category/id:urn:vmomi:InventoryServiceCategory:48cf60d2-37bb-434a-9812-59d66fab0014:GLOBAL (Caused by SSLError(SSLEOFError(8, '[SSL: UNEXPECTED_EOF_WHILE_READING] EOF occurred in violation of protocol (_ssl.c:1028)')))
2025-09-03 20:04:01,608 - collectors.vcenter_collector - VCENTER_NGDT_03 - ERROR - Erreur lors du traitement d'une VM : HTTPSConnectionPool(host='vicprdvmwavce03.vc-ic.grpsc.net', port=443): Max retries exceeded with url: /rest/com/vmware/cis/tagging/category/id:urn:vmomi:InventoryServiceCategory:48cf60d2-37bb-434a-9812-59d66fab0014:GLOBAL (Caused by SSLError(SSLEOFError(8, '[SSL: UNEXPECTED_EOF_WHILE_READING] EOF occurred in violation of protocol (_ssl.c:1028)')))
Traceback (most recent call last):
  File "E:\KPI_HOSTING - V2.1\venv\Lib\site-packages\urllib3\connectionpool.py", line 464, in _make_request
    self._validate_conn(conn)
    ~~~~~~~~~~~~~~~~~~~^^^^^^
  File "E:\KPI_HOSTING - V2.1\venv\Lib\site-packages\urllib3\connectionpool.py", line 1093, in _validate_conn
    conn.connect()
    ~~~~~~~~~~~~^^
  File "E:\KPI_HOSTING - V2.1\venv\Lib\site-packages\urllib3\connection.py", line 790, in connect
    sock_and_verified = _ssl_wrap_socket_and_match_hostname(
        sock=sock,
    ...<14 lines>...
        assert_fingerprint=self.assert_fingerprint,
    )
  File "E:\KPI_HOSTING - V2.1\venv\Lib\site-packages\urllib3\connection.py", line 969, in _ssl_wrap_socket_and_match_hostname
    ssl_sock = ssl_wrap_socket(
        sock=sock,
    ...<8 lines>...
        tls_in_tls=tls_in_tls,
    )
  File "E:\KPI_HOSTING - V2.1\venv\Lib\site-packages\urllib3\util\ssl_.py", line 480, in ssl_wrap_socket
    ssl_sock = _ssl_wrap_socket_impl(sock, context, tls_in_tls, server_hostname)
  File "E:\KPI_HOSTING - V2.1\venv\Lib\site-packages\urllib3\util\ssl_.py", line 524, in _ssl_wrap_socket_impl
    return ssl_context.wrap_socket(sock, server_hostname=server_hostname)
           ~~~~~~~~~~~~~~~~~~~~~~~^^^^^^^^^^^^^^^^^^^^^^^^^^^^^^^^^^^^^^^
  File "C:\Program Files\Python313\Lib\ssl.py", line 455, in wrap_socket
    return self.sslsocket_class._create(
           ~~~~~~~~~~~~~~~~~~~~~~~~~~~~^
        sock=sock,
        ^^^^^^^^^^
    ...<5 lines>...
        session=session
        ^^^^^^^^^^^^^^^
    )
    ^
  File "C:\Program Files\Python313\Lib\ssl.py", line 1076, in _create
    self.do_handshake()
    ~~~~~~~~~~~~~~~~~^^
  File "C:\Program Files\Python313\Lib\ssl.py", line 1372, in do_handshake
    self._sslobj.do_handshake()
    ~~~~~~~~~~~~~~~~~~~~~~~~~^^
ssl.SSLEOFError: [SSL: UNEXPECTED_EOF_WHILE_READING] EOF occurred in violation of protocol (_ssl.c:1028)

During handling of the above exception, another exception occurred:

Traceback (most recent call last):
  File "E:\KPI_HOSTING - V2.1\venv\Lib\site-packages\urllib3\connectionpool.py", line 787, in urlopen
    response = self._make_request(
        conn,
    ...<10 lines>...
        **response_kw,
    )
  File "E:\KPI_HOSTING - V2.1\venv\Lib\site-packages\urllib3\connectionpool.py", line 488, in _make_request
    raise new_e
urllib3.exceptions.SSLError: [SSL: UNEXPECTED_EOF_WHILE_READING] EOF occurred in violation of protocol (_ssl.c:1028)

The above exception was the direct cause of the following exception:

Traceback (most recent call last):
  File "E:\KPI_HOSTING - V2.1\venv\Lib\site-packages\requests\adapters.py", line 667, in send
    resp = conn.urlopen(
        method=request.method,
    ...<9 lines>...
        chunked=chunked,
    )
  File "E:\KPI_HOSTING - V2.1\venv\Lib\site-packages\urllib3\connectionpool.py", line 841, in urlopen
    retries = retries.increment(
        method, url, error=new_e, _pool=self, _stacktrace=sys.exc_info()[2]
    )
  File "E:\KPI_HOSTING - V2.1\venv\Lib\site-packages\urllib3\util\retry.py", line 519, in increment
    raise MaxRetryError(_pool, url, reason) from reason  # type: ignore[arg-type]
    ^^^^^^^^^^^^^^^^^^^^^^^^^^^^^^^^^^^^^^^^^^^^^^^^^^^
urllib3.exceptions.MaxRetryError: HTTPSConnectionPool(host='vicprdvmwavce03.vc-ic.grpsc.net', port=443): Max retries exceeded with url: /rest/com/vmware/cis/tagging/category/id:urn:vmomi:InventoryServiceCategory:48cf60d2-37bb-434a-9812-59d66fab0014:GLOBAL (Caused by SSLError(SSLEOFError(8, '[SSL: UNEXPECTED_EOF_WHILE_READING] EOF occurred in violation of protocol (_ssl.c:1028)')))

During handling of the above exception, another exception occurred:

Traceback (most recent call last):
  File "e:\KPI_HOSTING - V2.1\connectors\vcenter_connector.py", line 185, in process_vms_multithreaded
    vm_info = future.result()
  File "C:\Program Files\Python313\Lib\concurrent\futures\_base.py", line 449, in result
    return self.__get_result()
           ~~~~~~~~~~~~~~~~~^^
  File "C:\Program Files\Python313\Lib\concurrent\futures\_base.py", line 401, in __get_result
    raise self._exception
  File "C:\Program Files\Python313\Lib\concurrent\futures\thread.py", line 59, in run
    result = self.fn(*self.args, **self.kwargs)
  File "e:\KPI_HOSTING - V2.1\connectors\vcenter_connector.py", line 159, in process_vm_data
    vm_tags = self.get_tags_value(all_tags, vm_id, self.vcenter_url, session_id, vm_name)
  File "e:\KPI_HOSTING - V2.1\connectors\vcenter_connector.py", line 72, in get_tags_value
    tag_info = self.get_tag_info(tag, vcenter, session_id)
  File "e:\KPI_HOSTING - V2.1\connectors\vcenter_connector.py", line 88, in get_tag_info
    category_name = self.get_category_info(category_id, vcenter, session_id)
  File "e:\KPI_HOSTING - V2.1\connectors\vcenter_connector.py", line 98, in get_category_info
    response = requests.get(url, headers=headers, verify=False)
  File "E:\KPI_HOSTING - V2.1\venv\Lib\site-packages\requests\api.py", line 73, in get
    return request("get", url, params=params, **kwargs)
  File "E:\KPI_HOSTING - V2.1\venv\Lib\site-packages\requests\api.py", line 59, in request
    return session.request(method=method, url=url, **kwargs)
           ~~~~~~~~~~~~~~~^^^^^^^^^^^^^^^^^^^^^^^^^^^^^^^^^^
  File "E:\KPI_HOSTING - V2.1\venv\Lib\site-packages\requests\sessions.py", line 589, in request
    resp = self.send(prep, **send_kwargs)
  File "E:\KPI_HOSTING - V2.1\venv\Lib\site-packages\requests\sessions.py", line 703, in send
    r = adapter.send(request, **kwargs)
  File "E:\KPI_HOSTING - V2.1\venv\Lib\site-packages\requests\adapters.py", line 698, in send
    raise SSLError(e, request=request)
requests.exceptions.SSLError: HTTPSConnectionPool(host='vicprdvmwavce03.vc-ic.grpsc.net', port=443): Max retries exceeded with url: /rest/com/vmware/cis/tagging/category/id:urn:vmomi:InventoryServiceCategory:48cf60d2-37bb-434a-9812-59d66fab0014:GLOBAL (Caused by SSLError(SSLEOFError(8, '[SSL: UNEXPECTED_EOF_WHILE_READING] EOF occurred in violation of protocol (_ssl.c:1028)')))
2025-09-03 20:04:02,180 - collectors.vcenter_collector - VCENTER_NGDT_03 - ERROR - Erreur lors du traitement d'une VM : HTTPSConnectionPool(host='vicprdvmwavce03.vc-ic.grpsc.net', port=443): Max retries exceeded with url: /rest/com/vmware/cis/tagging/category/id:urn:vmomi:InventoryServiceCategory:48cf60d2-37bb-434a-9812-59d66fab0014:GLOBAL (Caused by SSLError(SSLEOFError(8, '[SSL: UNEXPECTED_EOF_WHILE_READING] EOF occurred in violation of protocol (_ssl.c:1028)')))
Traceback (most recent call last):
  File "E:\KPI_HOSTING - V2.1\venv\Lib\site-packages\urllib3\connectionpool.py", line 464, in _make_request
    self._validate_conn(conn)
    ~~~~~~~~~~~~~~~~~~~^^^^^^
  File "E:\KPI_HOSTING - V2.1\venv\Lib\site-packages\urllib3\connectionpool.py", line 1093, in _validate_conn
    conn.connect()
    ~~~~~~~~~~~~^^
  File "E:\KPI_HOSTING - V2.1\venv\Lib\site-packages\urllib3\connection.py", line 790, in connect
    sock_and_verified = _ssl_wrap_socket_and_match_hostname(
        sock=sock,
    ...<14 lines>...
        assert_fingerprint=self.assert_fingerprint,
    )
  File "E:\KPI_HOSTING - V2.1\venv\Lib\site-packages\urllib3\connection.py", line 969, in _ssl_wrap_socket_and_match_hostname
    ssl_sock = ssl_wrap_socket(
        sock=sock,
    ...<8 lines>...
        tls_in_tls=tls_in_tls,
    )
  File "E:\KPI_HOSTING - V2.1\venv\Lib\site-packages\urllib3\util\ssl_.py", line 480, in ssl_wrap_socket
    ssl_sock = _ssl_wrap_socket_impl(sock, context, tls_in_tls, server_hostname)
  File "E:\KPI_HOSTING - V2.1\venv\Lib\site-packages\urllib3\util\ssl_.py", line 524, in _ssl_wrap_socket_impl
    return ssl_context.wrap_socket(sock, server_hostname=server_hostname)
           ~~~~~~~~~~~~~~~~~~~~~~~^^^^^^^^^^^^^^^^^^^^^^^^^^^^^^^^^^^^^^^
  File "C:\Program Files\Python313\Lib\ssl.py", line 455, in wrap_socket
    return self.sslsocket_class._create(
           ~~~~~~~~~~~~~~~~~~~~~~~~~~~~^
        sock=sock,
        ^^^^^^^^^^
    ...<5 lines>...
        session=session
        ^^^^^^^^^^^^^^^
    )
    ^
  File "C:\Program Files\Python313\Lib\ssl.py", line 1076, in _create
    self.do_handshake()
    ~~~~~~~~~~~~~~~~~^^
  File "C:\Program Files\Python313\Lib\ssl.py", line 1372, in do_handshake
    self._sslobj.do_handshake()
    ~~~~~~~~~~~~~~~~~~~~~~~~~^^
ssl.SSLEOFError: [SSL: UNEXPECTED_EOF_WHILE_READING] EOF occurred in violation of protocol (_ssl.c:1028)

During handling of the above exception, another exception occurred:

Traceback (most recent call last):
  File "E:\KPI_HOSTING - V2.1\venv\Lib\site-packages\urllib3\connectionpool.py", line 787, in urlopen
    response = self._make_request(
        conn,
    ...<10 lines>...
        **response_kw,
    )
  File "E:\KPI_HOSTING - V2.1\venv\Lib\site-packages\urllib3\connectionpool.py", line 488, in _make_request
    raise new_e
urllib3.exceptions.SSLError: [SSL: UNEXPECTED_EOF_WHILE_READING] EOF occurred in violation of protocol (_ssl.c:1028)

The above exception was the direct cause of the following exception:

Traceback (most recent call last):
  File "E:\KPI_HOSTING - V2.1\venv\Lib\site-packages\requests\adapters.py", line 667, in send
    resp = conn.urlopen(
        method=request.method,
    ...<9 lines>...
        chunked=chunked,
    )
  File "E:\KPI_HOSTING - V2.1\venv\Lib\site-packages\urllib3\connectionpool.py", line 841, in urlopen
    retries = retries.increment(
        method, url, error=new_e, _pool=self, _stacktrace=sys.exc_info()[2]
    )
  File "E:\KPI_HOSTING - V2.1\venv\Lib\site-packages\urllib3\util\retry.py", line 519, in increment
    raise MaxRetryError(_pool, url, reason) from reason  # type: ignore[arg-type]
    ^^^^^^^^^^^^^^^^^^^^^^^^^^^^^^^^^^^^^^^^^^^^^^^^^^^
urllib3.exceptions.MaxRetryError: HTTPSConnectionPool(host='vicprdvmwavce03.vc-ic.grpsc.net', port=443): Max retries exceeded with url: /rest/com/vmware/cis/tagging/category/id:urn:vmomi:InventoryServiceCategory:48cf60d2-37bb-434a-9812-59d66fab0014:GLOBAL (Caused by SSLError(SSLEOFError(8, '[SSL: UNEXPECTED_EOF_WHILE_READING] EOF occurred in violation of protocol (_ssl.c:1028)')))

During handling of the above exception, another exception occurred:

Traceback (most recent call last):
  File "e:\KPI_HOSTING - V2.1\connectors\vcenter_connector.py", line 185, in process_vms_multithreaded
    vm_info = future.result()
  File "C:\Program Files\Python313\Lib\concurrent\futures\_base.py", line 449, in result
    return self.__get_result()
           ~~~~~~~~~~~~~~~~~^^
  File "C:\Program Files\Python313\Lib\concurrent\futures\_base.py", line 401, in __get_result
    raise self._exception
  File "C:\Program Files\Python313\Lib\concurrent\futures\thread.py", line 59, in run
    result = self.fn(*self.args, **self.kwargs)
  File "e:\KPI_HOSTING - V2.1\connectors\vcenter_connector.py", line 159, in process_vm_data
    vm_tags = self.get_tags_value(all_tags, vm_id, self.vcenter_url, session_id, vm_name)
  File "e:\KPI_HOSTING - V2.1\connectors\vcenter_connector.py", line 72, in get_tags_value
    tag_info = self.get_tag_info(tag, vcenter, session_id)
  File "e:\KPI_HOSTING - V2.1\connectors\vcenter_connector.py", line 88, in get_tag_info
    category_name = self.get_category_info(category_id, vcenter, session_id)
  File "e:\KPI_HOSTING - V2.1\connectors\vcenter_connector.py", line 98, in get_category_info
    response = requests.get(url, headers=headers, verify=False)
  File "E:\KPI_HOSTING - V2.1\venv\Lib\site-packages\requests\api.py", line 73, in get
    return request("get", url, params=params, **kwargs)
  File "E:\KPI_HOSTING - V2.1\venv\Lib\site-packages\requests\api.py", line 59, in request
    return session.request(method=method, url=url, **kwargs)
           ~~~~~~~~~~~~~~~^^^^^^^^^^^^^^^^^^^^^^^^^^^^^^^^^^
  File "E:\KPI_HOSTING - V2.1\venv\Lib\site-packages\requests\sessions.py", line 589, in request
    resp = self.send(prep, **send_kwargs)
  File "E:\KPI_HOSTING - V2.1\venv\Lib\site-packages\requests\sessions.py", line 703, in send
    r = adapter.send(request, **kwargs)
  File "E:\KPI_HOSTING - V2.1\venv\Lib\site-packages\requests\adapters.py", line 698, in send
    raise SSLError(e, request=request)
requests.exceptions.SSLError: HTTPSConnectionPool(host='vicprdvmwavce03.vc-ic.grpsc.net', port=443): Max retries exceeded with url: /rest/com/vmware/cis/tagging/category/id:urn:vmomi:InventoryServiceCategory:48cf60d2-37bb-434a-9812-59d66fab0014:GLOBAL (Caused by SSLError(SSLEOFError(8, '[SSL: UNEXPECTED_EOF_WHILE_READING] EOF occurred in violation of protocol (_ssl.c:1028)')))
2025-09-03 20:04:02,830 - collectors.vcenter_collector - VCENTER_NGDT_03 - ERROR - Erreur lors du traitement d'une VM : HTTPSConnectionPool(host='vicprdvmwavce03.vc-ic.grpsc.net', port=443): Max retries exceeded with url: /rest/vcenter/vm/vm-178874 (Caused by SSLError(SSLEOFError(8, '[SSL: UNEXPECTED_EOF_WHILE_READING] EOF occurred in violation of protocol (_ssl.c:1028)')))
Traceback (most recent call last):
  File "E:\KPI_HOSTING - V2.1\venv\Lib\site-packages\urllib3\connectionpool.py", line 464, in _make_request
    self._validate_conn(conn)
    ~~~~~~~~~~~~~~~~~~~^^^^^^
  File "E:\KPI_HOSTING - V2.1\venv\Lib\site-packages\urllib3\connectionpool.py", line 1093, in _validate_conn
    conn.connect()
    ~~~~~~~~~~~~^^
  File "E:\KPI_HOSTING - V2.1\venv\Lib\site-packages\urllib3\connection.py", line 790, in connect
    sock_and_verified = _ssl_wrap_socket_and_match_hostname(
        sock=sock,
    ...<14 lines>...
        assert_fingerprint=self.assert_fingerprint,
    )
  File "E:\KPI_HOSTING - V2.1\venv\Lib\site-packages\urllib3\connection.py", line 969, in _ssl_wrap_socket_and_match_hostname
    ssl_sock = ssl_wrap_socket(
        sock=sock,
    ...<8 lines>...
        tls_in_tls=tls_in_tls,
    )
  File "E:\KPI_HOSTING - V2.1\venv\Lib\site-packages\urllib3\util\ssl_.py", line 480, in ssl_wrap_socket
    ssl_sock = _ssl_wrap_socket_impl(sock, context, tls_in_tls, server_hostname)
  File "E:\KPI_HOSTING - V2.1\venv\Lib\site-packages\urllib3\util\ssl_.py", line 524, in _ssl_wrap_socket_impl
    return ssl_context.wrap_socket(sock, server_hostname=server_hostname)
           ~~~~~~~~~~~~~~~~~~~~~~~^^^^^^^^^^^^^^^^^^^^^^^^^^^^^^^^^^^^^^^
  File "C:\Program Files\Python313\Lib\ssl.py", line 455, in wrap_socket
    return self.sslsocket_class._create(
           ~~~~~~~~~~~~~~~~~~~~~~~~~~~~^
        sock=sock,
        ^^^^^^^^^^
    ...<5 lines>...
        session=session
        ^^^^^^^^^^^^^^^
    )
    ^
  File "C:\Program Files\Python313\Lib\ssl.py", line 1076, in _create
    self.do_handshake()
    ~~~~~~~~~~~~~~~~~^^
  File "C:\Program Files\Python313\Lib\ssl.py", line 1372, in do_handshake
    self._sslobj.do_handshake()
    ~~~~~~~~~~~~~~~~~~~~~~~~~^^
ssl.SSLEOFError: [SSL: UNEXPECTED_EOF_WHILE_READING] EOF occurred in violation of protocol (_ssl.c:1028)

During handling of the above exception, another exception occurred:

Traceback (most recent call last):
  File "E:\KPI_HOSTING - V2.1\venv\Lib\site-packages\urllib3\connectionpool.py", line 787, in urlopen
    response = self._make_request(
        conn,
    ...<10 lines>...
        **response_kw,
    )
  File "E:\KPI_HOSTING - V2.1\venv\Lib\site-packages\urllib3\connectionpool.py", line 488, in _make_request
    raise new_e
urllib3.exceptions.SSLError: [SSL: UNEXPECTED_EOF_WHILE_READING] EOF occurred in violation of protocol (_ssl.c:1028)

The above exception was the direct cause of the following exception:

Traceback (most recent call last):
  File "E:\KPI_HOSTING - V2.1\venv\Lib\site-packages\requests\adapters.py", line 667, in send
    resp = conn.urlopen(
        method=request.method,
    ...<9 lines>...
        chunked=chunked,
    )
  File "E:\KPI_HOSTING - V2.1\venv\Lib\site-packages\urllib3\connectionpool.py", line 841, in urlopen
    retries = retries.increment(
        method, url, error=new_e, _pool=self, _stacktrace=sys.exc_info()[2]
    )
  File "E:\KPI_HOSTING - V2.1\venv\Lib\site-packages\urllib3\util\retry.py", line 519, in increment
    raise MaxRetryError(_pool, url, reason) from reason  # type: ignore[arg-type]
    ^^^^^^^^^^^^^^^^^^^^^^^^^^^^^^^^^^^^^^^^^^^^^^^^^^^
urllib3.exceptions.MaxRetryError: HTTPSConnectionPool(host='vicprdvmwavce03.vc-ic.grpsc.net', port=443): Max retries exceeded with url: /rest/vcenter/vm/vm-178874 (Caused by SSLError(SSLEOFError(8, '[SSL: UNEXPECTED_EOF_WHILE_READING] EOF occurred in violation of protocol (_ssl.c:1028)')))

During handling of the above exception, another exception occurred:

Traceback (most recent call last):
  File "e:\KPI_HOSTING - V2.1\connectors\vcenter_connector.py", line 185, in process_vms_multithreaded
    vm_info = future.result()
  File "C:\Program Files\Python313\Lib\concurrent\futures\_base.py", line 449, in result
    return self.__get_result()
           ~~~~~~~~~~~~~~~~~^^
  File "C:\Program Files\Python313\Lib\concurrent\futures\_base.py", line 401, in __get_result
    raise self._exception
  File "C:\Program Files\Python313\Lib\concurrent\futures\thread.py", line 59, in run
    result = self.fn(*self.args, **self.kwargs)
  File "e:\KPI_HOSTING - V2.1\connectors\vcenter_connector.py", line 158, in process_vm_data
    vm_info = self.get_vm_info(vm_id, self.vcenter_url, session_id, vm_name)
  File "e:\KPI_HOSTING - V2.1\connectors\vcenter_connector.py", line 55, in get_vm_info
    response = requests.get(url, headers=headers, verify=False)
  File "E:\KPI_HOSTING - V2.1\venv\Lib\site-packages\requests\api.py", line 73, in get
    return request("get", url, params=params, **kwargs)
  File "E:\KPI_HOSTING - V2.1\venv\Lib\site-packages\requests\api.py", line 59, in request
    return session.request(method=method, url=url, **kwargs)
           ~~~~~~~~~~~~~~~^^^^^^^^^^^^^^^^^^^^^^^^^^^^^^^^^^
  File "E:\KPI_HOSTING - V2.1\venv\Lib\site-packages\requests\sessions.py", line 589, in request
    resp = self.send(prep, **send_kwargs)
  File "E:\KPI_HOSTING - V2.1\venv\Lib\site-packages\requests\sessions.py", line 703, in send
    r = adapter.send(request, **kwargs)
  File "E:\KPI_HOSTING - V2.1\venv\Lib\site-packages\requests\adapters.py", line 698, in send
    raise SSLError(e, request=request)
requests.exceptions.SSLError: HTTPSConnectionPool(host='vicprdvmwavce03.vc-ic.grpsc.net', port=443): Max retries exceeded with url: /rest/vcenter/vm/vm-178874 (Caused by SSLError(SSLEOFError(8, '[SSL: UNEXPECTED_EOF_WHILE_READING] EOF occurred in violation of protocol (_ssl.c:1028)')))
2025-09-03 20:04:03,446 - collectors.vcenter_collector - VCENTER_NGDT_03 - ERROR - Erreur lors du traitement d'une VM : HTTPSConnectionPool(host='vicprdvmwavce03.vc-ic.grpsc.net', port=443): Max retries exceeded with url: /rest/com/vmware/cis/tagging/category/id:urn:vmomi:InventoryServiceCategory:48cf60d2-37bb-434a-9812-59d66fab0014:GLOBAL (Caused by SSLError(SSLEOFError(8, '[SSL: UNEXPECTED_EOF_WHILE_READING] EOF occurred in violation of protocol (_ssl.c:1028)')))
Traceback (most recent call last):
  File "E:\KPI_HOSTING - V2.1\venv\Lib\site-packages\urllib3\connectionpool.py", line 464, in _make_request
    self._validate_conn(conn)
    ~~~~~~~~~~~~~~~~~~~^^^^^^
  File "E:\KPI_HOSTING - V2.1\venv\Lib\site-packages\urllib3\connectionpool.py", line 1093, in _validate_conn
    conn.connect()
    ~~~~~~~~~~~~^^
  File "E:\KPI_HOSTING - V2.1\venv\Lib\site-packages\urllib3\connection.py", line 790, in connect
    sock_and_verified = _ssl_wrap_socket_and_match_hostname(
        sock=sock,
    ...<14 lines>...
        assert_fingerprint=self.assert_fingerprint,
    )
  File "E:\KPI_HOSTING - V2.1\venv\Lib\site-packages\urllib3\connection.py", line 969, in _ssl_wrap_socket_and_match_hostname
    ssl_sock = ssl_wrap_socket(
        sock=sock,
    ...<8 lines>...
        tls_in_tls=tls_in_tls,
    )
  File "E:\KPI_HOSTING - V2.1\venv\Lib\site-packages\urllib3\util\ssl_.py", line 480, in ssl_wrap_socket
    ssl_sock = _ssl_wrap_socket_impl(sock, context, tls_in_tls, server_hostname)
  File "E:\KPI_HOSTING - V2.1\venv\Lib\site-packages\urllib3\util\ssl_.py", line 524, in _ssl_wrap_socket_impl
    return ssl_context.wrap_socket(sock, server_hostname=server_hostname)
           ~~~~~~~~~~~~~~~~~~~~~~~^^^^^^^^^^^^^^^^^^^^^^^^^^^^^^^^^^^^^^^
  File "C:\Program Files\Python313\Lib\ssl.py", line 455, in wrap_socket
    return self.sslsocket_class._create(
           ~~~~~~~~~~~~~~~~~~~~~~~~~~~~^
        sock=sock,
        ^^^^^^^^^^
    ...<5 lines>...
        session=session
        ^^^^^^^^^^^^^^^
    )
    ^
  File "C:\Program Files\Python313\Lib\ssl.py", line 1076, in _create
    self.do_handshake()
    ~~~~~~~~~~~~~~~~~^^
  File "C:\Program Files\Python313\Lib\ssl.py", line 1372, in do_handshake
    self._sslobj.do_handshake()
    ~~~~~~~~~~~~~~~~~~~~~~~~~^^
ssl.SSLEOFError: [SSL: UNEXPECTED_EOF_WHILE_READING] EOF occurred in violation of protocol (_ssl.c:1028)

During handling of the above exception, another exception occurred:

Traceback (most recent call last):
  File "E:\KPI_HOSTING - V2.1\venv\Lib\site-packages\urllib3\connectionpool.py", line 787, in urlopen
    response = self._make_request(
        conn,
    ...<10 lines>...
        **response_kw,
    )
  File "E:\KPI_HOSTING - V2.1\venv\Lib\site-packages\urllib3\connectionpool.py", line 488, in _make_request
    raise new_e
urllib3.exceptions.SSLError: [SSL: UNEXPECTED_EOF_WHILE_READING] EOF occurred in violation of protocol (_ssl.c:1028)

The above exception was the direct cause of the following exception:

Traceback (most recent call last):
  File "E:\KPI_HOSTING - V2.1\venv\Lib\site-packages\requests\adapters.py", line 667, in send
    resp = conn.urlopen(
        method=request.method,
    ...<9 lines>...
        chunked=chunked,
    )
  File "E:\KPI_HOSTING - V2.1\venv\Lib\site-packages\urllib3\connectionpool.py", line 841, in urlopen
    retries = retries.increment(
        method, url, error=new_e, _pool=self, _stacktrace=sys.exc_info()[2]
    )
  File "E:\KPI_HOSTING - V2.1\venv\Lib\site-packages\urllib3\util\retry.py", line 519, in increment
    raise MaxRetryError(_pool, url, reason) from reason  # type: ignore[arg-type]
    ^^^^^^^^^^^^^^^^^^^^^^^^^^^^^^^^^^^^^^^^^^^^^^^^^^^
urllib3.exceptions.MaxRetryError: HTTPSConnectionPool(host='vicprdvmwavce03.vc-ic.grpsc.net', port=443): Max retries exceeded with url: /rest/com/vmware/cis/tagging/category/id:urn:vmomi:InventoryServiceCategory:48cf60d2-37bb-434a-9812-59d66fab0014:GLOBAL (Caused by SSLError(SSLEOFError(8, '[SSL: UNEXPECTED_EOF_WHILE_READING] EOF occurred in violation of protocol (_ssl.c:1028)')))

During handling of the above exception, another exception occurred:

Traceback (most recent call last):
  File "e:\KPI_HOSTING - V2.1\connectors\vcenter_connector.py", line 185, in process_vms_multithreaded
    vm_info = future.result()
  File "C:\Program Files\Python313\Lib\concurrent\futures\_base.py", line 449, in result
    return self.__get_result()
           ~~~~~~~~~~~~~~~~~^^
  File "C:\Program Files\Python313\Lib\concurrent\futures\_base.py", line 401, in __get_result
    raise self._exception
  File "C:\Program Files\Python313\Lib\concurrent\futures\thread.py", line 59, in run
    result = self.fn(*self.args, **self.kwargs)
  File "e:\KPI_HOSTING - V2.1\connectors\vcenter_connector.py", line 159, in process_vm_data
    vm_tags = self.get_tags_value(all_tags, vm_id, self.vcenter_url, session_id, vm_name)
  File "e:\KPI_HOSTING - V2.1\connectors\vcenter_connector.py", line 72, in get_tags_value
    tag_info = self.get_tag_info(tag, vcenter, session_id)
  File "e:\KPI_HOSTING - V2.1\connectors\vcenter_connector.py", line 88, in get_tag_info
    category_name = self.get_category_info(category_id, vcenter, session_id)
  File "e:\KPI_HOSTING - V2.1\connectors\vcenter_connector.py", line 98, in get_category_info
    response = requests.get(url, headers=headers, verify=False)
  File "E:\KPI_HOSTING - V2.1\venv\Lib\site-packages\requests\api.py", line 73, in get
    return request("get", url, params=params, **kwargs)
  File "E:\KPI_HOSTING - V2.1\venv\Lib\site-packages\requests\api.py", line 59, in request
    return session.request(method=method, url=url, **kwargs)
           ~~~~~~~~~~~~~~~^^^^^^^^^^^^^^^^^^^^^^^^^^^^^^^^^^
  File "E:\KPI_HOSTING - V2.1\venv\Lib\site-packages\requests\sessions.py", line 589, in request
    resp = self.send(prep, **send_kwargs)
  File "E:\KPI_HOSTING - V2.1\venv\Lib\site-packages\requests\sessions.py", line 703, in send
    r = adapter.send(request, **kwargs)
  File "E:\KPI_HOSTING - V2.1\venv\Lib\site-packages\requests\adapters.py", line 698, in send
    raise SSLError(e, request=request)
requests.exceptions.SSLError: HTTPSConnectionPool(host='vicprdvmwavce03.vc-ic.grpsc.net', port=443): Max retries exceeded with url: /rest/com/vmware/cis/tagging/category/id:urn:vmomi:InventoryServiceCategory:48cf60d2-37bb-434a-9812-59d66fab0014:GLOBAL (Caused by SSLError(SSLEOFError(8, '[SSL: UNEXPECTED_EOF_WHILE_READING] EOF occurred in violation of protocol (_ssl.c:1028)')))
2025-09-03 20:04:03,909 - collectors.vcenter_collector - VCENTER_NGDT_03 - ERROR - Erreur lors du traitement d'une VM : HTTPSConnectionPool(host='vicprdvmwavce03.vc-ic.grpsc.net', port=443): Max retries exceeded with url: /rest/com/vmware/cis/tagging/category/id:urn:vmomi:InventoryServiceCategory:7a7b2e29-f15b-46e9-9b9c-31fd0df74a1c:GLOBAL (Caused by SSLError(SSLEOFError(8, '[SSL: UNEXPECTED_EOF_WHILE_READING] EOF occurred in violation of protocol (_ssl.c:1028)')))
Traceback (most recent call last):
  File "E:\KPI_HOSTING - V2.1\venv\Lib\site-packages\urllib3\connectionpool.py", line 464, in _make_request
    self._validate_conn(conn)
    ~~~~~~~~~~~~~~~~~~~^^^^^^
  File "E:\KPI_HOSTING - V2.1\venv\Lib\site-packages\urllib3\connectionpool.py", line 1093, in _validate_conn
    conn.connect()
    ~~~~~~~~~~~~^^
  File "E:\KPI_HOSTING - V2.1\venv\Lib\site-packages\urllib3\connection.py", line 790, in connect
    sock_and_verified = _ssl_wrap_socket_and_match_hostname(
        sock=sock,
    ...<14 lines>...
        assert_fingerprint=self.assert_fingerprint,
    )
  File "E:\KPI_HOSTING - V2.1\venv\Lib\site-packages\urllib3\connection.py", line 969, in _ssl_wrap_socket_and_match_hostname
    ssl_sock = ssl_wrap_socket(
        sock=sock,
    ...<8 lines>...
        tls_in_tls=tls_in_tls,
    )
  File "E:\KPI_HOSTING - V2.1\venv\Lib\site-packages\urllib3\util\ssl_.py", line 480, in ssl_wrap_socket
    ssl_sock = _ssl_wrap_socket_impl(sock, context, tls_in_tls, server_hostname)
  File "E:\KPI_HOSTING - V2.1\venv\Lib\site-packages\urllib3\util\ssl_.py", line 524, in _ssl_wrap_socket_impl
    return ssl_context.wrap_socket(sock, server_hostname=server_hostname)
           ~~~~~~~~~~~~~~~~~~~~~~~^^^^^^^^^^^^^^^^^^^^^^^^^^^^^^^^^^^^^^^
  File "C:\Program Files\Python313\Lib\ssl.py", line 455, in wrap_socket
    return self.sslsocket_class._create(
           ~~~~~~~~~~~~~~~~~~~~~~~~~~~~^
        sock=sock,
        ^^^^^^^^^^
    ...<5 lines>...
        session=session
        ^^^^^^^^^^^^^^^
    )
    ^
  File "C:\Program Files\Python313\Lib\ssl.py", line 1076, in _create
    self.do_handshake()
    ~~~~~~~~~~~~~~~~~^^
  File "C:\Program Files\Python313\Lib\ssl.py", line 1372, in do_handshake
    self._sslobj.do_handshake()
    ~~~~~~~~~~~~~~~~~~~~~~~~~^^
ssl.SSLEOFError: [SSL: UNEXPECTED_EOF_WHILE_READING] EOF occurred in violation of protocol (_ssl.c:1028)

During handling of the above exception, another exception occurred:

Traceback (most recent call last):
  File "E:\KPI_HOSTING - V2.1\venv\Lib\site-packages\urllib3\connectionpool.py", line 787, in urlopen
    response = self._make_request(
        conn,
    ...<10 lines>...
        **response_kw,
    )
  File "E:\KPI_HOSTING - V2.1\venv\Lib\site-packages\urllib3\connectionpool.py", line 488, in _make_request
    raise new_e
urllib3.exceptions.SSLError: [SSL: UNEXPECTED_EOF_WHILE_READING] EOF occurred in violation of protocol (_ssl.c:1028)

The above exception was the direct cause of the following exception:

Traceback (most recent call last):
  File "E:\KPI_HOSTING - V2.1\venv\Lib\site-packages\requests\adapters.py", line 667, in send
    resp = conn.urlopen(
        method=request.method,
    ...<9 lines>...
        chunked=chunked,
    )
  File "E:\KPI_HOSTING - V2.1\venv\Lib\site-packages\urllib3\connectionpool.py", line 841, in urlopen
    retries = retries.increment(
        method, url, error=new_e, _pool=self, _stacktrace=sys.exc_info()[2]
    )
  File "E:\KPI_HOSTING - V2.1\venv\Lib\site-packages\urllib3\util\retry.py", line 519, in increment
    raise MaxRetryError(_pool, url, reason) from reason  # type: ignore[arg-type]
    ^^^^^^^^^^^^^^^^^^^^^^^^^^^^^^^^^^^^^^^^^^^^^^^^^^^
urllib3.exceptions.MaxRetryError: HTTPSConnectionPool(host='vicprdvmwavce03.vc-ic.grpsc.net', port=443): Max retries exceeded with url: /rest/com/vmware/cis/tagging/category/id:urn:vmomi:InventoryServiceCategory:7a7b2e29-f15b-46e9-9b9c-31fd0df74a1c:GLOBAL (Caused by SSLError(SSLEOFError(8, '[SSL: UNEXPECTED_EOF_WHILE_READING] EOF occurred in violation of protocol (_ssl.c:1028)')))

During handling of the above exception, another exception occurred:

Traceback (most recent call last):
  File "e:\KPI_HOSTING - V2.1\connectors\vcenter_connector.py", line 185, in process_vms_multithreaded
    vm_info = future.result()
  File "C:\Program Files\Python313\Lib\concurrent\futures\_base.py", line 449, in result
    return self.__get_result()
           ~~~~~~~~~~~~~~~~~^^
  File "C:\Program Files\Python313\Lib\concurrent\futures\_base.py", line 401, in __get_result
    raise self._exception
  File "C:\Program Files\Python313\Lib\concurrent\futures\thread.py", line 59, in run
    result = self.fn(*self.args, **self.kwargs)
  File "e:\KPI_HOSTING - V2.1\connectors\vcenter_connector.py", line 159, in process_vm_data
    vm_tags = self.get_tags_value(all_tags, vm_id, self.vcenter_url, session_id, vm_name)
  File "e:\KPI_HOSTING - V2.1\connectors\vcenter_connector.py", line 72, in get_tags_value
    tag_info = self.get_tag_info(tag, vcenter, session_id)
  File "e:\KPI_HOSTING - V2.1\connectors\vcenter_connector.py", line 88, in get_tag_info
    category_name = self.get_category_info(category_id, vcenter, session_id)
  File "e:\KPI_HOSTING - V2.1\connectors\vcenter_connector.py", line 98, in get_category_info
    response = requests.get(url, headers=headers, verify=False)
  File "E:\KPI_HOSTING - V2.1\venv\Lib\site-packages\requests\api.py", line 73, in get
    return request("get", url, params=params, **kwargs)
  File "E:\KPI_HOSTING - V2.1\venv\Lib\site-packages\requests\api.py", line 59, in request
    return session.request(method=method, url=url, **kwargs)
           ~~~~~~~~~~~~~~~^^^^^^^^^^^^^^^^^^^^^^^^^^^^^^^^^^
  File "E:\KPI_HOSTING - V2.1\venv\Lib\site-packages\requests\sessions.py", line 589, in request
    resp = self.send(prep, **send_kwargs)
  File "E:\KPI_HOSTING - V2.1\venv\Lib\site-packages\requests\sessions.py", line 703, in send
    r = adapter.send(request, **kwargs)
  File "E:\KPI_HOSTING - V2.1\venv\Lib\site-packages\requests\adapters.py", line 698, in send
    raise SSLError(e, request=request)
requests.exceptions.SSLError: HTTPSConnectionPool(host='vicprdvmwavce03.vc-ic.grpsc.net', port=443): Max retries exceeded with url: /rest/com/vmware/cis/tagging/category/id:urn:vmomi:InventoryServiceCategory:7a7b2e29-f15b-46e9-9b9c-31fd0df74a1c:GLOBAL (Caused by SSLError(SSLEOFError(8, '[SSL: UNEXPECTED_EOF_WHILE_READING] EOF occurred in violation of protocol (_ssl.c:1028)')))
2025-09-03 20:04:04,612 - collectors.vcenter_collector - VCENTER_NGDT_03 - ERROR - Erreur lors du traitement d'une VM : HTTPSConnectionPool(host='vicprdvmwavce03.vc-ic.grpsc.net', port=443): Max retries exceeded with url: /rest/com/vmware/cis/tagging/category/id:urn:vmomi:InventoryServiceCategory:29cd4c2c-23be-41cd-8379-bebe11c21ac1:GLOBAL (Caused by SSLError(SSLEOFError(8, '[SSL: UNEXPECTED_EOF_WHILE_READING] EOF occurred in violation of protocol (_ssl.c:1028)')))
Traceback (most recent call last):
  File "E:\KPI_HOSTING - V2.1\venv\Lib\site-packages\urllib3\connectionpool.py", line 464, in _make_request
    self._validate_conn(conn)
    ~~~~~~~~~~~~~~~~~~~^^^^^^
  File "E:\KPI_HOSTING - V2.1\venv\Lib\site-packages\urllib3\connectionpool.py", line 1093, in _validate_conn
    conn.connect()
    ~~~~~~~~~~~~^^
  File "E:\KPI_HOSTING - V2.1\venv\Lib\site-packages\urllib3\connection.py", line 790, in connect
    sock_and_verified = _ssl_wrap_socket_and_match_hostname(
        sock=sock,
    ...<14 lines>...
        assert_fingerprint=self.assert_fingerprint,
    )
  File "E:\KPI_HOSTING - V2.1\venv\Lib\site-packages\urllib3\connection.py", line 969, in _ssl_wrap_socket_and_match_hostname
    ssl_sock = ssl_wrap_socket(
        sock=sock,
    ...<8 lines>...
        tls_in_tls=tls_in_tls,
    )
  File "E:\KPI_HOSTING - V2.1\venv\Lib\site-packages\urllib3\util\ssl_.py", line 480, in ssl_wrap_socket
    ssl_sock = _ssl_wrap_socket_impl(sock, context, tls_in_tls, server_hostname)
  File "E:\KPI_HOSTING - V2.1\venv\Lib\site-packages\urllib3\util\ssl_.py", line 524, in _ssl_wrap_socket_impl
    return ssl_context.wrap_socket(sock, server_hostname=server_hostname)
           ~~~~~~~~~~~~~~~~~~~~~~~^^^^^^^^^^^^^^^^^^^^^^^^^^^^^^^^^^^^^^^
  File "C:\Program Files\Python313\Lib\ssl.py", line 455, in wrap_socket
    return self.sslsocket_class._create(
           ~~~~~~~~~~~~~~~~~~~~~~~~~~~~^
        sock=sock,
        ^^^^^^^^^^
    ...<5 lines>...
        session=session
        ^^^^^^^^^^^^^^^
    )
    ^
  File "C:\Program Files\Python313\Lib\ssl.py", line 1076, in _create
    self.do_handshake()
    ~~~~~~~~~~~~~~~~~^^
  File "C:\Program Files\Python313\Lib\ssl.py", line 1372, in do_handshake
    self._sslobj.do_handshake()
    ~~~~~~~~~~~~~~~~~~~~~~~~~^^
ssl.SSLEOFError: [SSL: UNEXPECTED_EOF_WHILE_READING] EOF occurred in violation of protocol (_ssl.c:1028)

During handling of the above exception, another exception occurred:

Traceback (most recent call last):
  File "E:\KPI_HOSTING - V2.1\venv\Lib\site-packages\urllib3\connectionpool.py", line 787, in urlopen
    response = self._make_request(
        conn,
    ...<10 lines>...
        **response_kw,
    )
  File "E:\KPI_HOSTING - V2.1\venv\Lib\site-packages\urllib3\connectionpool.py", line 488, in _make_request
    raise new_e
urllib3.exceptions.SSLError: [SSL: UNEXPECTED_EOF_WHILE_READING] EOF occurred in violation of protocol (_ssl.c:1028)

The above exception was the direct cause of the following exception:

Traceback (most recent call last):
  File "E:\KPI_HOSTING - V2.1\venv\Lib\site-packages\requests\adapters.py", line 667, in send
    resp = conn.urlopen(
        method=request.method,
    ...<9 lines>...
        chunked=chunked,
    )
  File "E:\KPI_HOSTING - V2.1\venv\Lib\site-packages\urllib3\connectionpool.py", line 841, in urlopen
    retries = retries.increment(
        method, url, error=new_e, _pool=self, _stacktrace=sys.exc_info()[2]
    )
  File "E:\KPI_HOSTING - V2.1\venv\Lib\site-packages\urllib3\util\retry.py", line 519, in increment
    raise MaxRetryError(_pool, url, reason) from reason  # type: ignore[arg-type]
    ^^^^^^^^^^^^^^^^^^^^^^^^^^^^^^^^^^^^^^^^^^^^^^^^^^^
urllib3.exceptions.MaxRetryError: HTTPSConnectionPool(host='vicprdvmwavce03.vc-ic.grpsc.net', port=443): Max retries exceeded with url: /rest/com/vmware/cis/tagging/category/id:urn:vmomi:InventoryServiceCategory:29cd4c2c-23be-41cd-8379-bebe11c21ac1:GLOBAL (Caused by SSLError(SSLEOFError(8, '[SSL: UNEXPECTED_EOF_WHILE_READING] EOF occurred in violation of protocol (_ssl.c:1028)')))

During handling of the above exception, another exception occurred:

Traceback (most recent call last):
  File "e:\KPI_HOSTING - V2.1\connectors\vcenter_connector.py", line 185, in process_vms_multithreaded
    vm_info = future.result()
  File "C:\Program Files\Python313\Lib\concurrent\futures\_base.py", line 449, in result
    return self.__get_result()
           ~~~~~~~~~~~~~~~~~^^
  File "C:\Program Files\Python313\Lib\concurrent\futures\_base.py", line 401, in __get_result
    raise self._exception
  File "C:\Program Files\Python313\Lib\concurrent\futures\thread.py", line 59, in run
    result = self.fn(*self.args, **self.kwargs)
  File "e:\KPI_HOSTING - V2.1\connectors\vcenter_connector.py", line 159, in process_vm_data
    vm_tags = self.get_tags_value(all_tags, vm_id, self.vcenter_url, session_id, vm_name)
  File "e:\KPI_HOSTING - V2.1\connectors\vcenter_connector.py", line 72, in get_tags_value
    tag_info = self.get_tag_info(tag, vcenter, session_id)
  File "e:\KPI_HOSTING - V2.1\connectors\vcenter_connector.py", line 88, in get_tag_info
    category_name = self.get_category_info(category_id, vcenter, session_id)
  File "e:\KPI_HOSTING - V2.1\connectors\vcenter_connector.py", line 98, in get_category_info
    response = requests.get(url, headers=headers, verify=False)
  File "E:\KPI_HOSTING - V2.1\venv\Lib\site-packages\requests\api.py", line 73, in get
    return request("get", url, params=params, **kwargs)
  File "E:\KPI_HOSTING - V2.1\venv\Lib\site-packages\requests\api.py", line 59, in request
    return session.request(method=method, url=url, **kwargs)
           ~~~~~~~~~~~~~~~^^^^^^^^^^^^^^^^^^^^^^^^^^^^^^^^^^
  File "E:\KPI_HOSTING - V2.1\venv\Lib\site-packages\requests\sessions.py", line 589, in request
    resp = self.send(prep, **send_kwargs)
  File "E:\KPI_HOSTING - V2.1\venv\Lib\site-packages\requests\sessions.py", line 703, in send
    r = adapter.send(request, **kwargs)
  File "E:\KPI_HOSTING - V2.1\venv\Lib\site-packages\requests\adapters.py", line 698, in send
    raise SSLError(e, request=request)
requests.exceptions.SSLError: HTTPSConnectionPool(host='vicprdvmwavce03.vc-ic.grpsc.net', port=443): Max retries exceeded with url: /rest/com/vmware/cis/tagging/category/id:urn:vmomi:InventoryServiceCategory:29cd4c2c-23be-41cd-8379-bebe11c21ac1:GLOBAL (Caused by SSLError(SSLEOFError(8, '[SSL: UNEXPECTED_EOF_WHILE_READING] EOF occurred in violation of protocol (_ssl.c:1028)')))
2025-09-03 20:04:05,309 - collectors.vcenter_collector - VCENTER_NGDT_03 - ERROR - Erreur lors du traitement d'une VM : HTTPSConnectionPool(host='vicprdvmwavce03.vc-ic.grpsc.net', port=443): Max retries exceeded with url: /rest/com/vmware/cis/tagging/category/id:urn:vmomi:InventoryServiceCategory:7a7b2e29-f15b-46e9-9b9c-31fd0df74a1c:GLOBAL (Caused by SSLError(SSLEOFError(8, '[SSL: UNEXPECTED_EOF_WHILE_READING] EOF occurred in violation of protocol (_ssl.c:1028)')))
Traceback (most recent call last):
  File "E:\KPI_HOSTING - V2.1\venv\Lib\site-packages\urllib3\connectionpool.py", line 464, in _make_request
    self._validate_conn(conn)
    ~~~~~~~~~~~~~~~~~~~^^^^^^
  File "E:\KPI_HOSTING - V2.1\venv\Lib\site-packages\urllib3\connectionpool.py", line 1093, in _validate_conn
    conn.connect()
    ~~~~~~~~~~~~^^
  File "E:\KPI_HOSTING - V2.1\venv\Lib\site-packages\urllib3\connection.py", line 790, in connect
    sock_and_verified = _ssl_wrap_socket_and_match_hostname(
        sock=sock,
    ...<14 lines>...
        assert_fingerprint=self.assert_fingerprint,
    )
  File "E:\KPI_HOSTING - V2.1\venv\Lib\site-packages\urllib3\connection.py", line 969, in _ssl_wrap_socket_and_match_hostname
    ssl_sock = ssl_wrap_socket(
        sock=sock,
    ...<8 lines>...
        tls_in_tls=tls_in_tls,
    )
  File "E:\KPI_HOSTING - V2.1\venv\Lib\site-packages\urllib3\util\ssl_.py", line 480, in ssl_wrap_socket
    ssl_sock = _ssl_wrap_socket_impl(sock, context, tls_in_tls, server_hostname)
  File "E:\KPI_HOSTING - V2.1\venv\Lib\site-packages\urllib3\util\ssl_.py", line 524, in _ssl_wrap_socket_impl
    return ssl_context.wrap_socket(sock, server_hostname=server_hostname)
           ~~~~~~~~~~~~~~~~~~~~~~~^^^^^^^^^^^^^^^^^^^^^^^^^^^^^^^^^^^^^^^
  File "C:\Program Files\Python313\Lib\ssl.py", line 455, in wrap_socket
    return self.sslsocket_class._create(
           ~~~~~~~~~~~~~~~~~~~~~~~~~~~~^
        sock=sock,
        ^^^^^^^^^^
    ...<5 lines>...
        session=session
        ^^^^^^^^^^^^^^^
    )
    ^
  File "C:\Program Files\Python313\Lib\ssl.py", line 1076, in _create
    self.do_handshake()
    ~~~~~~~~~~~~~~~~~^^
  File "C:\Program Files\Python313\Lib\ssl.py", line 1372, in do_handshake
    self._sslobj.do_handshake()
    ~~~~~~~~~~~~~~~~~~~~~~~~~^^
ssl.SSLEOFError: [SSL: UNEXPECTED_EOF_WHILE_READING] EOF occurred in violation of protocol (_ssl.c:1028)

During handling of the above exception, another exception occurred:

Traceback (most recent call last):
  File "E:\KPI_HOSTING - V2.1\venv\Lib\site-packages\urllib3\connectionpool.py", line 787, in urlopen
    response = self._make_request(
        conn,
    ...<10 lines>...
        **response_kw,
    )
  File "E:\KPI_HOSTING - V2.1\venv\Lib\site-packages\urllib3\connectionpool.py", line 488, in _make_request
    raise new_e
urllib3.exceptions.SSLError: [SSL: UNEXPECTED_EOF_WHILE_READING] EOF occurred in violation of protocol (_ssl.c:1028)

The above exception was the direct cause of the following exception:

Traceback (most recent call last):
  File "E:\KPI_HOSTING - V2.1\venv\Lib\site-packages\requests\adapters.py", line 667, in send
    resp = conn.urlopen(
        method=request.method,
    ...<9 lines>...
        chunked=chunked,
    )
  File "E:\KPI_HOSTING - V2.1\venv\Lib\site-packages\urllib3\connectionpool.py", line 841, in urlopen
    retries = retries.increment(
        method, url, error=new_e, _pool=self, _stacktrace=sys.exc_info()[2]
    )
  File "E:\KPI_HOSTING - V2.1\venv\Lib\site-packages\urllib3\util\retry.py", line 519, in increment
    raise MaxRetryError(_pool, url, reason) from reason  # type: ignore[arg-type]
    ^^^^^^^^^^^^^^^^^^^^^^^^^^^^^^^^^^^^^^^^^^^^^^^^^^^
urllib3.exceptions.MaxRetryError: HTTPSConnectionPool(host='vicprdvmwavce03.vc-ic.grpsc.net', port=443): Max retries exceeded with url: /rest/com/vmware/cis/tagging/category/id:urn:vmomi:InventoryServiceCategory:7a7b2e29-f15b-46e9-9b9c-31fd0df74a1c:GLOBAL (Caused by SSLError(SSLEOFError(8, '[SSL: UNEXPECTED_EOF_WHILE_READING] EOF occurred in violation of protocol (_ssl.c:1028)')))

During handling of the above exception, another exception occurred:

Traceback (most recent call last):
  File "e:\KPI_HOSTING - V2.1\connectors\vcenter_connector.py", line 185, in process_vms_multithreaded
    vm_info = future.result()
  File "C:\Program Files\Python313\Lib\concurrent\futures\_base.py", line 449, in result
    return self.__get_result()
           ~~~~~~~~~~~~~~~~~^^
  File "C:\Program Files\Python313\Lib\concurrent\futures\_base.py", line 401, in __get_result
    raise self._exception
  File "C:\Program Files\Python313\Lib\concurrent\futures\thread.py", line 59, in run
    result = self.fn(*self.args, **self.kwargs)
  File "e:\KPI_HOSTING - V2.1\connectors\vcenter_connector.py", line 159, in process_vm_data
    vm_tags = self.get_tags_value(all_tags, vm_id, self.vcenter_url, session_id, vm_name)
  File "e:\KPI_HOSTING - V2.1\connectors\vcenter_connector.py", line 72, in get_tags_value
    tag_info = self.get_tag_info(tag, vcenter, session_id)
  File "e:\KPI_HOSTING - V2.1\connectors\vcenter_connector.py", line 88, in get_tag_info
    category_name = self.get_category_info(category_id, vcenter, session_id)
  File "e:\KPI_HOSTING - V2.1\connectors\vcenter_connector.py", line 98, in get_category_info
    response = requests.get(url, headers=headers, verify=False)
  File "E:\KPI_HOSTING - V2.1\venv\Lib\site-packages\requests\api.py", line 73, in get
    return request("get", url, params=params, **kwargs)
  File "E:\KPI_HOSTING - V2.1\venv\Lib\site-packages\requests\api.py", line 59, in request
    return session.request(method=method, url=url, **kwargs)
           ~~~~~~~~~~~~~~~^^^^^^^^^^^^^^^^^^^^^^^^^^^^^^^^^^
  File "E:\KPI_HOSTING - V2.1\venv\Lib\site-packages\requests\sessions.py", line 589, in request
    resp = self.send(prep, **send_kwargs)
  File "E:\KPI_HOSTING - V2.1\venv\Lib\site-packages\requests\sessions.py", line 703, in send
    r = adapter.send(request, **kwargs)
  File "E:\KPI_HOSTING - V2.1\venv\Lib\site-packages\requests\adapters.py", line 698, in send
    raise SSLError(e, request=request)
requests.exceptions.SSLError: HTTPSConnectionPool(host='vicprdvmwavce03.vc-ic.grpsc.net', port=443): Max retries exceeded with url: /rest/com/vmware/cis/tagging/category/id:urn:vmomi:InventoryServiceCategory:7a7b2e29-f15b-46e9-9b9c-31fd0df74a1c:GLOBAL (Caused by SSLError(SSLEOFError(8, '[SSL: UNEXPECTED_EOF_WHILE_READING] EOF occurred in violation of protocol (_ssl.c:1028)')))
2025-09-03 20:04:25,458 - collectors.azure_collector - AZURE_VCSI - ERROR - Erreur réseau pour AZ-NCENTRAL-01: 404 Client Error: Not Found for url: https://management.azure.com/subscriptions/a246a94f-4c5f-467a-bfa2-6294f6966f08/resourceGroups/rg-swc-prd-aus-vm-001-australiaeast/providers/Microsoft.Network/networkInterfaces/AZ-NCENTRAL-01_New?api-version=2024-05-01
2025-09-03 20:05:03,629 - collectors.azure_collector - AZURE_VCSI - ERROR - Erreur réseau pour SOFFRPRDTEAM01: 404 Client Error: Not Found for url: https://management.azure.com/subscriptions/b424b8b0-a315-442e-ae5e-493bb8c6e9ec/resourceGroups/RG-FR-WE-SOF-NETWORK/providers/Microsoft.Network/networkInterfaces/soffrprdteam01881_z1?api-version=2024-05-01
2025-09-03 20:05:54,128 - workers.server_worker - INFO - Collecte terminée : 432 serveurs trouvés pour la source : AZURE_VCSI
2025-09-03 20:06:20,239 - workers.server_worker - INFO - Collecte terminée : 1145 serveurs trouvés pour la source : VCENTER_NGDT_03
2025-09-03 20:06:20,275 - collectors.inventory_manager - INFO - Phase de collecte terminée. Récupération des résultats...
2025-09-03 20:06:20,276 - collectors.inventory_manager - INFO - Démarrage de la phase d'insertion dans la base de données en parallèle...
2025-09-03 20:06:20,345 - collectors.inventory_manager - INFO - Insertion des données de cloud subscriptions dans la base de données...
2025-09-03 20:06:20,345 - workers.server_db_worker - INFO - Démarrage de l'insertion pour la source : AZURE_VCSI
2025-09-03 20:06:20,349 - workers.server_db_worker - INFO - Démarrage de l'insertion pour la source : AZURE_VCSI
2025-09-03 20:06:22,987 - workers.server_db_worker - INFO - Insertion réussie pour 951 éléments de la source AZURE_VCSI avec la méthode upsert_network.
2025-09-03 20:06:34,388 - workers.server_db_worker - INFO - Insertion réussie pour 2469 éléments de la source AZURE_VCSI avec la méthode upsert_subscription.
2025-09-03 20:06:34,389 - collectors.inventory_manager - INFO - Insertions des données de cloud subscriptions terminées.
2025-09-03 20:06:34,390 - workers.server_db_worker - INFO - Démarrage de l'insertion pour la source : AZURE_VCSI
2025-09-03 20:06:34,390 - workers.server_db_worker - INFO - Démarrage de l'insertion pour la source : VCENTER_NGDT_02
2025-09-03 20:06:34,392 - workers.server_db_worker - INFO - Démarrage de l'insertion pour la source : VCENTER_NGDT_03
2025-09-03 20:06:34,393 - workers.server_db_worker - INFO - Démarrage de l'insertion pour la source : VCENTER_OXYA
2025-09-03 20:06:34,393 - workers.server_db_worker - INFO - Démarrage de l'insertion pour la source : T0_NGDT
2025-09-03 20:06:34,933 - workers.server_db_worker - INFO - Insertion réussie pour 55 éléments de la source VCENTER_NGDT_02 avec la méthode insert_server_in_db.
2025-09-03 20:06:35,274 - workers.server_db_worker - INFO - Insertion réussie pour 92 éléments de la source T0_NGDT avec la méthode insert_server_in_db.
2025-09-03 20:06:36,171 - workers.server_db_worker - INFO - Insertion réussie pour 203 éléments de la source VCENTER_OXYA avec la méthode insert_server_in_db.
2025-09-03 20:06:42,691 - workers.server_db_worker - INFO - Insertion réussie pour 1145 éléments de la source VCENTER_NGDT_03 avec la méthode insert_server_in_db.
2025-09-03 20:06:42,967 - workers.server_db_worker - INFO - Insertion réussie pour 432 éléments de la source AZURE_VCSI avec la méthode insert_server_in_db.
2025-09-03 20:06:42,968 - collectors.inventory_manager - INFO - Toutes les insertions de serveurs dans la base de données sont terminées.
2025-09-03 20:06:42,969 - workers.server_db_worker - INFO - Démarrage de l'insertion pour la source : AZURE_VCSI
2025-09-03 20:06:42,969 - workers.server_db_worker - INFO - Démarrage de l'insertion pour la source : VCENTER_NGDT_02
2025-09-03 20:06:42,970 - workers.server_db_worker - INFO - Démarrage de l'insertion pour la source : VCENTER_NGDT_03
2025-09-03 20:06:42,970 - workers.server_db_worker - INFO - Démarrage de l'insertion pour la source : VCENTER_OXYA
2025-09-03 20:06:42,971 - workers.server_db_worker - INFO - Démarrage de l'insertion pour la source : T0_NGDT
2025-09-03 20:06:43,674 - workers.server_db_worker - INFO - Insertion réussie pour 55 éléments de la source VCENTER_NGDT_02 avec la méthode insert_networks_of_server.
2025-09-03 20:06:44,099 - workers.server_db_worker - INFO - Insertion réussie pour 92 éléments de la source T0_NGDT avec la méthode insert_networks_of_server.
2025-09-03 20:06:44,711 - workers.server_db_worker - INFO - Insertion réussie pour 203 éléments de la source VCENTER_OXYA avec la méthode insert_networks_of_server.
2025-09-03 20:06:47,336 - workers.server_db_worker - INFO - Insertion réussie pour 432 éléments de la source AZURE_VCSI avec la méthode insert_networks_of_server.
2025-09-03 20:06:49,050 - workers.server_db_worker - INFO - Insertion réussie pour 1145 éléments de la source VCENTER_NGDT_03 avec la méthode insert_networks_of_server.
2025-09-03 20:06:49,051 - collectors.inventory_manager - INFO - Toutes les insertions de networks dans la base de données sont terminées.
2025-09-03 20:06:49,051 - main - INFO - Inventory des serveurs terminé
2025-09-03 20:06:49,118 - agents.agent_manager - INFO - Démarrage de la collecte et du traitement en parallèle...
2025-09-03 20:06:49,131 - workers.server_agents_worker - INFO - Démarrage de la collecte et du traitement pour la source : CHECKMK - VIC-T1
2025-09-03 20:06:49,132 - workers.server_agents_worker - INFO - Démarrage de la collecte et du traitement pour la source : CHECKMK - VIC-T0
2025-09-03 20:06:49,135 - workers.server_agents_worker - INFO - Démarrage de la collecte et du traitement pour la source : CHECKMK - OXYA-T0
2025-09-03 20:06:49,145 - workers.server_agents_worker - INFO - Démarrage de la collecte et du traitement pour la source : GLPI - GLPI-VCSI
2025-09-03 20:06:49,157 - workers.server_agents_worker - INFO - Démarrage de la collecte et du traitement pour la source : RAPID7 - Rapid7-VCSI
2025-09-03 20:06:49,598 - CHECKMK - OXYA-T0 - INFO - Normalisation terminée. 31 serveurs normalisés.
2025-09-03 20:06:49,602 - CHECKMK - VIC-T0 - INFO - Normalisation terminée. 92 serveurs normalisés.
2025-09-03 20:06:49,604 - workers.server_agents_worker - INFO - Collecte terminée : 31 serveurs trouvés pour la source : CHECKMK - OXYA-T0
2025-09-03 20:06:49,604 - workers.server_agents_worker - INFO - Collecte terminée : 92 serveurs trouvés pour la source : CHECKMK - VIC-T0
2025-09-03 20:06:49,966 - GLPI - GLPI-VCSI - INFO - Normalisation terminée. 1041 serveurs normalisés.
2025-09-03 20:06:49,968 - workers.server_agents_worker - INFO - Collecte terminée : 1041 serveurs trouvés pour la source : GLPI - GLPI-VCSI
2025-09-03 20:06:50,010 - CHECKMK - VIC-T1 - INFO - Normalisation terminée. 958 serveurs normalisés.
2025-09-03 20:06:50,015 - workers.server_agents_worker - INFO - Collecte terminée : 958 serveurs trouvés pour la source : CHECKMK - VIC-T1
2025-09-03 20:08:12,167 - agents.rapid7_collector - Rapid7-VCSI - INFO - Collecte Rapid7 terminée. 1192 serveurs traités avec succès.
2025-09-03 20:08:12,173 - agents.rapid7_collector - Rapid7-VCSI - INFO - Normalisation terminée. 1192 serveurs normalisés.
2025-09-03 20:08:12,174 - workers.server_agents_worker - INFO - Collecte terminée : 1192 serveurs trouvés pour la source : RAPID7 - Rapid7-VCSI
2025-09-03 20:08:12,185 - agents.agent_manager - INFO - Collecte terminée. Démarrage de la consolidation des données.
2025-09-03 20:08:12,187 - agents.agent_manager - INFO - Démarrage de la phase de traitement et de mise à jour des agents.
2025-09-03 20:09:09,718 - agents.agent_manager - INFO - Données exportées avec succès vers exports\all_agents.json
2025-09-03 20:09:09,719 - agents.agent_manager - INFO - Phase de traitement terminée. Les agents ont été mis à jour.
2025-09-03 20:09:09,719 - main - INFO - Application terminée
