2025-09-03 18:48:36,072 - root - INFO - Configuration de logging chargée avec succès.
2025-09-03 18:48:36,072 - main - INFO - Application démarrée
2025-09-03 18:48:36,244 - agents.agent_manager - INFO - Démarrage de la collecte et du traitement en parallèle...
2025-09-03 18:48:36,245 - workers.server_agents_worker - INFO - Démarrage de la collecte et du traitement pour la source : CHECKMK - VIC-T1
2025-09-03 18:48:36,245 - workers.server_agents_worker - INFO - Démarrage de la collecte et du traitement pour la source : CHECKMK - VIC-T0
2025-09-03 18:48:36,246 - workers.server_agents_worker - INFO - Démarrage de la collecte et du traitement pour la source : CHECKMK - OXYA-T0
2025-09-03 18:48:36,247 - workers.server_agents_worker - INFO - Démarrage de la collecte et du traitement pour la source : GLPI - GLPI-VCSI
2025-09-03 18:48:36,247 - workers.server_agents_worker - INFO - Démarrage de la collecte et du traitement pour la source : RAPID7 - Rapid7-VCSI
2025-09-03 18:48:36,869 - CHECKMK - OXYA-T0 - INFO - Normalisation terminée. 31 serveurs normalisés.
2025-09-03 18:48:36,890 - workers.server_agents_worker - INFO - Collecte terminée : 31 serveurs trouvés pour la source : CHECKMK - OXYA-T0
2025-09-03 18:48:36,897 - CHECKMK - VIC-T0 - INFO - Normalisation terminée. 92 serveurs normalisés.
2025-09-03 18:48:36,897 - workers.server_agents_worker - INFO - Collecte terminée : 92 serveurs trouvés pour la source : CHECKMK - VIC-T0
2025-09-03 18:48:36,898 - workers.server_agents_worker - INFO - Données normalisées pour 'CHECKMK - OXYA-T0' exportées avec succès vers exports\CHECKMK - OXYA-T0.json
2025-09-03 18:48:36,915 - workers.server_agents_worker - INFO - Données normalisées pour 'CHECKMK - VIC-T0' exportées avec succès vers exports\CHECKMK - VIC-T0.json
2025-09-03 18:48:37,049 - GLPI - GLPI-VCSI - INFO - Normalisation terminée. 1041 serveurs normalisés.
2025-09-03 18:48:37,049 - workers.server_agents_worker - INFO - Collecte terminée : 1041 serveurs trouvés pour la source : GLPI - GLPI-VCSI
2025-09-03 18:48:37,064 - workers.server_agents_worker - INFO - Données normalisées pour 'GLPI - GLPI-VCSI' exportées avec succès vers exports\GLPI - GLPI-VCSI.json
2025-09-03 18:48:37,417 - CHECKMK - VIC-T1 - INFO - Normalisation terminée. 958 serveurs normalisés.
2025-09-03 18:48:37,418 - workers.server_agents_worker - INFO - Collecte terminée : 958 serveurs trouvés pour la source : CHECKMK - VIC-T1
2025-09-03 18:48:37,429 - workers.server_agents_worker - INFO - Données normalisées pour 'CHECKMK - VIC-T1' exportées avec succès vers exports\CHECKMK - VIC-T1.json
2025-09-03 18:49:29,934 - agents.rapid7_collector - Rapid7-VCSI - ERROR - Erreur de requête HTTP pour le serveur VICPRDOCRATRT11: 500 Server Error:  for url: https://rapid7.intranet.eurovia.com/api/3/assets/search/
2025-09-03 18:49:54,435 - agents.rapid7_collector - Rapid7-VCSI - INFO - Collecte Rapid7 terminée. 1187 serveurs traités avec succès.
2025-09-03 18:49:54,441 - agents.rapid7_collector - Rapid7-VCSI - INFO - Normalisation terminée. 1187 serveurs normalisés.
2025-09-03 18:49:54,442 - workers.server_agents_worker - INFO - Collecte terminée : 1187 serveurs trouvés pour la source : RAPID7 - Rapid7-VCSI
2025-09-03 18:49:54,456 - workers.server_agents_worker - INFO - Données normalisées pour 'RAPID7 - Rapid7-VCSI' exportées avec succès vers exports\RAPID7 - Rapid7-VCSI.json
2025-09-03 18:49:54,458 - agents.agent_manager - INFO - Collecte terminée. Démarrage de la consolidation des données.
2025-09-03 18:49:54,460 - agents.agent_manager - INFO - Démarrage de la phase de traitement et de mise à jour des agents.
2025-09-03 18:50:55,268 - agents.agent_manager - INFO - Données exportées avec succès vers exports\all_agents.json
2025-09-03 18:50:55,268 - agents.agent_manager - INFO - Phase de traitement terminée. Les agents ont été mis à jour.
2025-09-03 18:50:55,269 - main - INFO - Application terminée
