2025-09-03 19:20:55,653 - root - INFO - Configuration de logging chargée avec succès.
2025-09-03 19:20:55,654 - main - INFO - Application démarrée
2025-09-03 19:20:55,674 - main - INFO - Démarrage de l'inventory des serveurs
2025-09-03 19:20:55,674 - collectors.inventory_manager - INFO - Démarrage de la collecte et du traitement en parallèle...
2025-09-03 19:20:55,675 - workers.server_worker - INFO - Démarrage de la collecte et du traitement pour la source : AZURE_VCSI
2025-09-03 19:20:55,676 - workers.server_worker - INFO - Démarrage de la collecte et du traitement pour la source : VCENTER_NGDT_02
2025-09-03 19:20:55,679 - workers.server_worker - INFO - Démarrage de la collecte et du traitement pour la source : VCENTER_NGDT_03
2025-09-03 19:20:55,682 - workers.server_worker - INFO - Démarrage de la collecte et du traitement pour la source : VCENTER_OXYA
2025-09-03 19:20:55,683 - workers.server_worker - INFO - Démarrage de la collecte et du traitement pour la source : T0_NGDT
2025-09-03 19:20:55,688 - workers.server_worker - INFO - Collecte terminée : 92 serveurs trouvés pour la source : T0_NGDT
2025-09-03 19:20:56,097 - collectors.vcenter_collector - VCENTER_NGDT_02 - INFO - Démarrage du traitement multi-thread de 55 VMs...
2025-09-03 19:20:56,911 - collectors.vcenter_collector - VCENTER_OXYA - INFO - Démarrage du traitement multi-thread de 203 VMs...
2025-09-03 19:20:57,158 - collectors.vcenter_collector - VCENTER_NGDT_03 - INFO - Démarrage du traitement multi-thread de 1157 VMs...
2025-09-03 19:21:24,452 - workers.server_worker - INFO - Collecte terminée : 55 serveurs trouvés pour la source : VCENTER_NGDT_02
2025-09-03 19:22:09,493 - workers.server_worker - INFO - Collecte terminée : 203 serveurs trouvés pour la source : VCENTER_OXYA
2025-09-03 19:23:22,139 - collectors.azure_collector - AZURE_VCSI - ERROR - Erreur réseau pour AZ-NCENTRAL-01: 404 Client Error: Not Found for url: https://management.azure.com/subscriptions/a246a94f-4c5f-467a-bfa2-6294f6966f08/resourceGroups/rg-swc-prd-aus-vm-001-australiaeast/providers/Microsoft.Network/networkInterfaces/AZ-NCENTRAL-01_New?api-version=2024-05-01
2025-09-03 19:23:34,666 - collectors.azure_collector - AZURE_VCSI - ERROR - Erreur lors du traitement du RG vcf-rg-dev01-weu-aztlab-rg01: 503 Server Error: Service Unavailable for url: https://management.azure.com/subscriptions/95623513-a6ac-4406-803a-f6975d51f7d9/resourceGroups/vcf-rg-dev01-weu-aztlab-rg01/providers/Microsoft.Compute/virtualMachines?api-version=2023-03-01
2025-09-03 19:23:52,795 - collectors.azure_collector - AZURE_VCSI - ERROR - Erreur réseau pour SOFFRPRDTEAM01: 404 Client Error: Not Found for url: https://management.azure.com/subscriptions/b424b8b0-a315-442e-ae5e-493bb8c6e9ec/resourceGroups/RG-FR-WE-SOF-NETWORK/providers/Microsoft.Network/networkInterfaces/soffrprdteam01881_z1?api-version=2024-05-01
2025-09-03 19:24:48,424 - workers.server_worker - INFO - Collecte terminée : 436 serveurs trouvés pour la source : AZURE_VCSI
2025-09-03 19:24:48,482 - workers.server_worker - INFO - Collecte terminée : 1157 serveurs trouvés pour la source : VCENTER_NGDT_03
2025-09-03 19:24:48,522 - collectors.inventory_manager - INFO - Phase de collecte terminée. Récupération des résultats...
2025-09-03 19:24:48,522 - collectors.inventory_manager - INFO - Démarrage de la phase d'insertion dans la base de données en parallèle...
2025-09-03 19:24:48,596 - collectors.inventory_manager - INFO - Données exportées avec succès vers exports\all_inventory.json
2025-09-03 19:24:48,597 - collectors.inventory_manager - INFO - Insertion des données de cloud subscriptions dans la base de données...
2025-09-03 19:24:48,598 - workers.server_db_worker - INFO - Démarrage de l'insertion pour la source : AZURE_VCSI
2025-09-03 19:24:48,598 - workers.server_db_worker - INFO - Démarrage de l'insertion pour la source : AZURE_VCSI
2025-09-03 19:24:51,461 - workers.server_db_worker - INFO - Insertion réussie pour 951 éléments de la source AZURE_VCSI avec la méthode upsert_network.
2025-09-03 19:25:02,920 - workers.server_db_worker - INFO - Insertion réussie pour 2469 éléments de la source AZURE_VCSI avec la méthode upsert_subscription.
2025-09-03 19:25:02,921 - collectors.inventory_manager - INFO - Insertions des données de cloud subscriptions terminées.
2025-09-03 19:25:02,922 - workers.server_db_worker - INFO - Démarrage de l'insertion pour la source : AZURE_VCSI
2025-09-03 19:25:02,922 - workers.server_db_worker - INFO - Démarrage de l'insertion pour la source : VCENTER_NGDT_02
2025-09-03 19:25:02,924 - workers.server_db_worker - INFO - Démarrage de l'insertion pour la source : VCENTER_NGDT_03
2025-09-03 19:25:02,925 - workers.server_db_worker - INFO - Démarrage de l'insertion pour la source : VCENTER_OXYA
2025-09-03 19:25:02,925 - workers.server_db_worker - INFO - Démarrage de l'insertion pour la source : T0_NGDT
2025-09-03 19:25:02,926 - workers.server_db_worker - ERROR - Erreur lors de l'insertion pour la source AZURE_VCSI : (pyodbc.ProgrammingError) ('42S22', "[42S22] [Microsoft][ODBC SQL Server Driver][SQL Server]Invalid column name 'cloud_subscription'. (207) (SQLExecDirectW); [42S22] [Microsoft][ODBC SQL Server Driver][SQL Server]Statement(s) could not be prepared. (8180)")
[SQL: SELECT dbo.server.id_server, dbo.server.server_name, dbo.server.is_appliance, dbo.server.is_obsolete, dbo.server.power_state, dbo.server.r7_risk_score, dbo.server.id_operating_system, dbo.server.id_application, dbo.server.id_server_role, dbo.server.id_tier, dbo.server.id_source, dbo.server.cloud_subscription, dbo.server.id_environnement, dbo.server.id_vinci_division, dbo.server.update_date 
FROM dbo.server 
WHERE dbo.server.server_name = ?]
[parameters: ('vcf-vm-siprd-release-agent-1',)]
(Background on this error at: https://sqlalche.me/e/20/f405)
Traceback (most recent call last):
  File "E:\KPI_HOSTING - V2.1\venv\Lib\site-packages\sqlalchemy\engine\base.py", line 1967, in _exec_single_context
    self.dialect.do_execute(
    ~~~~~~~~~~~~~~~~~~~~~~~^
        cursor, str_statement, effective_parameters, context
        ^^^^^^^^^^^^^^^^^^^^^^^^^^^^^^^^^^^^^^^^^^^^^^^^^^^^
    )
    ^
  File "E:\KPI_HOSTING - V2.1\venv\Lib\site-packages\sqlalchemy\engine\default.py", line 951, in do_execute
    cursor.execute(statement, parameters)
    ~~~~~~~~~~~~~~^^^^^^^^^^^^^^^^^^^^^^^
pyodbc.ProgrammingError: ('42S22', "[42S22] [Microsoft][ODBC SQL Server Driver][SQL Server]Invalid column name 'cloud_subscription'. (207) (SQLExecDirectW); [42S22] [Microsoft][ODBC SQL Server Driver][SQL Server]Statement(s) could not be prepared. (8180)")

The above exception was the direct cause of the following exception:

Traceback (most recent call last):
  File "e:\KPI_HOSTING - V2.1\workers\server_db_worker.py", line 43, in run
    action_method(data_item)
    ~~~~~~~~~~~~~^^^^^^^^^^^
  File "e:\KPI_HOSTING - V2.1\db\db_connector.py", line 250, in insert_server_in_db
    server_obj = self.session.scalars(
                 ~~~~~~~~~~~~~~~~~~~~^
        select(Server).where(Server.server_name == server_data['name'])
        ^^^^^^^^^^^^^^^^^^^^^^^^^^^^^^^^^^^^^^^^^^^^^^^^^^^^^^^^^^^^^^^
    ).first()
    ^
  File "E:\KPI_HOSTING - V2.1\venv\Lib\site-packages\sqlalchemy\orm\session.py", line 2473, in scalars
    return self._execute_internal(
           ~~~~~~~~~~~~~~~~~~~~~~^
        statement,
        ^^^^^^^^^^
    ...<4 lines>...
        **kw,
        ^^^^^
    ).scalars()
    ^
  File "E:\KPI_HOSTING - V2.1\venv\Lib\site-packages\sqlalchemy\orm\session.py", line 2251, in _execute_internal
    result: Result[Any] = compile_state_cls.orm_execute_statement(
                          ~~~~~~~~~~~~~~~~~~~~~~~~~~~~~~~~~~~~~~~^
        self,
        ^^^^^
    ...<4 lines>...
        conn,
        ^^^^^
    )
    ^
  File "E:\KPI_HOSTING - V2.1\venv\Lib\site-packages\sqlalchemy\orm\context.py", line 306, in orm_execute_statement
    result = conn.execute(
        statement, params or {}, execution_options=execution_options
    )
  File "E:\KPI_HOSTING - V2.1\venv\Lib\site-packages\sqlalchemy\engine\base.py", line 1419, in execute
    return meth(
        self,
        distilled_parameters,
        execution_options or NO_OPTIONS,
    )
  File "E:\KPI_HOSTING - V2.1\venv\Lib\site-packages\sqlalchemy\sql\elements.py", line 526, in _execute_on_connection
    return connection._execute_clauseelement(
           ~~~~~~~~~~~~~~~~~~~~~~~~~~~~~~~~~^
        self, distilled_params, execution_options
        ^^^^^^^^^^^^^^^^^^^^^^^^^^^^^^^^^^^^^^^^^
    )
    ^
  File "E:\KPI_HOSTING - V2.1\venv\Lib\site-packages\sqlalchemy\engine\base.py", line 1641, in _execute_clauseelement
    ret = self._execute_context(
        dialect,
    ...<8 lines>...
        cache_hit=cache_hit,
    )
  File "E:\KPI_HOSTING - V2.1\venv\Lib\site-packages\sqlalchemy\engine\base.py", line 1846, in _execute_context
    return self._exec_single_context(
           ~~~~~~~~~~~~~~~~~~~~~~~~~^
        dialect, context, statement, parameters
        ^^^^^^^^^^^^^^^^^^^^^^^^^^^^^^^^^^^^^^^
    )
    ^
  File "E:\KPI_HOSTING - V2.1\venv\Lib\site-packages\sqlalchemy\engine\base.py", line 1986, in _exec_single_context
    self._handle_dbapi_exception(
    ~~~~~~~~~~~~~~~~~~~~~~~~~~~~^
        e, str_statement, effective_parameters, cursor, context
        ^^^^^^^^^^^^^^^^^^^^^^^^^^^^^^^^^^^^^^^^^^^^^^^^^^^^^^^
    )
    ^
  File "E:\KPI_HOSTING - V2.1\venv\Lib\site-packages\sqlalchemy\engine\base.py", line 2355, in _handle_dbapi_exception
    raise sqlalchemy_exception.with_traceback(exc_info[2]) from e
  File "E:\KPI_HOSTING - V2.1\venv\Lib\site-packages\sqlalchemy\engine\base.py", line 1967, in _exec_single_context
    self.dialect.do_execute(
    ~~~~~~~~~~~~~~~~~~~~~~~^
        cursor, str_statement, effective_parameters, context
        ^^^^^^^^^^^^^^^^^^^^^^^^^^^^^^^^^^^^^^^^^^^^^^^^^^^^
    )
    ^
  File "E:\KPI_HOSTING - V2.1\venv\Lib\site-packages\sqlalchemy\engine\default.py", line 951, in do_execute
    cursor.execute(statement, parameters)
    ~~~~~~~~~~~~~~^^^^^^^^^^^^^^^^^^^^^^^
sqlalchemy.exc.ProgrammingError: (pyodbc.ProgrammingError) ('42S22', "[42S22] [Microsoft][ODBC SQL Server Driver][SQL Server]Invalid column name 'cloud_subscription'. (207) (SQLExecDirectW); [42S22] [Microsoft][ODBC SQL Server Driver][SQL Server]Statement(s) could not be prepared. (8180)")
[SQL: SELECT dbo.server.id_server, dbo.server.server_name, dbo.server.is_appliance, dbo.server.is_obsolete, dbo.server.power_state, dbo.server.r7_risk_score, dbo.server.id_operating_system, dbo.server.id_application, dbo.server.id_server_role, dbo.server.id_tier, dbo.server.id_source, dbo.server.cloud_subscription, dbo.server.id_environnement, dbo.server.id_vinci_division, dbo.server.update_date 
FROM dbo.server 
WHERE dbo.server.server_name = ?]
[parameters: ('vcf-vm-siprd-release-agent-1',)]
(Background on this error at: https://sqlalche.me/e/20/f405)
2025-09-03 19:25:02,927 - workers.server_db_worker - ERROR - Erreur lors de l'insertion pour la source VCENTER_NGDT_02 : (pyodbc.ProgrammingError) ('42S22', "[42S22] [Microsoft][ODBC SQL Server Driver][SQL Server]Invalid column name 'cloud_subscription'. (207) (SQLExecDirectW); [42S22] [Microsoft][ODBC SQL Server Driver][SQL Server]Statement(s) could not be prepared. (8180)")
[SQL: SELECT dbo.server.id_server, dbo.server.server_name, dbo.server.is_appliance, dbo.server.is_obsolete, dbo.server.power_state, dbo.server.r7_risk_score, dbo.server.id_operating_system, dbo.server.id_application, dbo.server.id_server_role, dbo.server.id_tier, dbo.server.id_source, dbo.server.cloud_subscription, dbo.server.id_environnement, dbo.server.id_vinci_division, dbo.server.update_date 
FROM dbo.server 
WHERE dbo.server.server_name = ?]
[parameters: ('vicprdhpeiap01',)]
(Background on this error at: https://sqlalche.me/e/20/f405)
Traceback (most recent call last):
  File "E:\KPI_HOSTING - V2.1\venv\Lib\site-packages\sqlalchemy\engine\base.py", line 1967, in _exec_single_context
    self.dialect.do_execute(
    ~~~~~~~~~~~~~~~~~~~~~~~^
        cursor, str_statement, effective_parameters, context
        ^^^^^^^^^^^^^^^^^^^^^^^^^^^^^^^^^^^^^^^^^^^^^^^^^^^^
    )
    ^
  File "E:\KPI_HOSTING - V2.1\venv\Lib\site-packages\sqlalchemy\engine\default.py", line 951, in do_execute
    cursor.execute(statement, parameters)
    ~~~~~~~~~~~~~~^^^^^^^^^^^^^^^^^^^^^^^
pyodbc.ProgrammingError: ('42S22', "[42S22] [Microsoft][ODBC SQL Server Driver][SQL Server]Invalid column name 'cloud_subscription'. (207) (SQLExecDirectW); [42S22] [Microsoft][ODBC SQL Server Driver][SQL Server]Statement(s) could not be prepared. (8180)")

The above exception was the direct cause of the following exception:

Traceback (most recent call last):
  File "e:\KPI_HOSTING - V2.1\workers\server_db_worker.py", line 43, in run
    action_method(data_item)
    ~~~~~~~~~~~~~^^^^^^^^^^^
  File "e:\KPI_HOSTING - V2.1\db\db_connector.py", line 250, in insert_server_in_db
    server_obj = self.session.scalars(
                 ~~~~~~~~~~~~~~~~~~~~^
        select(Server).where(Server.server_name == server_data['name'])
        ^^^^^^^^^^^^^^^^^^^^^^^^^^^^^^^^^^^^^^^^^^^^^^^^^^^^^^^^^^^^^^^
    ).first()
    ^
  File "E:\KPI_HOSTING - V2.1\venv\Lib\site-packages\sqlalchemy\orm\session.py", line 2473, in scalars
    return self._execute_internal(
           ~~~~~~~~~~~~~~~~~~~~~~^
        statement,
        ^^^^^^^^^^
    ...<4 lines>...
        **kw,
        ^^^^^
    ).scalars()
    ^
  File "E:\KPI_HOSTING - V2.1\venv\Lib\site-packages\sqlalchemy\orm\session.py", line 2251, in _execute_internal
    result: Result[Any] = compile_state_cls.orm_execute_statement(
                          ~~~~~~~~~~~~~~~~~~~~~~~~~~~~~~~~~~~~~~~^
        self,
        ^^^^^
    ...<4 lines>...
        conn,
        ^^^^^
    )
    ^
  File "E:\KPI_HOSTING - V2.1\venv\Lib\site-packages\sqlalchemy\orm\context.py", line 306, in orm_execute_statement
    result = conn.execute(
        statement, params or {}, execution_options=execution_options
    )
  File "E:\KPI_HOSTING - V2.1\venv\Lib\site-packages\sqlalchemy\engine\base.py", line 1419, in execute
    return meth(
        self,
        distilled_parameters,
        execution_options or NO_OPTIONS,
    )
  File "E:\KPI_HOSTING - V2.1\venv\Lib\site-packages\sqlalchemy\sql\elements.py", line 526, in _execute_on_connection
    return connection._execute_clauseelement(
           ~~~~~~~~~~~~~~~~~~~~~~~~~~~~~~~~~^
        self, distilled_params, execution_options
        ^^^^^^^^^^^^^^^^^^^^^^^^^^^^^^^^^^^^^^^^^
    )
    ^
  File "E:\KPI_HOSTING - V2.1\venv\Lib\site-packages\sqlalchemy\engine\base.py", line 1641, in _execute_clauseelement
    ret = self._execute_context(
        dialect,
    ...<8 lines>...
        cache_hit=cache_hit,
    )
  File "E:\KPI_HOSTING - V2.1\venv\Lib\site-packages\sqlalchemy\engine\base.py", line 1846, in _execute_context
    return self._exec_single_context(
           ~~~~~~~~~~~~~~~~~~~~~~~~~^
        dialect, context, statement, parameters
        ^^^^^^^^^^^^^^^^^^^^^^^^^^^^^^^^^^^^^^^
    )
    ^
  File "E:\KPI_HOSTING - V2.1\venv\Lib\site-packages\sqlalchemy\engine\base.py", line 1986, in _exec_single_context
    self._handle_dbapi_exception(
    ~~~~~~~~~~~~~~~~~~~~~~~~~~~~^
        e, str_statement, effective_parameters, cursor, context
        ^^^^^^^^^^^^^^^^^^^^^^^^^^^^^^^^^^^^^^^^^^^^^^^^^^^^^^^
    )
    ^
  File "E:\KPI_HOSTING - V2.1\venv\Lib\site-packages\sqlalchemy\engine\base.py", line 2355, in _handle_dbapi_exception
    raise sqlalchemy_exception.with_traceback(exc_info[2]) from e
  File "E:\KPI_HOSTING - V2.1\venv\Lib\site-packages\sqlalchemy\engine\base.py", line 1967, in _exec_single_context
    self.dialect.do_execute(
    ~~~~~~~~~~~~~~~~~~~~~~~^
        cursor, str_statement, effective_parameters, context
        ^^^^^^^^^^^^^^^^^^^^^^^^^^^^^^^^^^^^^^^^^^^^^^^^^^^^
    )
    ^
  File "E:\KPI_HOSTING - V2.1\venv\Lib\site-packages\sqlalchemy\engine\default.py", line 951, in do_execute
    cursor.execute(statement, parameters)
    ~~~~~~~~~~~~~~^^^^^^^^^^^^^^^^^^^^^^^
sqlalchemy.exc.ProgrammingError: (pyodbc.ProgrammingError) ('42S22', "[42S22] [Microsoft][ODBC SQL Server Driver][SQL Server]Invalid column name 'cloud_subscription'. (207) (SQLExecDirectW); [42S22] [Microsoft][ODBC SQL Server Driver][SQL Server]Statement(s) could not be prepared. (8180)")
[SQL: SELECT dbo.server.id_server, dbo.server.server_name, dbo.server.is_appliance, dbo.server.is_obsolete, dbo.server.power_state, dbo.server.r7_risk_score, dbo.server.id_operating_system, dbo.server.id_application, dbo.server.id_server_role, dbo.server.id_tier, dbo.server.id_source, dbo.server.cloud_subscription, dbo.server.id_environnement, dbo.server.id_vinci_division, dbo.server.update_date 
FROM dbo.server 
WHERE dbo.server.server_name = ?]
[parameters: ('vicprdhpeiap01',)]
(Background on this error at: https://sqlalche.me/e/20/f405)
2025-09-03 19:25:02,942 - workers.server_db_worker - ERROR - Erreur lors de l'insertion pour la source VCENTER_OXYA : (pyodbc.ProgrammingError) ('42S22', "[42S22] [Microsoft][ODBC SQL Server Driver][SQL Server]Invalid column name 'cloud_subscription'. (207) (SQLExecDirectW); [42S22] [Microsoft][ODBC SQL Server Driver][SQL Server]Statement(s) could not be prepared. (8180)")
[SQL: SELECT dbo.server.id_server, dbo.server.server_name, dbo.server.is_appliance, dbo.server.is_obsolete, dbo.server.power_state, dbo.server.r7_risk_score, dbo.server.id_operating_system, dbo.server.id_application, dbo.server.id_server_role, dbo.server.id_tier, dbo.server.id_source, dbo.server.cloud_subscription, dbo.server.id_environnement, dbo.server.id_vinci_division, dbo.server.update_date 
FROM dbo.server 
WHERE dbo.server.server_name = ?]
[parameters: ('FRHQSV986',)]
(Background on this error at: https://sqlalche.me/e/20/f405)
Traceback (most recent call last):
  File "E:\KPI_HOSTING - V2.1\venv\Lib\site-packages\sqlalchemy\engine\base.py", line 1967, in _exec_single_context
    self.dialect.do_execute(
    ~~~~~~~~~~~~~~~~~~~~~~~^
        cursor, str_statement, effective_parameters, context
        ^^^^^^^^^^^^^^^^^^^^^^^^^^^^^^^^^^^^^^^^^^^^^^^^^^^^
    )
    ^
  File "E:\KPI_HOSTING - V2.1\venv\Lib\site-packages\sqlalchemy\engine\default.py", line 951, in do_execute
    cursor.execute(statement, parameters)
    ~~~~~~~~~~~~~~^^^^^^^^^^^^^^^^^^^^^^^
pyodbc.ProgrammingError: ('42S22', "[42S22] [Microsoft][ODBC SQL Server Driver][SQL Server]Invalid column name 'cloud_subscription'. (207) (SQLExecDirectW); [42S22] [Microsoft][ODBC SQL Server Driver][SQL Server]Statement(s) could not be prepared. (8180)")

The above exception was the direct cause of the following exception:

Traceback (most recent call last):
  File "e:\KPI_HOSTING - V2.1\workers\server_db_worker.py", line 43, in run
    action_method(data_item)
    ~~~~~~~~~~~~~^^^^^^^^^^^
  File "e:\KPI_HOSTING - V2.1\db\db_connector.py", line 250, in insert_server_in_db
    server_obj = self.session.scalars(
                 ~~~~~~~~~~~~~~~~~~~~^
        select(Server).where(Server.server_name == server_data['name'])
        ^^^^^^^^^^^^^^^^^^^^^^^^^^^^^^^^^^^^^^^^^^^^^^^^^^^^^^^^^^^^^^^
    ).first()
    ^
  File "E:\KPI_HOSTING - V2.1\venv\Lib\site-packages\sqlalchemy\orm\session.py", line 2473, in scalars
    return self._execute_internal(
           ~~~~~~~~~~~~~~~~~~~~~~^
        statement,
        ^^^^^^^^^^
    ...<4 lines>...
        **kw,
        ^^^^^
    ).scalars()
    ^
  File "E:\KPI_HOSTING - V2.1\venv\Lib\site-packages\sqlalchemy\orm\session.py", line 2251, in _execute_internal
    result: Result[Any] = compile_state_cls.orm_execute_statement(
                          ~~~~~~~~~~~~~~~~~~~~~~~~~~~~~~~~~~~~~~~^
        self,
        ^^^^^
    ...<4 lines>...
        conn,
        ^^^^^
    )
    ^
  File "E:\KPI_HOSTING - V2.1\venv\Lib\site-packages\sqlalchemy\orm\context.py", line 306, in orm_execute_statement
    result = conn.execute(
        statement, params or {}, execution_options=execution_options
    )
  File "E:\KPI_HOSTING - V2.1\venv\Lib\site-packages\sqlalchemy\engine\base.py", line 1419, in execute
    return meth(
        self,
        distilled_parameters,
        execution_options or NO_OPTIONS,
    )
  File "E:\KPI_HOSTING - V2.1\venv\Lib\site-packages\sqlalchemy\sql\elements.py", line 526, in _execute_on_connection
    return connection._execute_clauseelement(
           ~~~~~~~~~~~~~~~~~~~~~~~~~~~~~~~~~^
        self, distilled_params, execution_options
        ^^^^^^^^^^^^^^^^^^^^^^^^^^^^^^^^^^^^^^^^^
    )
    ^
  File "E:\KPI_HOSTING - V2.1\venv\Lib\site-packages\sqlalchemy\engine\base.py", line 1641, in _execute_clauseelement
    ret = self._execute_context(
        dialect,
    ...<8 lines>...
        cache_hit=cache_hit,
    )
  File "E:\KPI_HOSTING - V2.1\venv\Lib\site-packages\sqlalchemy\engine\base.py", line 1846, in _execute_context
    return self._exec_single_context(
           ~~~~~~~~~~~~~~~~~~~~~~~~~^
        dialect, context, statement, parameters
        ^^^^^^^^^^^^^^^^^^^^^^^^^^^^^^^^^^^^^^^
    )
    ^
  File "E:\KPI_HOSTING - V2.1\venv\Lib\site-packages\sqlalchemy\engine\base.py", line 1986, in _exec_single_context
    self._handle_dbapi_exception(
    ~~~~~~~~~~~~~~~~~~~~~~~~~~~~^
        e, str_statement, effective_parameters, cursor, context
        ^^^^^^^^^^^^^^^^^^^^^^^^^^^^^^^^^^^^^^^^^^^^^^^^^^^^^^^
    )
    ^
  File "E:\KPI_HOSTING - V2.1\venv\Lib\site-packages\sqlalchemy\engine\base.py", line 2355, in _handle_dbapi_exception
    raise sqlalchemy_exception.with_traceback(exc_info[2]) from e
  File "E:\KPI_HOSTING - V2.1\venv\Lib\site-packages\sqlalchemy\engine\base.py", line 1967, in _exec_single_context
    self.dialect.do_execute(
    ~~~~~~~~~~~~~~~~~~~~~~~^
        cursor, str_statement, effective_parameters, context
        ^^^^^^^^^^^^^^^^^^^^^^^^^^^^^^^^^^^^^^^^^^^^^^^^^^^^
    )
    ^
  File "E:\KPI_HOSTING - V2.1\venv\Lib\site-packages\sqlalchemy\engine\default.py", line 951, in do_execute
    cursor.execute(statement, parameters)
    ~~~~~~~~~~~~~~^^^^^^^^^^^^^^^^^^^^^^^
sqlalchemy.exc.ProgrammingError: (pyodbc.ProgrammingError) ('42S22', "[42S22] [Microsoft][ODBC SQL Server Driver][SQL Server]Invalid column name 'cloud_subscription'. (207) (SQLExecDirectW); [42S22] [Microsoft][ODBC SQL Server Driver][SQL Server]Statement(s) could not be prepared. (8180)")
[SQL: SELECT dbo.server.id_server, dbo.server.server_name, dbo.server.is_appliance, dbo.server.is_obsolete, dbo.server.power_state, dbo.server.r7_risk_score, dbo.server.id_operating_system, dbo.server.id_application, dbo.server.id_server_role, dbo.server.id_tier, dbo.server.id_source, dbo.server.cloud_subscription, dbo.server.id_environnement, dbo.server.id_vinci_division, dbo.server.update_date 
FROM dbo.server 
WHERE dbo.server.server_name = ?]
[parameters: ('FRHQSV986',)]
(Background on this error at: https://sqlalche.me/e/20/f405)
2025-09-03 19:25:02,942 - workers.server_db_worker - ERROR - Erreur lors de l'insertion pour la source T0_NGDT : (pyodbc.ProgrammingError) ('42S22', "[42S22] [Microsoft][ODBC SQL Server Driver][SQL Server]Invalid column name 'cloud_subscription'. (207) (SQLExecDirectW); [42S22] [Microsoft][ODBC SQL Server Driver][SQL Server]Statement(s) could not be prepared. (8180)")
[SQL: SELECT dbo.server.id_server, dbo.server.server_name, dbo.server.is_appliance, dbo.server.is_obsolete, dbo.server.power_state, dbo.server.r7_risk_score, dbo.server.id_operating_system, dbo.server.id_application, dbo.server.id_server_role, dbo.server.id_tier, dbo.server.id_source, dbo.server.cloud_subscription, dbo.server.id_environnement, dbo.server.id_vinci_division, dbo.server.update_date 
FROM dbo.server 
WHERE dbo.server.server_name = ?]
[parameters: ('D01PRDADDSWDC01',)]
(Background on this error at: https://sqlalche.me/e/20/f405)
Traceback (most recent call last):
  File "E:\KPI_HOSTING - V2.1\venv\Lib\site-packages\sqlalchemy\engine\base.py", line 1967, in _exec_single_context
    self.dialect.do_execute(
    ~~~~~~~~~~~~~~~~~~~~~~~^
        cursor, str_statement, effective_parameters, context
        ^^^^^^^^^^^^^^^^^^^^^^^^^^^^^^^^^^^^^^^^^^^^^^^^^^^^
    )
    ^
  File "E:\KPI_HOSTING - V2.1\venv\Lib\site-packages\sqlalchemy\engine\default.py", line 951, in do_execute
    cursor.execute(statement, parameters)
    ~~~~~~~~~~~~~~^^^^^^^^^^^^^^^^^^^^^^^
pyodbc.ProgrammingError: ('42S22', "[42S22] [Microsoft][ODBC SQL Server Driver][SQL Server]Invalid column name 'cloud_subscription'. (207) (SQLExecDirectW); [42S22] [Microsoft][ODBC SQL Server Driver][SQL Server]Statement(s) could not be prepared. (8180)")

The above exception was the direct cause of the following exception:

Traceback (most recent call last):
  File "e:\KPI_HOSTING - V2.1\workers\server_db_worker.py", line 43, in run
    action_method(data_item)
    ~~~~~~~~~~~~~^^^^^^^^^^^
  File "e:\KPI_HOSTING - V2.1\db\db_connector.py", line 250, in insert_server_in_db
    server_obj = self.session.scalars(
                 ~~~~~~~~~~~~~~~~~~~~^
        select(Server).where(Server.server_name == server_data['name'])
        ^^^^^^^^^^^^^^^^^^^^^^^^^^^^^^^^^^^^^^^^^^^^^^^^^^^^^^^^^^^^^^^
    ).first()
    ^
  File "E:\KPI_HOSTING - V2.1\venv\Lib\site-packages\sqlalchemy\orm\session.py", line 2473, in scalars
    return self._execute_internal(
           ~~~~~~~~~~~~~~~~~~~~~~^
        statement,
        ^^^^^^^^^^
    ...<4 lines>...
        **kw,
        ^^^^^
    ).scalars()
    ^
  File "E:\KPI_HOSTING - V2.1\venv\Lib\site-packages\sqlalchemy\orm\session.py", line 2251, in _execute_internal
    result: Result[Any] = compile_state_cls.orm_execute_statement(
                          ~~~~~~~~~~~~~~~~~~~~~~~~~~~~~~~~~~~~~~~^
        self,
        ^^^^^
    ...<4 lines>...
        conn,
        ^^^^^
    )
    ^
  File "E:\KPI_HOSTING - V2.1\venv\Lib\site-packages\sqlalchemy\orm\context.py", line 306, in orm_execute_statement
    result = conn.execute(
        statement, params or {}, execution_options=execution_options
    )
  File "E:\KPI_HOSTING - V2.1\venv\Lib\site-packages\sqlalchemy\engine\base.py", line 1419, in execute
    return meth(
        self,
        distilled_parameters,
        execution_options or NO_OPTIONS,
    )
  File "E:\KPI_HOSTING - V2.1\venv\Lib\site-packages\sqlalchemy\sql\elements.py", line 526, in _execute_on_connection
    return connection._execute_clauseelement(
           ~~~~~~~~~~~~~~~~~~~~~~~~~~~~~~~~~^
        self, distilled_params, execution_options
        ^^^^^^^^^^^^^^^^^^^^^^^^^^^^^^^^^^^^^^^^^
    )
    ^
  File "E:\KPI_HOSTING - V2.1\venv\Lib\site-packages\sqlalchemy\engine\base.py", line 1641, in _execute_clauseelement
    ret = self._execute_context(
        dialect,
    ...<8 lines>...
        cache_hit=cache_hit,
    )
  File "E:\KPI_HOSTING - V2.1\venv\Lib\site-packages\sqlalchemy\engine\base.py", line 1846, in _execute_context
    return self._exec_single_context(
           ~~~~~~~~~~~~~~~~~~~~~~~~~^
        dialect, context, statement, parameters
        ^^^^^^^^^^^^^^^^^^^^^^^^^^^^^^^^^^^^^^^
    )
    ^
  File "E:\KPI_HOSTING - V2.1\venv\Lib\site-packages\sqlalchemy\engine\base.py", line 1986, in _exec_single_context
    self._handle_dbapi_exception(
    ~~~~~~~~~~~~~~~~~~~~~~~~~~~~^
        e, str_statement, effective_parameters, cursor, context
        ^^^^^^^^^^^^^^^^^^^^^^^^^^^^^^^^^^^^^^^^^^^^^^^^^^^^^^^
    )
    ^
  File "E:\KPI_HOSTING - V2.1\venv\Lib\site-packages\sqlalchemy\engine\base.py", line 2355, in _handle_dbapi_exception
    raise sqlalchemy_exception.with_traceback(exc_info[2]) from e
  File "E:\KPI_HOSTING - V2.1\venv\Lib\site-packages\sqlalchemy\engine\base.py", line 1967, in _exec_single_context
    self.dialect.do_execute(
    ~~~~~~~~~~~~~~~~~~~~~~~^
        cursor, str_statement, effective_parameters, context
        ^^^^^^^^^^^^^^^^^^^^^^^^^^^^^^^^^^^^^^^^^^^^^^^^^^^^
    )
    ^
  File "E:\KPI_HOSTING - V2.1\venv\Lib\site-packages\sqlalchemy\engine\default.py", line 951, in do_execute
    cursor.execute(statement, parameters)
    ~~~~~~~~~~~~~~^^^^^^^^^^^^^^^^^^^^^^^
sqlalchemy.exc.ProgrammingError: (pyodbc.ProgrammingError) ('42S22', "[42S22] [Microsoft][ODBC SQL Server Driver][SQL Server]Invalid column name 'cloud_subscription'. (207) (SQLExecDirectW); [42S22] [Microsoft][ODBC SQL Server Driver][SQL Server]Statement(s) could not be prepared. (8180)")
[SQL: SELECT dbo.server.id_server, dbo.server.server_name, dbo.server.is_appliance, dbo.server.is_obsolete, dbo.server.power_state, dbo.server.r7_risk_score, dbo.server.id_operating_system, dbo.server.id_application, dbo.server.id_server_role, dbo.server.id_tier, dbo.server.id_source, dbo.server.cloud_subscription, dbo.server.id_environnement, dbo.server.id_vinci_division, dbo.server.update_date 
FROM dbo.server 
WHERE dbo.server.server_name = ?]
[parameters: ('D01PRDADDSWDC01',)]
(Background on this error at: https://sqlalche.me/e/20/f405)
2025-09-03 19:25:02,943 - workers.server_db_worker - ERROR - Erreur lors de l'insertion pour la source VCENTER_NGDT_03 : (pyodbc.ProgrammingError) ('42S22', "[42S22] [Microsoft][ODBC SQL Server Driver][SQL Server]Invalid column name 'cloud_subscription'. (207) (SQLExecDirectW); [42S22] [Microsoft][ODBC SQL Server Driver][SQL Server]Statement(s) could not be prepared. (8180)")
[SQL: SELECT dbo.server.id_server, dbo.server.server_name, dbo.server.is_appliance, dbo.server.is_obsolete, dbo.server.power_state, dbo.server.r7_risk_score, dbo.server.id_operating_system, dbo.server.id_application, dbo.server.id_server_role, dbo.server.id_tier, dbo.server.id_source, dbo.server.cloud_subscription, dbo.server.id_environnement, dbo.server.id_vinci_division, dbo.server.update_date 
FROM dbo.server 
WHERE dbo.server.server_name = ?]
[parameters: ('SRVTERWEILER',)]
(Background on this error at: https://sqlalche.me/e/20/f405)
Traceback (most recent call last):
  File "E:\KPI_HOSTING - V2.1\venv\Lib\site-packages\sqlalchemy\engine\base.py", line 1967, in _exec_single_context
    self.dialect.do_execute(
    ~~~~~~~~~~~~~~~~~~~~~~~^
        cursor, str_statement, effective_parameters, context
        ^^^^^^^^^^^^^^^^^^^^^^^^^^^^^^^^^^^^^^^^^^^^^^^^^^^^
    )
    ^
  File "E:\KPI_HOSTING - V2.1\venv\Lib\site-packages\sqlalchemy\engine\default.py", line 951, in do_execute
    cursor.execute(statement, parameters)
    ~~~~~~~~~~~~~~^^^^^^^^^^^^^^^^^^^^^^^
pyodbc.ProgrammingError: ('42S22', "[42S22] [Microsoft][ODBC SQL Server Driver][SQL Server]Invalid column name 'cloud_subscription'. (207) (SQLExecDirectW); [42S22] [Microsoft][ODBC SQL Server Driver][SQL Server]Statement(s) could not be prepared. (8180)")

The above exception was the direct cause of the following exception:

Traceback (most recent call last):
  File "e:\KPI_HOSTING - V2.1\workers\server_db_worker.py", line 43, in run
    action_method(data_item)
    ~~~~~~~~~~~~~^^^^^^^^^^^
  File "e:\KPI_HOSTING - V2.1\db\db_connector.py", line 250, in insert_server_in_db
    server_obj = self.session.scalars(
                 ~~~~~~~~~~~~~~~~~~~~^
        select(Server).where(Server.server_name == server_data['name'])
        ^^^^^^^^^^^^^^^^^^^^^^^^^^^^^^^^^^^^^^^^^^^^^^^^^^^^^^^^^^^^^^^
    ).first()
    ^
  File "E:\KPI_HOSTING - V2.1\venv\Lib\site-packages\sqlalchemy\orm\session.py", line 2473, in scalars
    return self._execute_internal(
           ~~~~~~~~~~~~~~~~~~~~~~^
        statement,
        ^^^^^^^^^^
    ...<4 lines>...
        **kw,
        ^^^^^
    ).scalars()
    ^
  File "E:\KPI_HOSTING - V2.1\venv\Lib\site-packages\sqlalchemy\orm\session.py", line 2251, in _execute_internal
    result: Result[Any] = compile_state_cls.orm_execute_statement(
                          ~~~~~~~~~~~~~~~~~~~~~~~~~~~~~~~~~~~~~~~^
        self,
        ^^^^^
    ...<4 lines>...
        conn,
        ^^^^^
    )
    ^
  File "E:\KPI_HOSTING - V2.1\venv\Lib\site-packages\sqlalchemy\orm\context.py", line 306, in orm_execute_statement
    result = conn.execute(
        statement, params or {}, execution_options=execution_options
    )
  File "E:\KPI_HOSTING - V2.1\venv\Lib\site-packages\sqlalchemy\engine\base.py", line 1419, in execute
    return meth(
        self,
        distilled_parameters,
        execution_options or NO_OPTIONS,
    )
  File "E:\KPI_HOSTING - V2.1\venv\Lib\site-packages\sqlalchemy\sql\elements.py", line 526, in _execute_on_connection
    return connection._execute_clauseelement(
           ~~~~~~~~~~~~~~~~~~~~~~~~~~~~~~~~~^
        self, distilled_params, execution_options
        ^^^^^^^^^^^^^^^^^^^^^^^^^^^^^^^^^^^^^^^^^
    )
    ^
  File "E:\KPI_HOSTING - V2.1\venv\Lib\site-packages\sqlalchemy\engine\base.py", line 1641, in _execute_clauseelement
    ret = self._execute_context(
        dialect,
    ...<8 lines>...
        cache_hit=cache_hit,
    )
  File "E:\KPI_HOSTING - V2.1\venv\Lib\site-packages\sqlalchemy\engine\base.py", line 1846, in _execute_context
    return self._exec_single_context(
           ~~~~~~~~~~~~~~~~~~~~~~~~~^
        dialect, context, statement, parameters
        ^^^^^^^^^^^^^^^^^^^^^^^^^^^^^^^^^^^^^^^
    )
    ^
  File "E:\KPI_HOSTING - V2.1\venv\Lib\site-packages\sqlalchemy\engine\base.py", line 1986, in _exec_single_context
    self._handle_dbapi_exception(
    ~~~~~~~~~~~~~~~~~~~~~~~~~~~~^
        e, str_statement, effective_parameters, cursor, context
        ^^^^^^^^^^^^^^^^^^^^^^^^^^^^^^^^^^^^^^^^^^^^^^^^^^^^^^^
    )
    ^
  File "E:\KPI_HOSTING - V2.1\venv\Lib\site-packages\sqlalchemy\engine\base.py", line 2355, in _handle_dbapi_exception
    raise sqlalchemy_exception.with_traceback(exc_info[2]) from e
  File "E:\KPI_HOSTING - V2.1\venv\Lib\site-packages\sqlalchemy\engine\base.py", line 1967, in _exec_single_context
    self.dialect.do_execute(
    ~~~~~~~~~~~~~~~~~~~~~~~^
        cursor, str_statement, effective_parameters, context
        ^^^^^^^^^^^^^^^^^^^^^^^^^^^^^^^^^^^^^^^^^^^^^^^^^^^^
    )
    ^
  File "E:\KPI_HOSTING - V2.1\venv\Lib\site-packages\sqlalchemy\engine\default.py", line 951, in do_execute
    cursor.execute(statement, parameters)
    ~~~~~~~~~~~~~~^^^^^^^^^^^^^^^^^^^^^^^
sqlalchemy.exc.ProgrammingError: (pyodbc.ProgrammingError) ('42S22', "[42S22] [Microsoft][ODBC SQL Server Driver][SQL Server]Invalid column name 'cloud_subscription'. (207) (SQLExecDirectW); [42S22] [Microsoft][ODBC SQL Server Driver][SQL Server]Statement(s) could not be prepared. (8180)")
[SQL: SELECT dbo.server.id_server, dbo.server.server_name, dbo.server.is_appliance, dbo.server.is_obsolete, dbo.server.power_state, dbo.server.r7_risk_score, dbo.server.id_operating_system, dbo.server.id_application, dbo.server.id_server_role, dbo.server.id_tier, dbo.server.id_source, dbo.server.cloud_subscription, dbo.server.id_environnement, dbo.server.id_vinci_division, dbo.server.update_date 
FROM dbo.server 
WHERE dbo.server.server_name = ?]
[parameters: ('SRVTERWEILER',)]
(Background on this error at: https://sqlalche.me/e/20/f405)
2025-09-03 19:25:02,959 - collectors.inventory_manager - INFO - Toutes les insertions de serveurs dans la base de données sont terminées.
2025-09-03 19:25:02,961 - workers.server_db_worker - INFO - Démarrage de l'insertion pour la source : AZURE_VCSI
2025-09-03 19:25:02,962 - workers.server_db_worker - INFO - Démarrage de l'insertion pour la source : VCENTER_NGDT_02
2025-09-03 19:25:02,964 - workers.server_db_worker - ERROR - Erreur lors de l'insertion pour la source AZURE_VCSI : (pyodbc.ProgrammingError) ('42S22', "[42S22] [Microsoft][ODBC SQL Server Driver][SQL Server]Invalid column name 'cloud_subscription'. (207) (SQLExecDirectW); [42S22] [Microsoft][ODBC SQL Server Driver][SQL Server]Statement(s) could not be prepared. (8180)")
[SQL: SELECT dbo.server.id_server, dbo.server.server_name, dbo.server.is_appliance, dbo.server.is_obsolete, dbo.server.power_state, dbo.server.r7_risk_score, dbo.server.id_operating_system, dbo.server.id_application, dbo.server.id_server_role, dbo.server.id_tier, dbo.server.id_source, dbo.server.cloud_subscription, dbo.server.id_environnement, dbo.server.id_vinci_division, dbo.server.update_date 
FROM dbo.server 
WHERE dbo.server.server_name = ?]
[parameters: ('vcf-vm-siprd-release-agent-1',)]
(Background on this error at: https://sqlalche.me/e/20/f405)
Traceback (most recent call last):
  File "E:\KPI_HOSTING - V2.1\venv\Lib\site-packages\sqlalchemy\engine\base.py", line 1967, in _exec_single_context
    self.dialect.do_execute(
    ~~~~~~~~~~~~~~~~~~~~~~~^
        cursor, str_statement, effective_parameters, context
        ^^^^^^^^^^^^^^^^^^^^^^^^^^^^^^^^^^^^^^^^^^^^^^^^^^^^
    )
    ^
  File "E:\KPI_HOSTING - V2.1\venv\Lib\site-packages\sqlalchemy\engine\default.py", line 951, in do_execute
    cursor.execute(statement, parameters)
    ~~~~~~~~~~~~~~^^^^^^^^^^^^^^^^^^^^^^^
pyodbc.ProgrammingError: ('42S22', "[42S22] [Microsoft][ODBC SQL Server Driver][SQL Server]Invalid column name 'cloud_subscription'. (207) (SQLExecDirectW); [42S22] [Microsoft][ODBC SQL Server Driver][SQL Server]Statement(s) could not be prepared. (8180)")

The above exception was the direct cause of the following exception:

Traceback (most recent call last):
  File "e:\KPI_HOSTING - V2.1\workers\server_db_worker.py", line 43, in run
    action_method(data_item)
    ~~~~~~~~~~~~~^^^^^^^^^^^
  File "e:\KPI_HOSTING - V2.1\db\db_connector.py", line 356, in insert_networks_of_server
    server = self.session.scalars(select(Server).where(Server.server_name == server_data['name'])).first()
             ~~~~~~~~~~~~~~~~~~~~^^^^^^^^^^^^^^^^^^^^^^^^^^^^^^^^^^^^^^^^^^^^^^^^^^^^^^^^^^^^^^^^^
  File "E:\KPI_HOSTING - V2.1\venv\Lib\site-packages\sqlalchemy\orm\session.py", line 2473, in scalars
    return self._execute_internal(
           ~~~~~~~~~~~~~~~~~~~~~~^
        statement,
        ^^^^^^^^^^
    ...<4 lines>...
        **kw,
        ^^^^^
    ).scalars()
    ^
  File "E:\KPI_HOSTING - V2.1\venv\Lib\site-packages\sqlalchemy\orm\session.py", line 2251, in _execute_internal
    result: Result[Any] = compile_state_cls.orm_execute_statement(
                          ~~~~~~~~~~~~~~~~~~~~~~~~~~~~~~~~~~~~~~~^
        self,
        ^^^^^
    ...<4 lines>...
        conn,
        ^^^^^
    )
    ^
  File "E:\KPI_HOSTING - V2.1\venv\Lib\site-packages\sqlalchemy\orm\context.py", line 306, in orm_execute_statement
    result = conn.execute(
        statement, params or {}, execution_options=execution_options
    )
  File "E:\KPI_HOSTING - V2.1\venv\Lib\site-packages\sqlalchemy\engine\base.py", line 1419, in execute
    return meth(
        self,
        distilled_parameters,
        execution_options or NO_OPTIONS,
    )
  File "E:\KPI_HOSTING - V2.1\venv\Lib\site-packages\sqlalchemy\sql\elements.py", line 526, in _execute_on_connection
    return connection._execute_clauseelement(
           ~~~~~~~~~~~~~~~~~~~~~~~~~~~~~~~~~^
        self, distilled_params, execution_options
        ^^^^^^^^^^^^^^^^^^^^^^^^^^^^^^^^^^^^^^^^^
    )
    ^
  File "E:\KPI_HOSTING - V2.1\venv\Lib\site-packages\sqlalchemy\engine\base.py", line 1641, in _execute_clauseelement
    ret = self._execute_context(
        dialect,
    ...<8 lines>...
        cache_hit=cache_hit,
    )
  File "E:\KPI_HOSTING - V2.1\venv\Lib\site-packages\sqlalchemy\engine\base.py", line 1846, in _execute_context
    return self._exec_single_context(
           ~~~~~~~~~~~~~~~~~~~~~~~~~^
        dialect, context, statement, parameters
        ^^^^^^^^^^^^^^^^^^^^^^^^^^^^^^^^^^^^^^^
    )
    ^
  File "E:\KPI_HOSTING - V2.1\venv\Lib\site-packages\sqlalchemy\engine\base.py", line 1986, in _exec_single_context
    self._handle_dbapi_exception(
    ~~~~~~~~~~~~~~~~~~~~~~~~~~~~^
        e, str_statement, effective_parameters, cursor, context
        ^^^^^^^^^^^^^^^^^^^^^^^^^^^^^^^^^^^^^^^^^^^^^^^^^^^^^^^
    )
    ^
  File "E:\KPI_HOSTING - V2.1\venv\Lib\site-packages\sqlalchemy\engine\base.py", line 2355, in _handle_dbapi_exception
    raise sqlalchemy_exception.with_traceback(exc_info[2]) from e
  File "E:\KPI_HOSTING - V2.1\venv\Lib\site-packages\sqlalchemy\engine\base.py", line 1967, in _exec_single_context
    self.dialect.do_execute(
    ~~~~~~~~~~~~~~~~~~~~~~~^
        cursor, str_statement, effective_parameters, context
        ^^^^^^^^^^^^^^^^^^^^^^^^^^^^^^^^^^^^^^^^^^^^^^^^^^^^
    )
    ^
  File "E:\KPI_HOSTING - V2.1\venv\Lib\site-packages\sqlalchemy\engine\default.py", line 951, in do_execute
    cursor.execute(statement, parameters)
    ~~~~~~~~~~~~~~^^^^^^^^^^^^^^^^^^^^^^^
sqlalchemy.exc.ProgrammingError: (pyodbc.ProgrammingError) ('42S22', "[42S22] [Microsoft][ODBC SQL Server Driver][SQL Server]Invalid column name 'cloud_subscription'. (207) (SQLExecDirectW); [42S22] [Microsoft][ODBC SQL Server Driver][SQL Server]Statement(s) could not be prepared. (8180)")
[SQL: SELECT dbo.server.id_server, dbo.server.server_name, dbo.server.is_appliance, dbo.server.is_obsolete, dbo.server.power_state, dbo.server.r7_risk_score, dbo.server.id_operating_system, dbo.server.id_application, dbo.server.id_server_role, dbo.server.id_tier, dbo.server.id_source, dbo.server.cloud_subscription, dbo.server.id_environnement, dbo.server.id_vinci_division, dbo.server.update_date 
FROM dbo.server 
WHERE dbo.server.server_name = ?]
[parameters: ('vcf-vm-siprd-release-agent-1',)]
(Background on this error at: https://sqlalche.me/e/20/f405)
2025-09-03 19:25:02,967 - workers.server_db_worker - ERROR - Erreur lors de l'insertion pour la source VCENTER_NGDT_02 : (pyodbc.ProgrammingError) ('42S22', "[42S22] [Microsoft][ODBC SQL Server Driver][SQL Server]Invalid column name 'cloud_subscription'. (207) (SQLExecDirectW); [42S22] [Microsoft][ODBC SQL Server Driver][SQL Server]Statement(s) could not be prepared. (8180)")
[SQL: SELECT dbo.server.id_server, dbo.server.server_name, dbo.server.is_appliance, dbo.server.is_obsolete, dbo.server.power_state, dbo.server.r7_risk_score, dbo.server.id_operating_system, dbo.server.id_application, dbo.server.id_server_role, dbo.server.id_tier, dbo.server.id_source, dbo.server.cloud_subscription, dbo.server.id_environnement, dbo.server.id_vinci_division, dbo.server.update_date 
FROM dbo.server 
WHERE dbo.server.server_name = ?]
[parameters: ('vicprdhpeiap01',)]
(Background on this error at: https://sqlalche.me/e/20/f405)
Traceback (most recent call last):
  File "E:\KPI_HOSTING - V2.1\venv\Lib\site-packages\sqlalchemy\engine\base.py", line 1967, in _exec_single_context
    self.dialect.do_execute(
    ~~~~~~~~~~~~~~~~~~~~~~~^
        cursor, str_statement, effective_parameters, context
        ^^^^^^^^^^^^^^^^^^^^^^^^^^^^^^^^^^^^^^^^^^^^^^^^^^^^
    )
    ^
  File "E:\KPI_HOSTING - V2.1\venv\Lib\site-packages\sqlalchemy\engine\default.py", line 951, in do_execute
    cursor.execute(statement, parameters)
    ~~~~~~~~~~~~~~^^^^^^^^^^^^^^^^^^^^^^^
pyodbc.ProgrammingError: ('42S22', "[42S22] [Microsoft][ODBC SQL Server Driver][SQL Server]Invalid column name 'cloud_subscription'. (207) (SQLExecDirectW); [42S22] [Microsoft][ODBC SQL Server Driver][SQL Server]Statement(s) could not be prepared. (8180)")

The above exception was the direct cause of the following exception:

Traceback (most recent call last):
  File "e:\KPI_HOSTING - V2.1\workers\server_db_worker.py", line 43, in run
    action_method(data_item)
    ~~~~~~~~~~~~~^^^^^^^^^^^
  File "e:\KPI_HOSTING - V2.1\db\db_connector.py", line 356, in insert_networks_of_server
    server = self.session.scalars(select(Server).where(Server.server_name == server_data['name'])).first()
             ~~~~~~~~~~~~~~~~~~~~^^^^^^^^^^^^^^^^^^^^^^^^^^^^^^^^^^^^^^^^^^^^^^^^^^^^^^^^^^^^^^^^^
  File "E:\KPI_HOSTING - V2.1\venv\Lib\site-packages\sqlalchemy\orm\session.py", line 2473, in scalars
    return self._execute_internal(
           ~~~~~~~~~~~~~~~~~~~~~~^
        statement,
        ^^^^^^^^^^
    ...<4 lines>...
        **kw,
        ^^^^^
    ).scalars()
    ^
  File "E:\KPI_HOSTING - V2.1\venv\Lib\site-packages\sqlalchemy\orm\session.py", line 2251, in _execute_internal
    result: Result[Any] = compile_state_cls.orm_execute_statement(
                          ~~~~~~~~~~~~~~~~~~~~~~~~~~~~~~~~~~~~~~~^
        self,
        ^^^^^
    ...<4 lines>...
        conn,
        ^^^^^
    )
    ^
  File "E:\KPI_HOSTING - V2.1\venv\Lib\site-packages\sqlalchemy\orm\context.py", line 306, in orm_execute_statement
    result = conn.execute(
        statement, params or {}, execution_options=execution_options
    )
  File "E:\KPI_HOSTING - V2.1\venv\Lib\site-packages\sqlalchemy\engine\base.py", line 1419, in execute
    return meth(
        self,
        distilled_parameters,
        execution_options or NO_OPTIONS,
    )
  File "E:\KPI_HOSTING - V2.1\venv\Lib\site-packages\sqlalchemy\sql\elements.py", line 526, in _execute_on_connection
    return connection._execute_clauseelement(
           ~~~~~~~~~~~~~~~~~~~~~~~~~~~~~~~~~^
        self, distilled_params, execution_options
        ^^^^^^^^^^^^^^^^^^^^^^^^^^^^^^^^^^^^^^^^^
    )
    ^
  File "E:\KPI_HOSTING - V2.1\venv\Lib\site-packages\sqlalchemy\engine\base.py", line 1641, in _execute_clauseelement
    ret = self._execute_context(
        dialect,
    ...<8 lines>...
        cache_hit=cache_hit,
    )
  File "E:\KPI_HOSTING - V2.1\venv\Lib\site-packages\sqlalchemy\engine\base.py", line 1846, in _execute_context
    return self._exec_single_context(
           ~~~~~~~~~~~~~~~~~~~~~~~~~^
        dialect, context, statement, parameters
        ^^^^^^^^^^^^^^^^^^^^^^^^^^^^^^^^^^^^^^^
    )
    ^
  File "E:\KPI_HOSTING - V2.1\venv\Lib\site-packages\sqlalchemy\engine\base.py", line 1986, in _exec_single_context
    self._handle_dbapi_exception(
    ~~~~~~~~~~~~~~~~~~~~~~~~~~~~^
        e, str_statement, effective_parameters, cursor, context
        ^^^^^^^^^^^^^^^^^^^^^^^^^^^^^^^^^^^^^^^^^^^^^^^^^^^^^^^
    )
    ^
  File "E:\KPI_HOSTING - V2.1\venv\Lib\site-packages\sqlalchemy\engine\base.py", line 2355, in _handle_dbapi_exception
    raise sqlalchemy_exception.with_traceback(exc_info[2]) from e
  File "E:\KPI_HOSTING - V2.1\venv\Lib\site-packages\sqlalchemy\engine\base.py", line 1967, in _exec_single_context
    self.dialect.do_execute(
    ~~~~~~~~~~~~~~~~~~~~~~~^
        cursor, str_statement, effective_parameters, context
        ^^^^^^^^^^^^^^^^^^^^^^^^^^^^^^^^^^^^^^^^^^^^^^^^^^^^
    )
    ^
  File "E:\KPI_HOSTING - V2.1\venv\Lib\site-packages\sqlalchemy\engine\default.py", line 951, in do_execute
    cursor.execute(statement, parameters)
    ~~~~~~~~~~~~~~^^^^^^^^^^^^^^^^^^^^^^^
sqlalchemy.exc.ProgrammingError: (pyodbc.ProgrammingError) ('42S22', "[42S22] [Microsoft][ODBC SQL Server Driver][SQL Server]Invalid column name 'cloud_subscription'. (207) (SQLExecDirectW); [42S22] [Microsoft][ODBC SQL Server Driver][SQL Server]Statement(s) could not be prepared. (8180)")
[SQL: SELECT dbo.server.id_server, dbo.server.server_name, dbo.server.is_appliance, dbo.server.is_obsolete, dbo.server.power_state, dbo.server.r7_risk_score, dbo.server.id_operating_system, dbo.server.id_application, dbo.server.id_server_role, dbo.server.id_tier, dbo.server.id_source, dbo.server.cloud_subscription, dbo.server.id_environnement, dbo.server.id_vinci_division, dbo.server.update_date 
FROM dbo.server 
WHERE dbo.server.server_name = ?]
[parameters: ('vicprdhpeiap01',)]
(Background on this error at: https://sqlalche.me/e/20/f405)
2025-09-03 19:25:02,970 - workers.server_db_worker - INFO - Démarrage de l'insertion pour la source : VCENTER_NGDT_03
2025-09-03 19:25:02,974 - workers.server_db_worker - ERROR - Erreur lors de l'insertion pour la source VCENTER_NGDT_03 : (pyodbc.ProgrammingError) ('42S22', "[42S22] [Microsoft][ODBC SQL Server Driver][SQL Server]Invalid column name 'cloud_subscription'. (207) (SQLExecDirectW); [42S22] [Microsoft][ODBC SQL Server Driver][SQL Server]Statement(s) could not be prepared. (8180)")
[SQL: SELECT dbo.server.id_server, dbo.server.server_name, dbo.server.is_appliance, dbo.server.is_obsolete, dbo.server.power_state, dbo.server.r7_risk_score, dbo.server.id_operating_system, dbo.server.id_application, dbo.server.id_server_role, dbo.server.id_tier, dbo.server.id_source, dbo.server.cloud_subscription, dbo.server.id_environnement, dbo.server.id_vinci_division, dbo.server.update_date 
FROM dbo.server 
WHERE dbo.server.server_name = ?]
[parameters: ('SRVTERWEILER',)]
(Background on this error at: https://sqlalche.me/e/20/f405)
Traceback (most recent call last):
  File "E:\KPI_HOSTING - V2.1\venv\Lib\site-packages\sqlalchemy\engine\base.py", line 1967, in _exec_single_context
    self.dialect.do_execute(
    ~~~~~~~~~~~~~~~~~~~~~~~^
        cursor, str_statement, effective_parameters, context
        ^^^^^^^^^^^^^^^^^^^^^^^^^^^^^^^^^^^^^^^^^^^^^^^^^^^^
    )
    ^
  File "E:\KPI_HOSTING - V2.1\venv\Lib\site-packages\sqlalchemy\engine\default.py", line 951, in do_execute
    cursor.execute(statement, parameters)
    ~~~~~~~~~~~~~~^^^^^^^^^^^^^^^^^^^^^^^
pyodbc.ProgrammingError: ('42S22', "[42S22] [Microsoft][ODBC SQL Server Driver][SQL Server]Invalid column name 'cloud_subscription'. (207) (SQLExecDirectW); [42S22] [Microsoft][ODBC SQL Server Driver][SQL Server]Statement(s) could not be prepared. (8180)")

The above exception was the direct cause of the following exception:

Traceback (most recent call last):
  File "e:\KPI_HOSTING - V2.1\workers\server_db_worker.py", line 43, in run
    action_method(data_item)
    ~~~~~~~~~~~~~^^^^^^^^^^^
  File "e:\KPI_HOSTING - V2.1\db\db_connector.py", line 356, in insert_networks_of_server
    server = self.session.scalars(select(Server).where(Server.server_name == server_data['name'])).first()
             ~~~~~~~~~~~~~~~~~~~~^^^^^^^^^^^^^^^^^^^^^^^^^^^^^^^^^^^^^^^^^^^^^^^^^^^^^^^^^^^^^^^^^
  File "E:\KPI_HOSTING - V2.1\venv\Lib\site-packages\sqlalchemy\orm\session.py", line 2473, in scalars
    return self._execute_internal(
           ~~~~~~~~~~~~~~~~~~~~~~^
        statement,
        ^^^^^^^^^^
    ...<4 lines>...
        **kw,
        ^^^^^
    ).scalars()
    ^
  File "E:\KPI_HOSTING - V2.1\venv\Lib\site-packages\sqlalchemy\orm\session.py", line 2251, in _execute_internal
    result: Result[Any] = compile_state_cls.orm_execute_statement(
                          ~~~~~~~~~~~~~~~~~~~~~~~~~~~~~~~~~~~~~~~^
        self,
        ^^^^^
    ...<4 lines>...
        conn,
        ^^^^^
    )
    ^
  File "E:\KPI_HOSTING - V2.1\venv\Lib\site-packages\sqlalchemy\orm\context.py", line 306, in orm_execute_statement
    result = conn.execute(
        statement, params or {}, execution_options=execution_options
    )
  File "E:\KPI_HOSTING - V2.1\venv\Lib\site-packages\sqlalchemy\engine\base.py", line 1419, in execute
    return meth(
        self,
        distilled_parameters,
        execution_options or NO_OPTIONS,
    )
  File "E:\KPI_HOSTING - V2.1\venv\Lib\site-packages\sqlalchemy\sql\elements.py", line 526, in _execute_on_connection
    return connection._execute_clauseelement(
           ~~~~~~~~~~~~~~~~~~~~~~~~~~~~~~~~~^
        self, distilled_params, execution_options
        ^^^^^^^^^^^^^^^^^^^^^^^^^^^^^^^^^^^^^^^^^
    )
    ^
  File "E:\KPI_HOSTING - V2.1\venv\Lib\site-packages\sqlalchemy\engine\base.py", line 1641, in _execute_clauseelement
    ret = self._execute_context(
        dialect,
    ...<8 lines>...
        cache_hit=cache_hit,
    )
  File "E:\KPI_HOSTING - V2.1\venv\Lib\site-packages\sqlalchemy\engine\base.py", line 1846, in _execute_context
    return self._exec_single_context(
           ~~~~~~~~~~~~~~~~~~~~~~~~~^
        dialect, context, statement, parameters
        ^^^^^^^^^^^^^^^^^^^^^^^^^^^^^^^^^^^^^^^
    )
    ^
  File "E:\KPI_HOSTING - V2.1\venv\Lib\site-packages\sqlalchemy\engine\base.py", line 1986, in _exec_single_context
    self._handle_dbapi_exception(
    ~~~~~~~~~~~~~~~~~~~~~~~~~~~~^
        e, str_statement, effective_parameters, cursor, context
        ^^^^^^^^^^^^^^^^^^^^^^^^^^^^^^^^^^^^^^^^^^^^^^^^^^^^^^^
    )
    ^
  File "E:\KPI_HOSTING - V2.1\venv\Lib\site-packages\sqlalchemy\engine\base.py", line 2355, in _handle_dbapi_exception
    raise sqlalchemy_exception.with_traceback(exc_info[2]) from e
  File "E:\KPI_HOSTING - V2.1\venv\Lib\site-packages\sqlalchemy\engine\base.py", line 1967, in _exec_single_context
    self.dialect.do_execute(
    ~~~~~~~~~~~~~~~~~~~~~~~^
        cursor, str_statement, effective_parameters, context
        ^^^^^^^^^^^^^^^^^^^^^^^^^^^^^^^^^^^^^^^^^^^^^^^^^^^^
    )
    ^
  File "E:\KPI_HOSTING - V2.1\venv\Lib\site-packages\sqlalchemy\engine\default.py", line 951, in do_execute
    cursor.execute(statement, parameters)
    ~~~~~~~~~~~~~~^^^^^^^^^^^^^^^^^^^^^^^
sqlalchemy.exc.ProgrammingError: (pyodbc.ProgrammingError) ('42S22', "[42S22] [Microsoft][ODBC SQL Server Driver][SQL Server]Invalid column name 'cloud_subscription'. (207) (SQLExecDirectW); [42S22] [Microsoft][ODBC SQL Server Driver][SQL Server]Statement(s) could not be prepared. (8180)")
[SQL: SELECT dbo.server.id_server, dbo.server.server_name, dbo.server.is_appliance, dbo.server.is_obsolete, dbo.server.power_state, dbo.server.r7_risk_score, dbo.server.id_operating_system, dbo.server.id_application, dbo.server.id_server_role, dbo.server.id_tier, dbo.server.id_source, dbo.server.cloud_subscription, dbo.server.id_environnement, dbo.server.id_vinci_division, dbo.server.update_date 
FROM dbo.server 
WHERE dbo.server.server_name = ?]
[parameters: ('SRVTERWEILER',)]
(Background on this error at: https://sqlalche.me/e/20/f405)
2025-09-03 19:25:02,979 - workers.server_db_worker - INFO - Démarrage de l'insertion pour la source : VCENTER_OXYA
2025-09-03 19:25:02,981 - workers.server_db_worker - INFO - Démarrage de l'insertion pour la source : T0_NGDT
2025-09-03 19:25:02,982 - workers.server_db_worker - ERROR - Erreur lors de l'insertion pour la source VCENTER_OXYA : (pyodbc.ProgrammingError) ('42S22', "[42S22] [Microsoft][ODBC SQL Server Driver][SQL Server]Invalid column name 'cloud_subscription'. (207) (SQLExecDirectW); [42S22] [Microsoft][ODBC SQL Server Driver][SQL Server]Statement(s) could not be prepared. (8180)")
[SQL: SELECT dbo.server.id_server, dbo.server.server_name, dbo.server.is_appliance, dbo.server.is_obsolete, dbo.server.power_state, dbo.server.r7_risk_score, dbo.server.id_operating_system, dbo.server.id_application, dbo.server.id_server_role, dbo.server.id_tier, dbo.server.id_source, dbo.server.cloud_subscription, dbo.server.id_environnement, dbo.server.id_vinci_division, dbo.server.update_date 
FROM dbo.server 
WHERE dbo.server.server_name = ?]
[parameters: ('FRHQSV986',)]
(Background on this error at: https://sqlalche.me/e/20/f405)
Traceback (most recent call last):
  File "E:\KPI_HOSTING - V2.1\venv\Lib\site-packages\sqlalchemy\engine\base.py", line 1967, in _exec_single_context
    self.dialect.do_execute(
    ~~~~~~~~~~~~~~~~~~~~~~~^
        cursor, str_statement, effective_parameters, context
        ^^^^^^^^^^^^^^^^^^^^^^^^^^^^^^^^^^^^^^^^^^^^^^^^^^^^
    )
    ^
  File "E:\KPI_HOSTING - V2.1\venv\Lib\site-packages\sqlalchemy\engine\default.py", line 951, in do_execute
    cursor.execute(statement, parameters)
    ~~~~~~~~~~~~~~^^^^^^^^^^^^^^^^^^^^^^^
pyodbc.ProgrammingError: ('42S22', "[42S22] [Microsoft][ODBC SQL Server Driver][SQL Server]Invalid column name 'cloud_subscription'. (207) (SQLExecDirectW); [42S22] [Microsoft][ODBC SQL Server Driver][SQL Server]Statement(s) could not be prepared. (8180)")

The above exception was the direct cause of the following exception:

Traceback (most recent call last):
  File "e:\KPI_HOSTING - V2.1\workers\server_db_worker.py", line 43, in run
    action_method(data_item)
    ~~~~~~~~~~~~~^^^^^^^^^^^
  File "e:\KPI_HOSTING - V2.1\db\db_connector.py", line 356, in insert_networks_of_server
    server = self.session.scalars(select(Server).where(Server.server_name == server_data['name'])).first()
             ~~~~~~~~~~~~~~~~~~~~^^^^^^^^^^^^^^^^^^^^^^^^^^^^^^^^^^^^^^^^^^^^^^^^^^^^^^^^^^^^^^^^^
  File "E:\KPI_HOSTING - V2.1\venv\Lib\site-packages\sqlalchemy\orm\session.py", line 2473, in scalars
    return self._execute_internal(
           ~~~~~~~~~~~~~~~~~~~~~~^
        statement,
        ^^^^^^^^^^
    ...<4 lines>...
        **kw,
        ^^^^^
    ).scalars()
    ^
  File "E:\KPI_HOSTING - V2.1\venv\Lib\site-packages\sqlalchemy\orm\session.py", line 2251, in _execute_internal
    result: Result[Any] = compile_state_cls.orm_execute_statement(
                          ~~~~~~~~~~~~~~~~~~~~~~~~~~~~~~~~~~~~~~~^
        self,
        ^^^^^
    ...<4 lines>...
        conn,
        ^^^^^
    )
    ^
  File "E:\KPI_HOSTING - V2.1\venv\Lib\site-packages\sqlalchemy\orm\context.py", line 306, in orm_execute_statement
    result = conn.execute(
        statement, params or {}, execution_options=execution_options
    )
  File "E:\KPI_HOSTING - V2.1\venv\Lib\site-packages\sqlalchemy\engine\base.py", line 1419, in execute
    return meth(
        self,
        distilled_parameters,
        execution_options or NO_OPTIONS,
    )
  File "E:\KPI_HOSTING - V2.1\venv\Lib\site-packages\sqlalchemy\sql\elements.py", line 526, in _execute_on_connection
    return connection._execute_clauseelement(
           ~~~~~~~~~~~~~~~~~~~~~~~~~~~~~~~~~^
        self, distilled_params, execution_options
        ^^^^^^^^^^^^^^^^^^^^^^^^^^^^^^^^^^^^^^^^^
    )
    ^
  File "E:\KPI_HOSTING - V2.1\venv\Lib\site-packages\sqlalchemy\engine\base.py", line 1641, in _execute_clauseelement
    ret = self._execute_context(
        dialect,
    ...<8 lines>...
        cache_hit=cache_hit,
    )
  File "E:\KPI_HOSTING - V2.1\venv\Lib\site-packages\sqlalchemy\engine\base.py", line 1846, in _execute_context
    return self._exec_single_context(
           ~~~~~~~~~~~~~~~~~~~~~~~~~^
        dialect, context, statement, parameters
        ^^^^^^^^^^^^^^^^^^^^^^^^^^^^^^^^^^^^^^^
    )
    ^
  File "E:\KPI_HOSTING - V2.1\venv\Lib\site-packages\sqlalchemy\engine\base.py", line 1986, in _exec_single_context
    self._handle_dbapi_exception(
    ~~~~~~~~~~~~~~~~~~~~~~~~~~~~^
        e, str_statement, effective_parameters, cursor, context
        ^^^^^^^^^^^^^^^^^^^^^^^^^^^^^^^^^^^^^^^^^^^^^^^^^^^^^^^
    )
    ^
  File "E:\KPI_HOSTING - V2.1\venv\Lib\site-packages\sqlalchemy\engine\base.py", line 2355, in _handle_dbapi_exception
    raise sqlalchemy_exception.with_traceback(exc_info[2]) from e
  File "E:\KPI_HOSTING - V2.1\venv\Lib\site-packages\sqlalchemy\engine\base.py", line 1967, in _exec_single_context
    self.dialect.do_execute(
    ~~~~~~~~~~~~~~~~~~~~~~~^
        cursor, str_statement, effective_parameters, context
        ^^^^^^^^^^^^^^^^^^^^^^^^^^^^^^^^^^^^^^^^^^^^^^^^^^^^
    )
    ^
  File "E:\KPI_HOSTING - V2.1\venv\Lib\site-packages\sqlalchemy\engine\default.py", line 951, in do_execute
    cursor.execute(statement, parameters)
    ~~~~~~~~~~~~~~^^^^^^^^^^^^^^^^^^^^^^^
sqlalchemy.exc.ProgrammingError: (pyodbc.ProgrammingError) ('42S22', "[42S22] [Microsoft][ODBC SQL Server Driver][SQL Server]Invalid column name 'cloud_subscription'. (207) (SQLExecDirectW); [42S22] [Microsoft][ODBC SQL Server Driver][SQL Server]Statement(s) could not be prepared. (8180)")
[SQL: SELECT dbo.server.id_server, dbo.server.server_name, dbo.server.is_appliance, dbo.server.is_obsolete, dbo.server.power_state, dbo.server.r7_risk_score, dbo.server.id_operating_system, dbo.server.id_application, dbo.server.id_server_role, dbo.server.id_tier, dbo.server.id_source, dbo.server.cloud_subscription, dbo.server.id_environnement, dbo.server.id_vinci_division, dbo.server.update_date 
FROM dbo.server 
WHERE dbo.server.server_name = ?]
[parameters: ('FRHQSV986',)]
(Background on this error at: https://sqlalche.me/e/20/f405)
2025-09-03 19:25:02,986 - workers.server_db_worker - ERROR - Erreur lors de l'insertion pour la source T0_NGDT : (pyodbc.ProgrammingError) ('42S22', "[42S22] [Microsoft][ODBC SQL Server Driver][SQL Server]Invalid column name 'cloud_subscription'. (207) (SQLExecDirectW); [42S22] [Microsoft][ODBC SQL Server Driver][SQL Server]Statement(s) could not be prepared. (8180)")
[SQL: SELECT dbo.server.id_server, dbo.server.server_name, dbo.server.is_appliance, dbo.server.is_obsolete, dbo.server.power_state, dbo.server.r7_risk_score, dbo.server.id_operating_system, dbo.server.id_application, dbo.server.id_server_role, dbo.server.id_tier, dbo.server.id_source, dbo.server.cloud_subscription, dbo.server.id_environnement, dbo.server.id_vinci_division, dbo.server.update_date 
FROM dbo.server 
WHERE dbo.server.server_name = ?]
[parameters: ('D01PRDADDSWDC01',)]
(Background on this error at: https://sqlalche.me/e/20/f405)
Traceback (most recent call last):
  File "E:\KPI_HOSTING - V2.1\venv\Lib\site-packages\sqlalchemy\engine\base.py", line 1967, in _exec_single_context
    self.dialect.do_execute(
    ~~~~~~~~~~~~~~~~~~~~~~~^
        cursor, str_statement, effective_parameters, context
        ^^^^^^^^^^^^^^^^^^^^^^^^^^^^^^^^^^^^^^^^^^^^^^^^^^^^
    )
    ^
  File "E:\KPI_HOSTING - V2.1\venv\Lib\site-packages\sqlalchemy\engine\default.py", line 951, in do_execute
    cursor.execute(statement, parameters)
    ~~~~~~~~~~~~~~^^^^^^^^^^^^^^^^^^^^^^^
pyodbc.ProgrammingError: ('42S22', "[42S22] [Microsoft][ODBC SQL Server Driver][SQL Server]Invalid column name 'cloud_subscription'. (207) (SQLExecDirectW); [42S22] [Microsoft][ODBC SQL Server Driver][SQL Server]Statement(s) could not be prepared. (8180)")

The above exception was the direct cause of the following exception:

Traceback (most recent call last):
  File "e:\KPI_HOSTING - V2.1\workers\server_db_worker.py", line 43, in run
    action_method(data_item)
    ~~~~~~~~~~~~~^^^^^^^^^^^
  File "e:\KPI_HOSTING - V2.1\db\db_connector.py", line 356, in insert_networks_of_server
    server = self.session.scalars(select(Server).where(Server.server_name == server_data['name'])).first()
             ~~~~~~~~~~~~~~~~~~~~^^^^^^^^^^^^^^^^^^^^^^^^^^^^^^^^^^^^^^^^^^^^^^^^^^^^^^^^^^^^^^^^^
  File "E:\KPI_HOSTING - V2.1\venv\Lib\site-packages\sqlalchemy\orm\session.py", line 2473, in scalars
    return self._execute_internal(
           ~~~~~~~~~~~~~~~~~~~~~~^
        statement,
        ^^^^^^^^^^
    ...<4 lines>...
        **kw,
        ^^^^^
    ).scalars()
    ^
  File "E:\KPI_HOSTING - V2.1\venv\Lib\site-packages\sqlalchemy\orm\session.py", line 2251, in _execute_internal
    result: Result[Any] = compile_state_cls.orm_execute_statement(
                          ~~~~~~~~~~~~~~~~~~~~~~~~~~~~~~~~~~~~~~~^
        self,
        ^^^^^
    ...<4 lines>...
        conn,
        ^^^^^
    )
    ^
  File "E:\KPI_HOSTING - V2.1\venv\Lib\site-packages\sqlalchemy\orm\context.py", line 306, in orm_execute_statement
    result = conn.execute(
        statement, params or {}, execution_options=execution_options
    )
  File "E:\KPI_HOSTING - V2.1\venv\Lib\site-packages\sqlalchemy\engine\base.py", line 1419, in execute
    return meth(
        self,
        distilled_parameters,
        execution_options or NO_OPTIONS,
    )
  File "E:\KPI_HOSTING - V2.1\venv\Lib\site-packages\sqlalchemy\sql\elements.py", line 526, in _execute_on_connection
    return connection._execute_clauseelement(
           ~~~~~~~~~~~~~~~~~~~~~~~~~~~~~~~~~^
        self, distilled_params, execution_options
        ^^^^^^^^^^^^^^^^^^^^^^^^^^^^^^^^^^^^^^^^^
    )
    ^
  File "E:\KPI_HOSTING - V2.1\venv\Lib\site-packages\sqlalchemy\engine\base.py", line 1641, in _execute_clauseelement
    ret = self._execute_context(
        dialect,
    ...<8 lines>...
        cache_hit=cache_hit,
    )
  File "E:\KPI_HOSTING - V2.1\venv\Lib\site-packages\sqlalchemy\engine\base.py", line 1846, in _execute_context
    return self._exec_single_context(
           ~~~~~~~~~~~~~~~~~~~~~~~~~^
        dialect, context, statement, parameters
        ^^^^^^^^^^^^^^^^^^^^^^^^^^^^^^^^^^^^^^^
    )
    ^
  File "E:\KPI_HOSTING - V2.1\venv\Lib\site-packages\sqlalchemy\engine\base.py", line 1986, in _exec_single_context
    self._handle_dbapi_exception(
    ~~~~~~~~~~~~~~~~~~~~~~~~~~~~^
        e, str_statement, effective_parameters, cursor, context
        ^^^^^^^^^^^^^^^^^^^^^^^^^^^^^^^^^^^^^^^^^^^^^^^^^^^^^^^
    )
    ^
  File "E:\KPI_HOSTING - V2.1\venv\Lib\site-packages\sqlalchemy\engine\base.py", line 2355, in _handle_dbapi_exception
    raise sqlalchemy_exception.with_traceback(exc_info[2]) from e
  File "E:\KPI_HOSTING - V2.1\venv\Lib\site-packages\sqlalchemy\engine\base.py", line 1967, in _exec_single_context
    self.dialect.do_execute(
    ~~~~~~~~~~~~~~~~~~~~~~~^
        cursor, str_statement, effective_parameters, context
        ^^^^^^^^^^^^^^^^^^^^^^^^^^^^^^^^^^^^^^^^^^^^^^^^^^^^
    )
    ^
  File "E:\KPI_HOSTING - V2.1\venv\Lib\site-packages\sqlalchemy\engine\default.py", line 951, in do_execute
    cursor.execute(statement, parameters)
    ~~~~~~~~~~~~~~^^^^^^^^^^^^^^^^^^^^^^^
sqlalchemy.exc.ProgrammingError: (pyodbc.ProgrammingError) ('42S22', "[42S22] [Microsoft][ODBC SQL Server Driver][SQL Server]Invalid column name 'cloud_subscription'. (207) (SQLExecDirectW); [42S22] [Microsoft][ODBC SQL Server Driver][SQL Server]Statement(s) could not be prepared. (8180)")
[SQL: SELECT dbo.server.id_server, dbo.server.server_name, dbo.server.is_appliance, dbo.server.is_obsolete, dbo.server.power_state, dbo.server.r7_risk_score, dbo.server.id_operating_system, dbo.server.id_application, dbo.server.id_server_role, dbo.server.id_tier, dbo.server.id_source, dbo.server.cloud_subscription, dbo.server.id_environnement, dbo.server.id_vinci_division, dbo.server.update_date 
FROM dbo.server 
WHERE dbo.server.server_name = ?]
[parameters: ('D01PRDADDSWDC01',)]
(Background on this error at: https://sqlalche.me/e/20/f405)
2025-09-03 19:25:02,991 - collectors.inventory_manager - INFO - Toutes les insertions de networks dans la base de données sont terminées.
2025-09-03 19:25:02,992 - main - INFO - Inventory des serveurs terminé
2025-09-03 19:25:02,994 - agents.agent_manager - ERROR - Erreur lors de la récupération des serveurs dans la DB : (pyodbc.ProgrammingError) ('42S22', "[42S22] [Microsoft][ODBC SQL Server Driver][SQL Server]Invalid column name 'cloud_subscription'. (207) (SQLExecDirectW)")
[SQL: SELECT dbo.server.id_server, dbo.server.server_name, dbo.server.is_appliance, dbo.server.is_obsolete, dbo.server.power_state, dbo.server.r7_risk_score, dbo.server.id_operating_system, dbo.server.id_application, dbo.server.id_server_role, dbo.server.id_tier, dbo.server.id_source, dbo.server.cloud_subscription, dbo.server.id_environnement, dbo.server.id_vinci_division, dbo.server.update_date 
FROM dbo.server]
(Background on this error at: https://sqlalche.me/e/20/f405)
Traceback (most recent call last):
  File "E:\KPI_HOSTING - V2.1\venv\Lib\site-packages\sqlalchemy\engine\base.py", line 1967, in _exec_single_context
    self.dialect.do_execute(
    ~~~~~~~~~~~~~~~~~~~~~~~^
        cursor, str_statement, effective_parameters, context
        ^^^^^^^^^^^^^^^^^^^^^^^^^^^^^^^^^^^^^^^^^^^^^^^^^^^^
    )
    ^
  File "E:\KPI_HOSTING - V2.1\venv\Lib\site-packages\sqlalchemy\engine\default.py", line 951, in do_execute
    cursor.execute(statement, parameters)
    ~~~~~~~~~~~~~~^^^^^^^^^^^^^^^^^^^^^^^
pyodbc.ProgrammingError: ('42S22', "[42S22] [Microsoft][ODBC SQL Server Driver][SQL Server]Invalid column name 'cloud_subscription'. (207) (SQLExecDirectW)")

The above exception was the direct cause of the following exception:

Traceback (most recent call last):
  File "e:\KPI_HOSTING - V2.1\agents\agent_manager.py", line 55, in get_servers_list
    all_servers = db_queries.get_all_servers()
  File "e:\KPI_HOSTING - V2.1\db\db_connector.py", line 78, in get_all_servers
    return self.session.scalars(select(Server)).all()
           ~~~~~~~~~~~~~~~~~~~~^^^^^^^^^^^^^^^^
  File "E:\KPI_HOSTING - V2.1\venv\Lib\site-packages\sqlalchemy\orm\session.py", line 2473, in scalars
    return self._execute_internal(
           ~~~~~~~~~~~~~~~~~~~~~~^
        statement,
        ^^^^^^^^^^
    ...<4 lines>...
        **kw,
        ^^^^^
    ).scalars()
    ^
  File "E:\KPI_HOSTING - V2.1\venv\Lib\site-packages\sqlalchemy\orm\session.py", line 2251, in _execute_internal
    result: Result[Any] = compile_state_cls.orm_execute_statement(
                          ~~~~~~~~~~~~~~~~~~~~~~~~~~~~~~~~~~~~~~~^
        self,
        ^^^^^
    ...<4 lines>...
        conn,
        ^^^^^
    )
    ^
  File "E:\KPI_HOSTING - V2.1\venv\Lib\site-packages\sqlalchemy\orm\context.py", line 306, in orm_execute_statement
    result = conn.execute(
        statement, params or {}, execution_options=execution_options
    )
  File "E:\KPI_HOSTING - V2.1\venv\Lib\site-packages\sqlalchemy\engine\base.py", line 1419, in execute
    return meth(
        self,
        distilled_parameters,
        execution_options or NO_OPTIONS,
    )
  File "E:\KPI_HOSTING - V2.1\venv\Lib\site-packages\sqlalchemy\sql\elements.py", line 526, in _execute_on_connection
    return connection._execute_clauseelement(
           ~~~~~~~~~~~~~~~~~~~~~~~~~~~~~~~~~^
        self, distilled_params, execution_options
        ^^^^^^^^^^^^^^^^^^^^^^^^^^^^^^^^^^^^^^^^^
    )
    ^
  File "E:\KPI_HOSTING - V2.1\venv\Lib\site-packages\sqlalchemy\engine\base.py", line 1641, in _execute_clauseelement
    ret = self._execute_context(
        dialect,
    ...<8 lines>...
        cache_hit=cache_hit,
    )
  File "E:\KPI_HOSTING - V2.1\venv\Lib\site-packages\sqlalchemy\engine\base.py", line 1846, in _execute_context
    return self._exec_single_context(
           ~~~~~~~~~~~~~~~~~~~~~~~~~^
        dialect, context, statement, parameters
        ^^^^^^^^^^^^^^^^^^^^^^^^^^^^^^^^^^^^^^^
    )
    ^
  File "E:\KPI_HOSTING - V2.1\venv\Lib\site-packages\sqlalchemy\engine\base.py", line 1986, in _exec_single_context
    self._handle_dbapi_exception(
    ~~~~~~~~~~~~~~~~~~~~~~~~~~~~^
        e, str_statement, effective_parameters, cursor, context
        ^^^^^^^^^^^^^^^^^^^^^^^^^^^^^^^^^^^^^^^^^^^^^^^^^^^^^^^
    )
    ^
  File "E:\KPI_HOSTING - V2.1\venv\Lib\site-packages\sqlalchemy\engine\base.py", line 2355, in _handle_dbapi_exception
    raise sqlalchemy_exception.with_traceback(exc_info[2]) from e
  File "E:\KPI_HOSTING - V2.1\venv\Lib\site-packages\sqlalchemy\engine\base.py", line 1967, in _exec_single_context
    self.dialect.do_execute(
    ~~~~~~~~~~~~~~~~~~~~~~~^
        cursor, str_statement, effective_parameters, context
        ^^^^^^^^^^^^^^^^^^^^^^^^^^^^^^^^^^^^^^^^^^^^^^^^^^^^
    )
    ^
  File "E:\KPI_HOSTING - V2.1\venv\Lib\site-packages\sqlalchemy\engine\default.py", line 951, in do_execute
    cursor.execute(statement, parameters)
    ~~~~~~~~~~~~~~^^^^^^^^^^^^^^^^^^^^^^^
sqlalchemy.exc.ProgrammingError: (pyodbc.ProgrammingError) ('42S22', "[42S22] [Microsoft][ODBC SQL Server Driver][SQL Server]Invalid column name 'cloud_subscription'. (207) (SQLExecDirectW)")
[SQL: SELECT dbo.server.id_server, dbo.server.server_name, dbo.server.is_appliance, dbo.server.is_obsolete, dbo.server.power_state, dbo.server.r7_risk_score, dbo.server.id_operating_system, dbo.server.id_application, dbo.server.id_server_role, dbo.server.id_tier, dbo.server.id_source, dbo.server.cloud_subscription, dbo.server.id_environnement, dbo.server.id_vinci_division, dbo.server.update_date 
FROM dbo.server]
(Background on this error at: https://sqlalche.me/e/20/f405)
2025-09-03 19:25:03,017 - agents.agent_manager - INFO - Démarrage de la collecte et du traitement en parallèle...
2025-09-03 19:25:03,020 - workers.server_agents_worker - INFO - Démarrage de la collecte et du traitement pour la source : CHECKMK - VIC-T1
2025-09-03 19:25:03,022 - workers.server_agents_worker - INFO - Démarrage de la collecte et du traitement pour la source : CHECKMK - VIC-T0
2025-09-03 19:25:03,023 - workers.server_agents_worker - INFO - Démarrage de la collecte et du traitement pour la source : CHECKMK - OXYA-T0
2025-09-03 19:25:03,023 - workers.server_agents_worker - INFO - Démarrage de la collecte et du traitement pour la source : GLPI - GLPI-VCSI
2025-09-03 19:25:03,030 - workers.server_agents_worker - INFO - Démarrage de la collecte et du traitement pour la source : RAPID7 - Rapid7-VCSI
2025-09-03 19:25:03,048 - agents.rapid7_collector - Rapid7-VCSI - INFO - Collecte Rapid7 terminée. 0 serveurs traités avec succès.
2025-09-03 19:25:03,054 - agents.rapid7_collector - Rapid7-VCSI - INFO - Aucune donnée brute à normaliser. Retourne une liste vide.
2025-09-03 19:25:03,106 - workers.server_agents_worker - WARNING - Aucune donnée à traiter pour la source : RAPID7 - Rapid7-VCSI
2025-09-03 19:25:03,497 - CHECKMK - OXYA-T0 - INFO - Normalisation terminée. 31 serveurs normalisés.
2025-09-03 19:25:03,498 - workers.server_agents_worker - INFO - Collecte terminée : 31 serveurs trouvés pour la source : CHECKMK - OXYA-T0
2025-09-03 19:25:03,499 - CHECKMK - VIC-T0 - INFO - Normalisation terminée. 92 serveurs normalisés.
2025-09-03 19:25:03,500 - workers.server_agents_worker - INFO - Collecte terminée : 92 serveurs trouvés pour la source : CHECKMK - VIC-T0
2025-09-03 19:25:03,502 - workers.server_agents_worker - INFO - Données normalisées pour 'CHECKMK - OXYA-T0' exportées avec succès vers exports\CHECKMK - OXYA-T0.json
2025-09-03 19:25:03,503 - workers.server_agents_worker - INFO - Données normalisées pour 'CHECKMK - VIC-T0' exportées avec succès vers exports\CHECKMK - VIC-T0.json
2025-09-03 19:25:03,665 - GLPI - GLPI-VCSI - INFO - Normalisation terminée. 1041 serveurs normalisés.
2025-09-03 19:25:03,665 - workers.server_agents_worker - INFO - Collecte terminée : 1041 serveurs trouvés pour la source : GLPI - GLPI-VCSI
2025-09-03 19:25:03,682 - workers.server_agents_worker - INFO - Données normalisées pour 'GLPI - GLPI-VCSI' exportées avec succès vers exports\GLPI - GLPI-VCSI.json
2025-09-03 19:25:04,267 - CHECKMK - VIC-T1 - INFO - Normalisation terminée. 958 serveurs normalisés.
2025-09-03 19:25:04,268 - workers.server_agents_worker - INFO - Collecte terminée : 958 serveurs trouvés pour la source : CHECKMK - VIC-T1
2025-09-03 19:25:04,281 - workers.server_agents_worker - INFO - Données normalisées pour 'CHECKMK - VIC-T1' exportées avec succès vers exports\CHECKMK - VIC-T1.json
2025-09-03 19:25:04,282 - agents.agent_manager - INFO - Collecte terminée. Démarrage de la consolidation des données.
2025-09-03 19:25:04,284 - agents.agent_manager - INFO - Démarrage de la phase de traitement et de mise à jour des agents.
2025-09-03 19:25:04,314 - agents.agent_manager - INFO - Données exportées avec succès vers exports\all_agents.json
2025-09-03 19:25:04,315 - agents.agent_manager - INFO - Phase de traitement terminée. Les agents ont été mis à jour.
2025-09-03 19:25:04,315 - main - INFO - Application terminée
