2025-09-03 19:38:42,827 - root - INFO - Configuration de logging chargée avec succès.
2025-09-03 19:38:42,827 - main - INFO - Application démarrée
2025-09-03 19:38:42,848 - main - INFO - Démarrage de l'inventory des serveurs
2025-09-03 19:38:42,849 - collectors.inventory_manager - INFO - Démarrage de la collecte et du traitement en parallèle...
2025-09-03 19:38:42,850 - workers.server_worker - INFO - Démarrage de la collecte et du traitement pour la source : AZURE_VCSI
2025-09-03 19:38:42,850 - workers.server_worker - INFO - Démarrage de la collecte et du traitement pour la source : VCENTER_NGDT_02
2025-09-03 19:38:42,850 - workers.server_worker - INFO - Démarrage de la collecte et du traitement pour la source : VCENTER_NGDT_03
2025-09-03 19:38:42,851 - workers.server_worker - INFO - Démarrage de la collecte et du traitement pour la source : VCENTER_OXYA
2025-09-03 19:38:42,852 - workers.server_worker - INFO - Démarrage de la collecte et du traitement pour la source : T0_NGDT
2025-09-03 19:38:42,928 - workers.server_worker - INFO - Collecte terminée : 92 serveurs trouvés pour la source : T0_NGDT
2025-09-03 19:39:12,923 - workers.server_worker - INFO - Collecte terminée : 55 serveurs trouvés pour la source : VCENTER_NGDT_02
2025-09-03 19:39:54,468 - workers.server_worker - INFO - Collecte terminée : 203 serveurs trouvés pour la source : VCENTER_OXYA
2025-09-03 19:41:44,295 - collectors.azure_collector - AZURE_VCSI - ERROR - Erreur réseau pour AZ-NCENTRAL-01: 404 Client Error: Not Found for url: https://management.azure.com/subscriptions/a246a94f-4c5f-467a-bfa2-6294f6966f08/resourceGroups/rg-swc-prd-aus-vm-001-australiaeast/providers/Microsoft.Network/networkInterfaces/AZ-NCENTRAL-01_New?api-version=2024-05-01
2025-09-03 19:42:12,114 - collectors.azure_collector - AZURE_VCSI - ERROR - Erreur réseau pour SOFFRPRDTEAM01: 404 Client Error: Not Found for url: https://management.azure.com/subscriptions/b424b8b0-a315-442e-ae5e-493bb8c6e9ec/resourceGroups/RG-FR-WE-SOF-NETWORK/providers/Microsoft.Network/networkInterfaces/soffrprdteam01881_z1?api-version=2024-05-01
2025-09-03 19:42:31,636 - workers.server_worker - INFO - Collecte terminée : 1157 serveurs trouvés pour la source : VCENTER_NGDT_03
2025-09-03 19:42:51,694 - workers.server_worker - INFO - Collecte terminée : 436 serveurs trouvés pour la source : AZURE_VCSI
2025-09-03 19:42:51,715 - collectors.inventory_manager - INFO - Phase de collecte terminée. Récupération des résultats...
2025-09-03 19:42:51,716 - collectors.inventory_manager - INFO - Démarrage de la phase d'insertion dans la base de données en parallèle...
2025-09-03 19:42:51,783 - collectors.inventory_manager - INFO - Insertion des données de cloud subscriptions dans la base de données...
2025-09-03 19:42:51,784 - workers.server_db_worker - INFO - Démarrage de l'insertion pour la source : AZURE_VCSI
2025-09-03 19:42:51,784 - workers.server_db_worker - INFO - Démarrage de l'insertion pour la source : AZURE_VCSI
2025-09-03 19:42:54,359 - workers.server_db_worker - INFO - Insertion réussie pour 951 éléments de la source AZURE_VCSI avec la méthode upsert_network.
2025-09-03 19:43:05,597 - workers.server_db_worker - INFO - Insertion réussie pour 2469 éléments de la source AZURE_VCSI avec la méthode upsert_subscription.
2025-09-03 19:43:05,598 - collectors.inventory_manager - INFO - Insertions des données de cloud subscriptions terminées.
2025-09-03 19:43:05,599 - workers.server_db_worker - INFO - Démarrage de l'insertion pour la source : AZURE_VCSI
2025-09-03 19:43:05,599 - workers.server_db_worker - INFO - Démarrage de l'insertion pour la source : VCENTER_NGDT_02
2025-09-03 19:43:05,602 - workers.server_db_worker - INFO - Démarrage de l'insertion pour la source : VCENTER_NGDT_03
2025-09-03 19:43:05,603 - workers.server_db_worker - INFO - Démarrage de l'insertion pour la source : VCENTER_OXYA
2025-09-03 19:43:05,603 - workers.server_db_worker - INFO - Démarrage de l'insertion pour la source : T0_NGDT
2025-09-03 19:43:06,289 - workers.server_db_worker - INFO - Insertion réussie pour 55 éléments de la source VCENTER_NGDT_02 avec la méthode insert_server_in_db.
2025-09-03 19:43:06,569 - workers.server_db_worker - INFO - Insertion réussie pour 92 éléments de la source T0_NGDT avec la méthode insert_server_in_db.
2025-09-03 19:43:07,379 - workers.server_db_worker - INFO - Insertion réussie pour 203 éléments de la source VCENTER_OXYA avec la méthode insert_server_in_db.
2025-09-03 19:43:12,994 - workers.server_db_worker - INFO - Insertion réussie pour 1157 éléments de la source VCENTER_NGDT_03 avec la méthode insert_server_in_db.
2025-09-03 19:43:12,995 - collectors.inventory_manager - INFO - Toutes les insertions de serveurs dans la base de données sont terminées.
2025-09-03 19:43:12,996 - workers.server_db_worker - INFO - Démarrage de l'insertion pour la source : AZURE_VCSI
2025-09-03 19:43:12,997 - workers.server_db_worker - INFO - Démarrage de l'insertion pour la source : VCENTER_NGDT_02
2025-09-03 19:43:12,998 - workers.server_db_worker - INFO - Démarrage de l'insertion pour la source : VCENTER_NGDT_03
2025-09-03 19:43:12,998 - workers.server_db_worker - INFO - Démarrage de l'insertion pour la source : VCENTER_OXYA
2025-09-03 19:43:12,999 - workers.server_db_worker - INFO - Démarrage de l'insertion pour la source : T0_NGDT
2025-09-03 19:43:13,714 - workers.server_db_worker - INFO - Insertion réussie pour 55 éléments de la source VCENTER_NGDT_02 avec la méthode insert_networks_of_server.
2025-09-03 19:43:14,038 - workers.server_db_worker - INFO - Insertion réussie pour 92 éléments de la source T0_NGDT avec la méthode insert_networks_of_server.
2025-09-03 19:43:14,145 - workers.server_db_worker - INFO - Insertion réussie pour 436 éléments de la source AZURE_VCSI avec la méthode insert_networks_of_server.
2025-09-03 19:43:14,554 - workers.server_db_worker - INFO - Insertion réussie pour 203 éléments de la source VCENTER_OXYA avec la méthode insert_networks_of_server.
2025-09-03 19:43:18,226 - workers.server_db_worker - INFO - Insertion réussie pour 1157 éléments de la source VCENTER_NGDT_03 avec la méthode insert_networks_of_server.
2025-09-03 19:43:18,227 - collectors.inventory_manager - INFO - Toutes les insertions de networks dans la base de données sont terminées.
2025-09-03 19:43:18,227 - main - INFO - Inventory des serveurs terminé
2025-09-03 19:43:18,272 - agents.agent_manager - INFO - Démarrage de la collecte et du traitement en parallèle...
2025-09-03 19:43:18,273 - workers.server_agents_worker - INFO - Démarrage de la collecte et du traitement pour la source : CHECKMK - VIC-T1
2025-09-03 19:43:18,274 - workers.server_agents_worker - INFO - Démarrage de la collecte et du traitement pour la source : CHECKMK - VIC-T0
2025-09-03 19:43:18,274 - workers.server_agents_worker - INFO - Démarrage de la collecte et du traitement pour la source : CHECKMK - OXYA-T0
2025-09-03 19:43:18,275 - workers.server_agents_worker - INFO - Démarrage de la collecte et du traitement pour la source : GLPI - GLPI-VCSI
2025-09-03 19:43:18,276 - workers.server_agents_worker - INFO - Démarrage de la collecte et du traitement pour la source : RAPID7 - Rapid7-VCSI
2025-09-03 19:43:18,751 - CHECKMK - VIC-T0 - INFO - Normalisation terminée. 92 serveurs normalisés.
2025-09-03 19:43:18,751 - workers.server_agents_worker - INFO - Collecte terminée : 92 serveurs trouvés pour la source : CHECKMK - VIC-T0
2025-09-03 19:43:18,814 - CHECKMK - OXYA-T0 - INFO - Normalisation terminée. 31 serveurs normalisés.
2025-09-03 19:43:18,815 - workers.server_agents_worker - INFO - Collecte terminée : 31 serveurs trouvés pour la source : CHECKMK - OXYA-T0
2025-09-03 19:43:19,010 - GLPI - GLPI-VCSI - INFO - Normalisation terminée. 1041 serveurs normalisés.
2025-09-03 19:43:19,010 - workers.server_agents_worker - INFO - Collecte terminée : 1041 serveurs trouvés pour la source : GLPI - GLPI-VCSI
2025-09-03 19:43:19,070 - CHECKMK - VIC-T1 - INFO - Normalisation terminée. 958 serveurs normalisés.
2025-09-03 19:43:19,071 - workers.server_agents_worker - INFO - Collecte terminée : 958 serveurs trouvés pour la source : CHECKMK - VIC-T1
2025-09-03 19:44:30,819 - agents.rapid7_collector - Rapid7-VCSI - INFO - Collecte Rapid7 terminée. 1082 serveurs traités avec succès.
2025-09-03 19:44:30,823 - agents.rapid7_collector - Rapid7-VCSI - INFO - Normalisation terminée. 1082 serveurs normalisés.
2025-09-03 19:44:30,824 - workers.server_agents_worker - INFO - Collecte terminée : 1082 serveurs trouvés pour la source : RAPID7 - Rapid7-VCSI
2025-09-03 19:44:30,835 - agents.agent_manager - INFO - Collecte terminée. Démarrage de la consolidation des données.
2025-09-03 19:44:30,836 - agents.agent_manager - INFO - Démarrage de la phase de traitement et de mise à jour des agents.
2025-09-03 19:45:12,515 - agents.agent_manager - INFO - Données exportées avec succès vers exports\all_agents.json
2025-09-03 19:45:12,516 - agents.agent_manager - INFO - Phase de traitement terminée. Les agents ont été mis à jour.
2025-09-03 19:45:12,516 - main - INFO - Application terminée
