2025-09-03 17:00:20,947 - root - INFO - Configuration de logging chargée avec succès.
2025-09-03 17:00:20,948 - main - INFO - Application démarrée
2025-09-03 17:00:20,967 - agents.agent_manager - INFO - Démarrage de la collecte et du traitement en parallèle...
2025-09-03 17:00:21,099 - workers.server_agents_worker - INFO - Démarrage de la collecte et du traitement pour la source : CHECKMK - VIC-T1
2025-09-03 17:00:21,099 - workers.server_agents_worker - INFO - Démarrage de la collecte et du traitement pour la source : CHECKMK - VIC-T0
2025-09-03 17:00:21,100 - workers.server_agents_worker - INFO - Démarrage de la collecte et du traitement pour la source : CHECKMK - OXYA-T0
2025-09-03 17:00:21,100 - workers.server_agents_worker - INFO - Démarrage de la collecte et du traitement pour la source : GLPI - GLPI-VCSI
2025-09-03 17:00:21,592 - CHECKMK - OXYA-T0 - INFO - Normalisation terminée. 31 serveurs normalisés.
2025-09-03 17:00:21,592 - workers.server_agents_worker - INFO - Collecte terminée : 31 serveurs trouvés pour la source : CHECKMK - OXYA-T0
2025-09-03 17:00:21,594 - workers.server_agents_worker - INFO - Données normalisées pour 'CHECKMK - OXYA-T0' exportées avec succès vers exports\CHECKMK - OXYA-T0.json
2025-09-03 17:00:21,604 - CHECKMK - VIC-T0 - INFO - Normalisation terminée. 92 serveurs normalisés.
2025-09-03 17:00:21,604 - workers.server_agents_worker - INFO - Collecte terminée : 92 serveurs trouvés pour la source : CHECKMK - VIC-T0
2025-09-03 17:00:21,606 - workers.server_agents_worker - INFO - Données normalisées pour 'CHECKMK - VIC-T0' exportées avec succès vers exports\CHECKMK - VIC-T0.json
2025-09-03 17:00:21,741 - GLPI - GLPI-VCSI - INFO - Normalisation terminée. 1041 serveurs normalisés.
2025-09-03 17:00:21,742 - workers.server_agents_worker - INFO - Collecte terminée : 1041 serveurs trouvés pour la source : GLPI - GLPI-VCSI
2025-09-03 17:00:21,755 - workers.server_agents_worker - INFO - Données normalisées pour 'GLPI - GLPI-VCSI' exportées avec succès vers exports\GLPI - GLPI-VCSI.json
2025-09-03 17:00:22,090 - CHECKMK - VIC-T1 - INFO - Normalisation terminée. 958 serveurs normalisés.
2025-09-03 17:00:22,091 - workers.server_agents_worker - INFO - Collecte terminée : 958 serveurs trouvés pour la source : CHECKMK - VIC-T1
2025-09-03 17:00:22,101 - workers.server_agents_worker - INFO - Données normalisées pour 'CHECKMK - VIC-T1' exportées avec succès vers exports\CHECKMK - VIC-T1.json
2025-09-03 17:00:22,102 - workers.server_agents_worker - INFO - Démarrage de la collecte et du traitement pour la source : GLPI - GLPI-VCSI
2025-09-03 17:00:22,103 - agents.rapid7_collector - GLPI-VCSI - INFO - Aucune donnée brute à normaliser. Retourne une liste vide.
2025-09-03 17:00:22,103 - workers.server_agents_worker - WARNING - Aucune donnée à traiter pour la source : GLPI - GLPI-VCSI
2025-09-03 17:00:22,117 - agents.agent_manager - INFO - Données exportées avec succès vers exports\all_agents.json
2025-09-03 17:00:22,117 - agents.agent_manager - INFO - Phase de collecte terminée. Récupération des résultats...
2025-09-03 17:00:22,118 - main - INFO - Application terminée
