2025-09-03 15:58:29,554 - root - INFO - Configuration de logging chargée avec succès.
2025-09-03 15:58:29,554 - main - INFO - Application démarrée
2025-09-03 15:58:29,570 - agents.agent_manager - INFO - Démarrage de la collecte et du traitement en parallèle...
2025-09-03 15:58:29,571 - workers.server_agents_worker - INFO - Démarrage de la collecte et du traitement pour la source : CHECKMK - VIC-T1
2025-09-03 15:58:29,572 - workers.server_agents_worker - INFO - Démarrage de la collecte et du traitement pour la source : CHECKMK - VIC-T0
2025-09-03 15:58:29,574 - workers.server_agents_worker - INFO - Démarrage de la collecte et du traitement pour la source : CHECKMK - OXYA-T0
2025-09-03 15:58:29,588 - workers.server_agents_worker - INFO - Démarrage de la collecte et du traitement pour la source : GLPI - GLPI-VCSI
2025-09-03 15:58:29,699 - GLPI - GLPI-VCSI - INFO - <Response [400]>
2025-09-03 15:58:29,752 - GLPI - GLPI-VCSI - INFO - <Response [400]>
2025-09-03 15:58:29,752 - GLPI - GLPI-VCSI - INFO - Error in /search/Computer 1
2025-09-03 15:58:29,753 - workers.server_agents_worker - ERROR - Erreur dans le thread du collecteur GLPI - GLPI-VCSI : 'NoneType' object is not subscriptable
Traceback (most recent call last):
  File "e:\KPI_HOSTING - V2.1\workers\server_agents_worker.py", line 47, in run
    servers_data = self.collector.collect()
  File "e:\KPI_HOSTING - V2.1\agents\glpi_collector.py", line 20, in collect
    servers_data = self.glpi_connector.collect()
  File "e:\KPI_HOSTING - V2.1\connectors\glpi_connector.py", line 67, in collect
    return self.glpi_computers['data']
           ~~~~~~~~~~~~~~~~~~~^^^^^^^^
TypeError: 'NoneType' object is not subscriptable
2025-09-03 15:58:30,012 - CHECKMK - VIC-T0 - INFO - Normalisation terminée. 92 serveurs normalisés.
2025-09-03 15:58:30,013 - workers.server_agents_worker - INFO - Collecte terminée : 92 serveurs trouvés pour la source : CHECKMK - VIC-T0
2025-09-03 15:58:30,015 - workers.server_agents_worker - INFO - Données normalisées pour 'CHECKMK - VIC-T0' exportées avec succès vers exports\CHECKMK - VIC-T0.json
2025-09-03 15:58:30,044 - CHECKMK - OXYA-T0 - INFO - Normalisation terminée. 31 serveurs normalisés.
2025-09-03 15:58:30,045 - workers.server_agents_worker - INFO - Collecte terminée : 31 serveurs trouvés pour la source : CHECKMK - OXYA-T0
2025-09-03 15:58:30,046 - workers.server_agents_worker - INFO - Données normalisées pour 'CHECKMK - OXYA-T0' exportées avec succès vers exports\CHECKMK - OXYA-T0.json
2025-09-03 15:58:30,441 - CHECKMK - VIC-T1 - INFO - Normalisation terminée. 958 serveurs normalisés.
2025-09-03 15:58:30,441 - workers.server_agents_worker - INFO - Collecte terminée : 958 serveurs trouvés pour la source : CHECKMK - VIC-T1
2025-09-03 15:58:30,452 - workers.server_agents_worker - INFO - Données normalisées pour 'CHECKMK - VIC-T1' exportées avec succès vers exports\CHECKMK - VIC-T1.json
2025-09-03 15:58:30,467 - agents.agent_manager - INFO - Données exportées avec succès vers exports\all_agents.json
2025-09-03 15:58:30,468 - agents.agent_manager - INFO - Phase de collecte terminée. Récupération des résultats...
2025-09-03 15:58:30,468 - main - INFO - Application terminée
