2025-09-03 19:45:17,827 - root - INFO - Configuration de logging chargée avec succès.
2025-09-03 19:45:17,828 - main - INFO - Application démarrée
2025-09-03 19:45:17,848 - main - INFO - Démarrage de l'inventory des serveurs
2025-09-03 19:45:17,849 - collectors.inventory_manager - INFO - Démarrage de la collecte et du traitement en parallèle...
2025-09-03 19:45:17,850 - workers.server_worker - INFO - Démarrage de la collecte et du traitement pour la source : AZURE_VCSI
2025-09-03 19:45:17,851 - workers.server_worker - INFO - Démarrage de la collecte et du traitement pour la source : VCENTER_NGDT_02
2025-09-03 19:45:17,851 - workers.server_worker - INFO - Démarrage de la collecte et du traitement pour la source : VCENTER_NGDT_03
2025-09-03 19:45:17,853 - workers.server_worker - INFO - Démarrage de la collecte et du traitement pour la source : VCENTER_OXYA
2025-09-03 19:45:17,854 - workers.server_worker - INFO - Démarrage de la collecte et du traitement pour la source : T0_NGDT
2025-09-03 19:45:17,865 - workers.server_worker - INFO - Collecte terminée : 92 serveurs trouvés pour la source : T0_NGDT
2025-09-03 19:45:48,459 - workers.server_worker - INFO - Collecte terminée : 55 serveurs trouvés pour la source : VCENTER_NGDT_02
2025-09-03 19:46:30,532 - workers.server_worker - INFO - Collecte terminée : 203 serveurs trouvés pour la source : VCENTER_OXYA
2025-09-03 19:47:35,092 - collectors.azure_collector - AZURE_VCSI - ERROR - Erreur réseau pour AZ-NCENTRAL-01: 404 Client Error: Not Found for url: https://management.azure.com/subscriptions/a246a94f-4c5f-467a-bfa2-6294f6966f08/resourceGroups/rg-swc-prd-aus-vm-001-australiaeast/providers/Microsoft.Network/networkInterfaces/AZ-NCENTRAL-01_New?api-version=2024-05-01
2025-09-03 19:48:14,597 - collectors.azure_collector - AZURE_VCSI - ERROR - Erreur réseau pour SOFFRPRDTEAM01: 404 Client Error: Not Found for url: https://management.azure.com/subscriptions/b424b8b0-a315-442e-ae5e-493bb8c6e9ec/resourceGroups/RG-FR-WE-SOF-NETWORK/providers/Microsoft.Network/networkInterfaces/soffrprdteam01881_z1?api-version=2024-05-01
2025-09-03 19:49:03,674 - workers.server_worker - INFO - Collecte terminée : 1157 serveurs trouvés pour la source : VCENTER_NGDT_03
2025-09-03 19:49:11,237 - workers.server_worker - INFO - Collecte terminée : 436 serveurs trouvés pour la source : AZURE_VCSI
2025-09-03 19:49:11,254 - collectors.inventory_manager - INFO - Phase de collecte terminée. Récupération des résultats...
2025-09-03 19:49:11,255 - collectors.inventory_manager - INFO - Démarrage de la phase d'insertion dans la base de données en parallèle...
2025-09-03 19:49:11,327 - collectors.inventory_manager - INFO - Insertion des données de cloud subscriptions dans la base de données...
2025-09-03 19:49:11,343 - workers.server_db_worker - INFO - Démarrage de l'insertion pour la source : AZURE_VCSI
2025-09-03 19:49:11,344 - workers.server_db_worker - INFO - Démarrage de l'insertion pour la source : AZURE_VCSI
2025-09-03 19:49:13,970 - workers.server_db_worker - INFO - Insertion réussie pour 951 éléments de la source AZURE_VCSI avec la méthode upsert_network.
2025-09-03 19:49:25,317 - workers.server_db_worker - INFO - Insertion réussie pour 2469 éléments de la source AZURE_VCSI avec la méthode upsert_subscription.
2025-09-03 19:49:25,318 - collectors.inventory_manager - INFO - Insertions des données de cloud subscriptions terminées.
2025-09-03 19:49:25,319 - workers.server_db_worker - INFO - Démarrage de l'insertion pour la source : AZURE_VCSI
2025-09-03 19:49:25,319 - workers.server_db_worker - INFO - Démarrage de l'insertion pour la source : VCENTER_NGDT_02
2025-09-03 19:49:25,322 - workers.server_db_worker - INFO - Démarrage de l'insertion pour la source : VCENTER_NGDT_03
2025-09-03 19:49:25,323 - workers.server_db_worker - INFO - Démarrage de l'insertion pour la source : VCENTER_OXYA
2025-09-03 19:49:25,323 - workers.server_db_worker - INFO - Démarrage de l'insertion pour la source : T0_NGDT
2025-09-03 19:49:25,359 - workers.server_db_worker - ERROR - Erreur lors de l'insertion pour la source AZURE_VCSI : (pyodbc.ProgrammingError) ('Invalid parameter type.  param-index=10 param-type=CloudSubscription', 'HY105')
[SQL: INSERT INTO dbo.server (server_name, is_appliance, is_obsolete, power_state, r7_risk_score, id_operating_system, id_application, id_server_role, id_tier, id_source, id_cloud_subscription, id_environnement, id_vinci_division, update_date) OUTPUT inserted.id_server VALUES (?, ?, ?, ?, ?, ?, ?, ?, ?, ?, ?, ?, ?, ?)]
[parameters: ('vm-chl-prd-use-rdpbtxaus-005', 0, 0, 'POWER_ON', None, 1, 301, 87, 1, 2, <CloudSubscription(name='None')>, 10, 14, datetime.datetime(2025, 9, 3, 0, 0))]
(Background on this error at: https://sqlalche.me/e/20/f405)
Traceback (most recent call last):
  File "E:\KPI_HOSTING - V2.1\venv\Lib\site-packages\sqlalchemy\engine\base.py", line 1967, in _exec_single_context
    self.dialect.do_execute(
    ~~~~~~~~~~~~~~~~~~~~~~~^
        cursor, str_statement, effective_parameters, context
        ^^^^^^^^^^^^^^^^^^^^^^^^^^^^^^^^^^^^^^^^^^^^^^^^^^^^
    )
    ^
  File "E:\KPI_HOSTING - V2.1\venv\Lib\site-packages\sqlalchemy\engine\default.py", line 951, in do_execute
    cursor.execute(statement, parameters)
    ~~~~~~~~~~~~~~^^^^^^^^^^^^^^^^^^^^^^^
pyodbc.ProgrammingError: ('Invalid parameter type.  param-index=10 param-type=CloudSubscription', 'HY105')

The above exception was the direct cause of the following exception:

Traceback (most recent call last):
  File "e:\KPI_HOSTING - V2.1\workers\server_db_worker.py", line 43, in run
    action_method(data_item)
    ~~~~~~~~~~~~~^^^^^^^^^^^
  File "e:\KPI_HOSTING - V2.1\db\db_connector.py", line 348, in insert_server_in_db
    self.session.commit()
    ~~~~~~~~~~~~~~~~~~~^^
  File "E:\KPI_HOSTING - V2.1\venv\Lib\site-packages\sqlalchemy\orm\session.py", line 2032, in commit
    trans.commit(_to_root=True)
    ~~~~~~~~~~~~^^^^^^^^^^^^^^^
  File "<string>", line 2, in commit
  File "E:\KPI_HOSTING - V2.1\venv\Lib\site-packages\sqlalchemy\orm\state_changes.py", line 137, in _go
    ret_value = fn(self, *arg, **kw)
  File "E:\KPI_HOSTING - V2.1\venv\Lib\site-packages\sqlalchemy\orm\session.py", line 1313, in commit
    self._prepare_impl()
    ~~~~~~~~~~~~~~~~~~^^
  File "<string>", line 2, in _prepare_impl
  File "E:\KPI_HOSTING - V2.1\venv\Lib\site-packages\sqlalchemy\orm\state_changes.py", line 137, in _go
    ret_value = fn(self, *arg, **kw)
  File "E:\KPI_HOSTING - V2.1\venv\Lib\site-packages\sqlalchemy\orm\session.py", line 1288, in _prepare_impl
    self.session.flush()
    ~~~~~~~~~~~~~~~~~~^^
  File "E:\KPI_HOSTING - V2.1\venv\Lib\site-packages\sqlalchemy\orm\session.py", line 4345, in flush
    self._flush(objects)
    ~~~~~~~~~~~^^^^^^^^^
  File "E:\KPI_HOSTING - V2.1\venv\Lib\site-packages\sqlalchemy\orm\session.py", line 4480, in _flush
    with util.safe_reraise():
         ~~~~~~~~~~~~~~~~~^^
  File "E:\KPI_HOSTING - V2.1\venv\Lib\site-packages\sqlalchemy\util\langhelpers.py", line 224, in __exit__
    raise exc_value.with_traceback(exc_tb)
  File "E:\KPI_HOSTING - V2.1\venv\Lib\site-packages\sqlalchemy\orm\session.py", line 4441, in _flush
    flush_context.execute()
    ~~~~~~~~~~~~~~~~~~~~~^^
  File "E:\KPI_HOSTING - V2.1\venv\Lib\site-packages\sqlalchemy\orm\unitofwork.py", line 466, in execute
    rec.execute(self)
    ~~~~~~~~~~~^^^^^^
  File "E:\KPI_HOSTING - V2.1\venv\Lib\site-packages\sqlalchemy\orm\unitofwork.py", line 642, in execute
    util.preloaded.orm_persistence.save_obj(
    ~~~~~~~~~~~~~~~~~~~~~~~~~~~~~~~~~~~~~~~^
        self.mapper,
        ^^^^^^^^^^^^
        uow.states_for_mapper_hierarchy(self.mapper, False, False),
        ^^^^^^^^^^^^^^^^^^^^^^^^^^^^^^^^^^^^^^^^^^^^^^^^^^^^^^^^^^^
        uow,
        ^^^^
    )
    ^
  File "E:\KPI_HOSTING - V2.1\venv\Lib\site-packages\sqlalchemy\orm\persistence.py", line 93, in save_obj
    _emit_insert_statements(
    ~~~~~~~~~~~~~~~~~~~~~~~^
        base_mapper,
        ^^^^^^^^^^^^
    ...<3 lines>...
        insert,
        ^^^^^^^
    )
    ^
  File "E:\KPI_HOSTING - V2.1\venv\Lib\site-packages\sqlalchemy\orm\persistence.py", line 1233, in _emit_insert_statements
    result = connection.execute(
        statement,
        params,
        execution_options=execution_options,
    )
  File "E:\KPI_HOSTING - V2.1\venv\Lib\site-packages\sqlalchemy\engine\base.py", line 1419, in execute
    return meth(
        self,
        distilled_parameters,
        execution_options or NO_OPTIONS,
    )
  File "E:\KPI_HOSTING - V2.1\venv\Lib\site-packages\sqlalchemy\sql\elements.py", line 526, in _execute_on_connection
    return connection._execute_clauseelement(
           ~~~~~~~~~~~~~~~~~~~~~~~~~~~~~~~~~^
        self, distilled_params, execution_options
        ^^^^^^^^^^^^^^^^^^^^^^^^^^^^^^^^^^^^^^^^^
    )
    ^
  File "E:\KPI_HOSTING - V2.1\venv\Lib\site-packages\sqlalchemy\engine\base.py", line 1641, in _execute_clauseelement
    ret = self._execute_context(
        dialect,
    ...<8 lines>...
        cache_hit=cache_hit,
    )
  File "E:\KPI_HOSTING - V2.1\venv\Lib\site-packages\sqlalchemy\engine\base.py", line 1846, in _execute_context
    return self._exec_single_context(
           ~~~~~~~~~~~~~~~~~~~~~~~~~^
        dialect, context, statement, parameters
        ^^^^^^^^^^^^^^^^^^^^^^^^^^^^^^^^^^^^^^^
    )
    ^
  File "E:\KPI_HOSTING - V2.1\venv\Lib\site-packages\sqlalchemy\engine\base.py", line 1986, in _exec_single_context
    self._handle_dbapi_exception(
    ~~~~~~~~~~~~~~~~~~~~~~~~~~~~^
        e, str_statement, effective_parameters, cursor, context
        ^^^^^^^^^^^^^^^^^^^^^^^^^^^^^^^^^^^^^^^^^^^^^^^^^^^^^^^
    )
    ^
  File "E:\KPI_HOSTING - V2.1\venv\Lib\site-packages\sqlalchemy\engine\base.py", line 2355, in _handle_dbapi_exception
    raise sqlalchemy_exception.with_traceback(exc_info[2]) from e
  File "E:\KPI_HOSTING - V2.1\venv\Lib\site-packages\sqlalchemy\engine\base.py", line 1967, in _exec_single_context
    self.dialect.do_execute(
    ~~~~~~~~~~~~~~~~~~~~~~~^
        cursor, str_statement, effective_parameters, context
        ^^^^^^^^^^^^^^^^^^^^^^^^^^^^^^^^^^^^^^^^^^^^^^^^^^^^
    )
    ^
  File "E:\KPI_HOSTING - V2.1\venv\Lib\site-packages\sqlalchemy\engine\default.py", line 951, in do_execute
    cursor.execute(statement, parameters)
    ~~~~~~~~~~~~~~^^^^^^^^^^^^^^^^^^^^^^^
sqlalchemy.exc.ProgrammingError: (pyodbc.ProgrammingError) ('Invalid parameter type.  param-index=10 param-type=CloudSubscription', 'HY105')
[SQL: INSERT INTO dbo.server (server_name, is_appliance, is_obsolete, power_state, r7_risk_score, id_operating_system, id_application, id_server_role, id_tier, id_source, id_cloud_subscription, id_environnement, id_vinci_division, update_date) OUTPUT inserted.id_server VALUES (?, ?, ?, ?, ?, ?, ?, ?, ?, ?, ?, ?, ?, ?)]
[parameters: ('vm-chl-prd-use-rdpbtxaus-005', 0, 0, 'POWER_ON', None, 1, 301, 87, 1, 2, <CloudSubscription(name='None')>, 10, 14, datetime.datetime(2025, 9, 3, 0, 0))]
(Background on this error at: https://sqlalche.me/e/20/f405)
2025-09-03 19:49:25,790 - workers.server_db_worker - INFO - Insertion réussie pour 55 éléments de la source VCENTER_NGDT_02 avec la méthode insert_server_in_db.
2025-09-03 19:49:26,082 - workers.server_db_worker - INFO - Insertion réussie pour 92 éléments de la source T0_NGDT avec la méthode insert_server_in_db.
2025-09-03 19:49:26,769 - workers.server_db_worker - INFO - Insertion réussie pour 203 éléments de la source VCENTER_OXYA avec la méthode insert_server_in_db.
2025-09-03 19:49:31,949 - workers.server_db_worker - INFO - Insertion réussie pour 1157 éléments de la source VCENTER_NGDT_03 avec la méthode insert_server_in_db.
2025-09-03 19:49:31,950 - collectors.inventory_manager - INFO - Toutes les insertions de serveurs dans la base de données sont terminées.
2025-09-03 19:49:31,951 - workers.server_db_worker - INFO - Démarrage de l'insertion pour la source : AZURE_VCSI
2025-09-03 19:49:31,951 - workers.server_db_worker - INFO - Démarrage de l'insertion pour la source : VCENTER_NGDT_02
2025-09-03 19:49:31,952 - workers.server_db_worker - INFO - Démarrage de l'insertion pour la source : VCENTER_NGDT_03
2025-09-03 19:49:31,953 - workers.server_db_worker - INFO - Démarrage de l'insertion pour la source : VCENTER_OXYA
2025-09-03 19:49:31,953 - workers.server_db_worker - INFO - Démarrage de l'insertion pour la source : T0_NGDT
2025-09-03 19:49:32,612 - workers.server_db_worker - INFO - Insertion réussie pour 55 éléments de la source VCENTER_NGDT_02 avec la méthode insert_networks_of_server.
2025-09-03 19:49:32,916 - workers.server_db_worker - INFO - Insertion réussie pour 92 éléments de la source T0_NGDT avec la méthode insert_networks_of_server.
2025-09-03 19:49:33,001 - workers.server_db_worker - INFO - Insertion réussie pour 436 éléments de la source AZURE_VCSI avec la méthode insert_networks_of_server.
2025-09-03 19:49:33,439 - workers.server_db_worker - INFO - Insertion réussie pour 203 éléments de la source VCENTER_OXYA avec la méthode insert_networks_of_server.
2025-09-03 19:49:37,206 - workers.server_db_worker - INFO - Insertion réussie pour 1157 éléments de la source VCENTER_NGDT_03 avec la méthode insert_networks_of_server.
2025-09-03 19:49:37,206 - collectors.inventory_manager - INFO - Toutes les insertions de networks dans la base de données sont terminées.
2025-09-03 19:49:37,207 - main - INFO - Inventory des serveurs terminé
2025-09-03 19:49:37,248 - agents.agent_manager - INFO - Démarrage de la collecte et du traitement en parallèle...
2025-09-03 19:49:37,249 - workers.server_agents_worker - INFO - Démarrage de la collecte et du traitement pour la source : CHECKMK - VIC-T1
2025-09-03 19:49:37,252 - workers.server_agents_worker - INFO - Démarrage de la collecte et du traitement pour la source : CHECKMK - VIC-T0
2025-09-03 19:49:37,256 - workers.server_agents_worker - INFO - Démarrage de la collecte et du traitement pour la source : CHECKMK - OXYA-T0
2025-09-03 19:49:37,275 - workers.server_agents_worker - INFO - Démarrage de la collecte et du traitement pour la source : GLPI - GLPI-VCSI
2025-09-03 19:49:37,276 - workers.server_agents_worker - INFO - Démarrage de la collecte et du traitement pour la source : RAPID7 - Rapid7-VCSI
2025-09-03 19:49:37,684 - CHECKMK - VIC-T0 - INFO - Normalisation terminée. 92 serveurs normalisés.
2025-09-03 19:49:37,684 - workers.server_agents_worker - INFO - Collecte terminée : 92 serveurs trouvés pour la source : CHECKMK - VIC-T0
2025-09-03 19:49:37,846 - CHECKMK - OXYA-T0 - INFO - Normalisation terminée. 31 serveurs normalisés.
2025-09-03 19:49:37,846 - workers.server_agents_worker - INFO - Collecte terminée : 31 serveurs trouvés pour la source : CHECKMK - OXYA-T0
2025-09-03 19:49:37,954 - GLPI - GLPI-VCSI - INFO - Normalisation terminée. 1041 serveurs normalisés.
2025-09-03 19:49:37,955 - workers.server_agents_worker - INFO - Collecte terminée : 1041 serveurs trouvés pour la source : GLPI - GLPI-VCSI
2025-09-03 19:49:38,023 - CHECKMK - VIC-T1 - INFO - Normalisation terminée. 958 serveurs normalisés.
2025-09-03 19:49:38,025 - workers.server_agents_worker - INFO - Collecte terminée : 958 serveurs trouvés pour la source : CHECKMK - VIC-T1
2025-09-03 19:50:45,090 - agents.rapid7_collector - Rapid7-VCSI - INFO - Collecte Rapid7 terminée. 1082 serveurs traités avec succès.
2025-09-03 19:50:45,095 - agents.rapid7_collector - Rapid7-VCSI - INFO - Normalisation terminée. 1082 serveurs normalisés.
2025-09-03 19:50:45,096 - workers.server_agents_worker - INFO - Collecte terminée : 1082 serveurs trouvés pour la source : RAPID7 - Rapid7-VCSI
2025-09-03 19:50:45,106 - agents.agent_manager - INFO - Collecte terminée. Démarrage de la consolidation des données.
2025-09-03 19:50:45,108 - agents.agent_manager - INFO - Démarrage de la phase de traitement et de mise à jour des agents.
2025-09-03 19:51:25,071 - agents.agent_manager - INFO - Données exportées avec succès vers exports\all_agents.json
2025-09-03 19:51:25,072 - agents.agent_manager - INFO - Phase de traitement terminée. Les agents ont été mis à jour.
2025-09-03 19:51:25,072 - main - INFO - Application terminée
