2025-09-03 17:03:30,701 - root - INFO - Configuration de logging chargée avec succès.
2025-09-03 17:03:30,701 - main - INFO - Application démarrée
2025-09-03 17:03:30,847 - agents.agent_manager - INFO - <Server(name='vcf-vm-rover-mgmt-devops-agent')>
2025-09-03 17:03:30,865 - agents.agent_manager - INFO - Démarrage de la collecte et du traitement en parallèle...
2025-09-03 17:03:30,866 - workers.server_agents_worker - INFO - Démarrage de la collecte et du traitement pour la source : CHECKMK - VIC-T1
2025-09-03 17:03:30,866 - workers.server_agents_worker - INFO - Démarrage de la collecte et du traitement pour la source : CHECKMK - VIC-T0
2025-09-03 17:03:30,868 - workers.server_agents_worker - INFO - Démarrage de la collecte et du traitement pour la source : CHECKMK - OXYA-T0
2025-09-03 17:03:30,869 - workers.server_agents_worker - INFO - Démarrage de la collecte et du traitement pour la source : GLPI - GLPI-VCSI
2025-09-03 17:03:31,329 - CHECKMK - VIC-T0 - INFO - Normalisation terminée. 92 serveurs normalisés.
2025-09-03 17:03:31,330 - workers.server_agents_worker - INFO - Collecte terminée : 92 serveurs trouvés pour la source : CHECKMK - VIC-T0
2025-09-03 17:03:31,332 - workers.server_agents_worker - INFO - Données normalisées pour 'CHECKMK - VIC-T0' exportées avec succès vers exports\CHECKMK - VIC-T0.json
2025-09-03 17:03:31,353 - CHECKMK - OXYA-T0 - INFO - Normalisation terminée. 31 serveurs normalisés.
2025-09-03 17:03:31,353 - workers.server_agents_worker - INFO - Collecte terminée : 31 serveurs trouvés pour la source : CHECKMK - OXYA-T0
2025-09-03 17:03:31,355 - workers.server_agents_worker - INFO - Données normalisées pour 'CHECKMK - OXYA-T0' exportées avec succès vers exports\CHECKMK - OXYA-T0.json
2025-09-03 17:03:31,456 - GLPI - GLPI-VCSI - INFO - Normalisation terminée. 1041 serveurs normalisés.
2025-09-03 17:03:31,456 - workers.server_agents_worker - INFO - Collecte terminée : 1041 serveurs trouvés pour la source : GLPI - GLPI-VCSI
2025-09-03 17:03:31,471 - workers.server_agents_worker - INFO - Données normalisées pour 'GLPI - GLPI-VCSI' exportées avec succès vers exports\GLPI - GLPI-VCSI.json
2025-09-03 17:03:31,912 - CHECKMK - VIC-T1 - INFO - Normalisation terminée. 958 serveurs normalisés.
2025-09-03 17:03:31,913 - workers.server_agents_worker - INFO - Collecte terminée : 958 serveurs trouvés pour la source : CHECKMK - VIC-T1
2025-09-03 17:03:31,924 - workers.server_agents_worker - INFO - Données normalisées pour 'CHECKMK - VIC-T1' exportées avec succès vers exports\CHECKMK - VIC-T1.json
2025-09-03 17:03:31,925 - workers.server_agents_worker - INFO - Démarrage de la collecte et du traitement pour la source : GLPI - GLPI-VCSI
2025-09-03 17:03:31,925 - workers.server_agents_worker - ERROR - Erreur dans le thread du collecteur GLPI - GLPI-VCSI : 'Server' object has no attribute 'name'
Traceback (most recent call last):
  File "e:\KPI_HOSTING - V2.1\workers\server_agents_worker.py", line 47, in run
    servers_data = self.collector.collect()
  File "e:\KPI_HOSTING - V2.1\agents\rapid7_collector.py", line 26, in collect
    raw_servers_data = self.rapid7_connector.collect()
  File "e:\KPI_HOSTING - V2.1\connectors\rapid7_connector.py", line 18, in collect
    server_info = self.query_rapid7_by_server(server.name)
                                              ^^^^^^^^^^^
AttributeError: 'Server' object has no attribute 'name'
2025-09-03 17:03:31,944 - agents.agent_manager - INFO - Données exportées avec succès vers exports\all_agents.json
2025-09-03 17:03:31,945 - agents.agent_manager - INFO - Phase de collecte terminée. Récupération des résultats...
2025-09-03 17:03:31,945 - main - INFO - Application terminée
