2025-09-03 15:46:40,494 - root - INFO - Configuration de logging chargée avec succès.
2025-09-03 15:46:40,495 - main - INFO - Application démarrée
2025-09-03 15:46:40,510 - agents.agent_manager - INFO - Démarrage de la collecte et du traitement en parallèle...
2025-09-03 15:46:40,511 - workers.server_agents_worker - INFO - Démarrage de la collecte et du traitement pour la source : CHECKMK - VIC-T1
2025-09-03 15:46:40,511 - workers.server_agents_worker - INFO - Démarrage de la collecte et du traitement pour la source : CHECKMK - VIC-T0
2025-09-03 15:46:40,512 - workers.server_agents_worker - INFO - Démarrage de la collecte et du traitement pour la source : CHECKMK - OXYA-T0
2025-09-03 15:46:40,513 - workers.server_agents_worker - INFO - Démarrage de la collecte et du traitement pour la source : GLPI - GLPI-VCSI
2025-09-03 15:46:40,683 - workers.server_agents_worker - ERROR - Erreur dans le thread du collecteur GLPI - GLPI-VCSI : 'data'
Traceback (most recent call last):
  File "e:\KPI_HOSTING - V2.1\workers\server_agents_worker.py", line 47, in run
    servers_data = self.collector.collect()
  File "e:\KPI_HOSTING - V2.1\agents\glpi_collector.py", line 20, in collect
    servers_data = self.glpi_connector.collect()
  File "e:\KPI_HOSTING - V2.1\connectors\glpi_connector.py", line 65, in collect
    return self.glpi_computers['data']
           ~~~~~~~~~~~~~~~~~~~^^^^^^^^
KeyError: 'data'
2025-09-03 15:46:40,962 - CHECKMK - VIC-T0 - INFO - Normalisation terminée. 92 serveurs normalisés.
2025-09-03 15:46:40,963 - workers.server_agents_worker - INFO - Collecte terminée : 92 serveurs trouvés pour la source : CHECKMK - VIC-T0
2025-09-03 15:46:40,965 - workers.server_agents_worker - INFO - Données normalisées pour 'CHECKMK - VIC-T0' exportées avec succès vers exports\CHECKMK - VIC-T0.json
2025-09-03 15:46:41,007 - CHECKMK - OXYA-T0 - INFO - Normalisation terminée. 31 serveurs normalisés.
2025-09-03 15:46:41,008 - workers.server_agents_worker - INFO - Collecte terminée : 31 serveurs trouvés pour la source : CHECKMK - OXYA-T0
2025-09-03 15:46:41,010 - workers.server_agents_worker - INFO - Données normalisées pour 'CHECKMK - OXYA-T0' exportées avec succès vers exports\CHECKMK - OXYA-T0.json
2025-09-03 15:46:41,568 - CHECKMK - VIC-T1 - INFO - Normalisation terminée. 958 serveurs normalisés.
2025-09-03 15:46:41,568 - workers.server_agents_worker - INFO - Collecte terminée : 958 serveurs trouvés pour la source : CHECKMK - VIC-T1
2025-09-03 15:46:41,579 - workers.server_agents_worker - INFO - Données normalisées pour 'CHECKMK - VIC-T1' exportées avec succès vers exports\CHECKMK - VIC-T1.json
2025-09-03 15:46:41,593 - agents.agent_manager - INFO - Données exportées avec succès vers exports\all_agents.json
2025-09-03 15:46:41,593 - agents.agent_manager - INFO - Phase de collecte terminée. Récupération des résultats...
2025-09-03 15:46:41,594 - main - INFO - Application terminée
