2025-09-03 16:04:23,359 - root - INFO - Configuration de logging chargée avec succès.
2025-09-03 16:04:23,360 - main - INFO - Application démarrée
2025-09-03 16:04:23,388 - GLPI - GLPI-VCSI - INFO - https://inventory.vinci-construction.net/apirest.php/, ihJH4Qnvr44Xtxnu3CC9linJliWQi9ZoPEqRHJqr, wxwhMRRQQM8o3WILWgRPjCN5hZDZAWKliZwM8D3H
2025-09-03 16:04:23,392 - agents.agent_manager - INFO - Démarrage de la collecte et du traitement en parallèle...
2025-09-03 16:04:23,394 - workers.server_agents_worker - INFO - Démarrage de la collecte et du traitement pour la source : CHECKMK - VIC-T1
2025-09-03 16:04:23,394 - workers.server_agents_worker - INFO - Démarrage de la collecte et du traitement pour la source : CHECKMK - VIC-T0
2025-09-03 16:04:23,395 - workers.server_agents_worker - INFO - Démarrage de la collecte et du traitement pour la source : CHECKMK - OXYA-T0
2025-09-03 16:04:23,395 - workers.server_agents_worker - INFO - Démarrage de la collecte et du traitement pour la source : GLPI - GLPI-VCSI
2025-09-03 16:04:23,588 - GLPI - GLPI-VCSI - INFO - <Response [200]>
2025-09-03 16:04:23,883 - CHECKMK - OXYA-T0 - INFO - Normalisation terminée. 31 serveurs normalisés.
2025-09-03 16:04:23,884 - workers.server_agents_worker - INFO - Collecte terminée : 31 serveurs trouvés pour la source : CHECKMK - OXYA-T0
2025-09-03 16:04:23,887 - CHECKMK - VIC-T0 - INFO - Normalisation terminée. 92 serveurs normalisés.
2025-09-03 16:04:23,887 - workers.server_agents_worker - INFO - Collecte terminée : 92 serveurs trouvés pour la source : CHECKMK - VIC-T0
2025-09-03 16:04:23,888 - workers.server_agents_worker - INFO - Données normalisées pour 'CHECKMK - OXYA-T0' exportées avec succès vers exports\CHECKMK - OXYA-T0.json
2025-09-03 16:04:23,890 - workers.server_agents_worker - INFO - Données normalisées pour 'CHECKMK - VIC-T0' exportées avec succès vers exports\CHECKMK - VIC-T0.json
2025-09-03 16:04:23,981 - GLPI - GLPI-VCSI - INFO - <Response [200]>
2025-09-03 16:04:23,990 - GLPI - GLPI-VCSI - INFO - Normalisation terminée. 1041 serveurs normalisés.
2025-09-03 16:04:23,991 - workers.server_agents_worker - INFO - Collecte terminée : 1041 serveurs trouvés pour la source : GLPI - GLPI-VCSI
2025-09-03 16:04:24,007 - workers.server_agents_worker - INFO - Données normalisées pour 'GLPI - GLPI-VCSI' exportées avec succès vers exports\GLPI - GLPI-VCSI.json
2025-09-03 16:04:24,327 - CHECKMK - VIC-T1 - INFO - Normalisation terminée. 958 serveurs normalisés.
2025-09-03 16:04:24,328 - workers.server_agents_worker - INFO - Collecte terminée : 958 serveurs trouvés pour la source : CHECKMK - VIC-T1
2025-09-03 16:04:24,339 - workers.server_agents_worker - INFO - Données normalisées pour 'CHECKMK - VIC-T1' exportées avec succès vers exports\CHECKMK - VIC-T1.json
2025-09-03 16:04:24,373 - agents.agent_manager - INFO - Données exportées avec succès vers exports\all_agents.json
2025-09-03 16:04:24,373 - agents.agent_manager - INFO - Phase de collecte terminée. Récupération des résultats...
2025-09-03 16:04:24,376 - main - INFO - Application terminée
