2025-09-03 18:23:23,338 - root - INFO - Configuration de logging chargée avec succès.
2025-09-03 18:23:23,338 - main - INFO - Application démarrée
2025-09-03 18:23:23,495 - agents.agent_manager - INFO - Démarrage de la collecte et du traitement en parallèle...
2025-09-03 18:23:23,496 - workers.server_agents_worker - INFO - Démarrage de la collecte et du traitement pour la source : CHECKMK - VIC-T1
2025-09-03 18:23:23,497 - workers.server_agents_worker - INFO - Démarrage de la collecte et du traitement pour la source : CHECKMK - VIC-T0
2025-09-03 18:23:23,497 - workers.server_agents_worker - INFO - Démarrage de la collecte et du traitement pour la source : CHECKMK - OXYA-T0
2025-09-03 18:23:23,498 - workers.server_agents_worker - INFO - Démarrage de la collecte et du traitement pour la source : GLPI - GLPI-VCSI
2025-09-03 18:23:23,498 - workers.server_agents_worker - INFO - Démarrage de la collecte et du traitement pour la source : RAPID7 - Rapid7-VCSI
2025-09-03 18:23:24,078 - CHECKMK - OXYA-T0 - INFO - Normalisation terminée. 31 serveurs normalisés.
2025-09-03 18:23:24,099 - workers.server_agents_worker - INFO - Collecte terminée : 31 serveurs trouvés pour la source : CHECKMK - OXYA-T0
2025-09-03 18:23:24,167 - CHECKMK - VIC-T0 - INFO - Normalisation terminée. 92 serveurs normalisés.
2025-09-03 18:23:24,167 - workers.server_agents_worker - INFO - Données normalisées pour 'CHECKMK - OXYA-T0' exportées avec succès vers exports\CHECKMK - OXYA-T0.json
2025-09-03 18:23:24,169 - workers.server_agents_worker - INFO - Collecte terminée : 92 serveurs trouvés pour la source : CHECKMK - VIC-T0
2025-09-03 18:23:24,171 - workers.server_agents_worker - INFO - Données normalisées pour 'CHECKMK - VIC-T0' exportées avec succès vers exports\CHECKMK - VIC-T0.json
2025-09-03 18:23:24,323 - CHECKMK - VIC-T1 - INFO - Normalisation terminée. 958 serveurs normalisés.
2025-09-03 18:23:24,323 - workers.server_agents_worker - INFO - Collecte terminée : 958 serveurs trouvés pour la source : CHECKMK - VIC-T1
2025-09-03 18:23:24,334 - workers.server_agents_worker - INFO - Données normalisées pour 'CHECKMK - VIC-T1' exportées avec succès vers exports\CHECKMK - VIC-T1.json
2025-09-03 18:23:24,391 - GLPI - GLPI-VCSI - INFO - Normalisation terminée. 1041 serveurs normalisés.
2025-09-03 18:23:24,391 - workers.server_agents_worker - INFO - Collecte terminée : 1041 serveurs trouvés pour la source : GLPI - GLPI-VCSI
2025-09-03 18:23:24,405 - workers.server_agents_worker - INFO - Données normalisées pour 'GLPI - GLPI-VCSI' exportées avec succès vers exports\GLPI - GLPI-VCSI.json
2025-09-03 18:24:42,914 - agents.rapid7_collector - Rapid7-VCSI - INFO - Collecte Rapid7 terminée. 1188 serveurs traités avec succès.
2025-09-03 18:24:42,920 - agents.rapid7_collector - Rapid7-VCSI - INFO - Normalisation terminée. 1188 serveurs normalisés.
2025-09-03 18:24:42,921 - workers.server_agents_worker - INFO - Collecte terminée : 1188 serveurs trouvés pour la source : RAPID7 - Rapid7-VCSI
2025-09-03 18:24:42,931 - workers.server_agents_worker - INFO - Données normalisées pour 'RAPID7 - Rapid7-VCSI' exportées avec succès vers exports\RAPID7 - Rapid7-VCSI.json
2025-09-03 18:24:42,975 - agents.agent_manager - INFO - Données exportées avec succès vers exports\all_agents.json
2025-09-03 18:24:42,976 - agents.agent_manager - INFO - Phase de collecte terminée. Récupération des résultats...
2025-09-03 18:24:42,976 - main - INFO - Application terminée
