2025-09-03 14:47:42,245 - root - INFO - Configuration de logging chargée avec succès.
2025-09-03 14:47:42,246 - main - INFO - Application démarrée
2025-09-03 14:47:42,266 - main - INFO - Démarrage de l'inventory des serveurs
2025-09-03 14:47:42,267 - collectors.inventory_manager - INFO - Démarrage de la collecte et du traitement en parallèle...
2025-09-03 14:47:42,268 - workers.server_worker - INFO - Démarrage de la collecte et du traitement pour la source : AZURE_VCSI
2025-09-03 14:47:42,268 - workers.server_worker - INFO - Démarrage de la collecte et du traitement pour la source : VCENTER_NGDT_02
2025-09-03 14:47:42,269 - workers.server_worker - INFO - Démarrage de la collecte et du traitement pour la source : VCENTER_NGDT_03
2025-09-03 14:47:42,269 - workers.server_worker - INFO - Démarrage de la collecte et du traitement pour la source : VCENTER_OXYA
2025-09-03 14:47:42,271 - workers.server_worker - INFO - Démarrage de la collecte et du traitement pour la source : T0_NGDT
2025-09-03 14:47:42,279 - collectors.csv_vcenter_collector - INFO - Normalisation terminée. 92 serveurs normalisés.
2025-09-03 14:47:42,279 - workers.server_worker - INFO - Collecte terminée : 92 serveurs trouvés pour la source : T0_NGDT
2025-09-03 14:47:42,352 - workers.server_worker - INFO - Données normalisées pour 'T0_NGDT' exportées avec succès vers exports\T0_NGDT.json
2025-09-03 14:47:42,505 - collectors.azure_collector - AZURE_VCSI - INFO - === Démarrage de la corrélation Azure ===
2025-09-03 14:47:42,703 - collectors.vcenter_collector - VCENTER_NGDT_02 - INFO - Démarrage du traitement multi-thread de 55 VMs...
2025-09-03 14:47:43,402 - collectors.vcenter_collector - VCENTER_NGDT_03 - INFO - Démarrage du traitement multi-thread de 1157 VMs...
2025-09-03 14:47:43,628 - collectors.vcenter_collector - VCENTER_OXYA - INFO - Démarrage du traitement multi-thread de 203 VMs...
2025-09-03 14:48:05,565 - collectors.azure_collector - AZURE_VCSI - INFO - Total Subs trouvées actives : 202
2025-09-03 14:48:05,574 - collectors.azure_collector - AZURE_VCSI - INFO - Total RGs trouvés actifs : 2589
2025-09-03 14:48:10,705 - collectors.vcenter_collector - VCENTER_NGDT_02 - INFO - Normalisation terminée. 55 serveurs normalisés.
2025-09-03 14:48:10,706 - workers.server_worker - INFO - Collecte terminée : 55 serveurs trouvés pour la source : VCENTER_NGDT_02
2025-09-03 14:48:11,330 - workers.server_worker - INFO - Données normalisées pour 'VCENTER_NGDT_02' exportées avec succès vers exports\VCENTER_NGDT_02.json
2025-09-03 14:48:51,550 - collectors.vcenter_collector - VCENTER_OXYA - INFO - Normalisation terminée. 203 serveurs normalisés.
2025-09-03 14:48:51,674 - workers.server_worker - INFO - Collecte terminée : 203 serveurs trouvés pour la source : VCENTER_OXYA
2025-09-03 14:48:52,184 - workers.server_worker - INFO - Données normalisées pour 'VCENTER_OXYA' exportées avec succès vers exports\VCENTER_OXYA.json
2025-09-03 14:50:21,659 - collectors.azure_collector - AZURE_VCSI - ERROR - Erreur réseau pour AZ-NCENTRAL-01: 404 Client Error: Not Found for url: https://management.azure.com/subscriptions/a246a94f-4c5f-467a-bfa2-6294f6966f08/resourceGroups/rg-swc-prd-aus-vm-001-australiaeast/providers/Microsoft.Network/networkInterfaces/AZ-NCENTRAL-01_New?api-version=2024-05-01
2025-09-03 14:50:45,484 - collectors.azure_collector - AZURE_VCSI - ERROR - Erreur réseau pour SOFFRPRDTEAM01: 404 Client Error: Not Found for url: https://management.azure.com/subscriptions/b424b8b0-a315-442e-ae5e-493bb8c6e9ec/resourceGroups/RG-FR-WE-SOF-NETWORK/providers/Microsoft.Network/networkInterfaces/soffrprdteam01881_z1?api-version=2024-05-01
2025-09-03 14:51:20,691 - collectors.azure_collector - AZURE_VCSI - ERROR - Erreur lors du traitement du RG RG-CZE-PRD-Dixie-001: 503 Server Error: Service Unavailable for url: https://management.azure.com/subscriptions/30c781e2-66a9-475e-a331-38226dbee4f1/resourceGroups/RG-CZE-PRD-Dixie-001/providers/Microsoft.Compute/virtualMachines?api-version=2023-03-01
2025-09-03 14:51:24,271 - collectors.vcenter_collector - VCENTER_NGDT_03 - INFO - Normalisation terminée. 1157 serveurs normalisés.
2025-09-03 14:51:24,273 - workers.server_worker - INFO - Collecte terminée : 1157 serveurs trouvés pour la source : VCENTER_NGDT_03
2025-09-03 14:51:24,332 - workers.server_worker - INFO - Données normalisées pour 'VCENTER_NGDT_03' exportées avec succès vers exports\VCENTER_NGDT_03.json
2025-09-03 14:51:40,033 - collectors.azure_collector - AZURE_VCSI - INFO - === Corrélation Azure terminée ===
2025-09-03 14:51:40,092 - collectors.azure_collector - AZURE_VCSI - INFO - Normalisation terminée. 432 serveurs normalisés.
2025-09-03 14:51:40,092 - workers.server_worker - INFO - Collecte terminée : 432 serveurs trouvés pour la source : AZURE_VCSI
2025-09-03 14:51:40,129 - workers.server_worker - INFO - Données normalisées pour 'AZURE_VCSI' exportées avec succès vers exports\AZURE_VCSI.json
2025-09-03 14:51:40,130 - collectors.inventory_manager - INFO - Phase de collecte terminée. Récupération des résultats...
2025-09-03 14:51:40,130 - collectors.inventory_manager - INFO - Démarrage de la phase d'insertion dans la base de données en parallèle...
2025-09-03 14:51:40,193 - collectors.inventory_manager - INFO - Données exportées avec succès vers exports\all_inventory.json
2025-09-03 14:51:40,193 - collectors.inventory_manager - INFO - Insertion des données de cloud subscriptions dans la base de données...
2025-09-03 14:51:40,194 - workers.server_db_worker - INFO - Démarrage de l'insertion pour la source : AZURE_VCSI
2025-09-03 14:51:40,194 - workers.server_db_worker - INFO - Démarrage de l'insertion pour la source : AZURE_VCSI
2025-09-03 14:51:43,236 - workers.server_db_worker - INFO - Insertion réussie pour 951 éléments de la source AZURE_VCSI avec la méthode upsert_network.
2025-09-03 14:51:57,189 - workers.server_db_worker - INFO - Insertion réussie pour 2589 éléments de la source AZURE_VCSI avec la méthode upsert_subscription.
2025-09-03 14:51:57,190 - collectors.inventory_manager - INFO - Insertions des données de cloud subscriptions terminées.
2025-09-03 14:51:57,190 - workers.server_db_worker - INFO - Démarrage de l'insertion pour la source : AZURE_VCSI
2025-09-03 14:51:57,193 - workers.server_db_worker - INFO - Démarrage de l'insertion pour la source : VCENTER_NGDT_02
2025-09-03 14:51:57,194 - workers.server_db_worker - INFO - Démarrage de l'insertion pour la source : VCENTER_NGDT_03
2025-09-03 14:51:57,194 - workers.server_db_worker - INFO - Démarrage de l'insertion pour la source : VCENTER_OXYA
2025-09-03 14:51:57,195 - workers.server_db_worker - INFO - Démarrage de l'insertion pour la source : T0_NGDT
2025-09-03 14:51:57,803 - workers.server_db_worker - INFO - Insertion réussie pour 55 éléments de la source VCENTER_NGDT_02 avec la méthode insert_server_in_db.
2025-09-03 14:51:58,147 - workers.server_db_worker - INFO - Insertion réussie pour 92 éléments de la source T0_NGDT avec la méthode insert_server_in_db.
2025-09-03 14:51:58,992 - workers.server_db_worker - INFO - Insertion réussie pour 203 éléments de la source VCENTER_OXYA avec la méthode insert_server_in_db.
2025-09-03 14:52:01,714 - workers.server_db_worker - INFO - Insertion réussie pour 432 éléments de la source AZURE_VCSI avec la méthode insert_server_in_db.
2025-09-03 14:52:05,854 - workers.server_db_worker - INFO - Insertion réussie pour 1157 éléments de la source VCENTER_NGDT_03 avec la méthode insert_server_in_db.
2025-09-03 14:52:05,855 - collectors.inventory_manager - INFO - Toutes les insertions de serveurs dans la base de données sont terminées.
2025-09-03 14:52:05,856 - workers.server_db_worker - INFO - Démarrage de l'insertion pour la source : AZURE_VCSI
2025-09-03 14:52:05,857 - workers.server_db_worker - INFO - Démarrage de l'insertion pour la source : VCENTER_NGDT_02
2025-09-03 14:52:05,858 - workers.server_db_worker - INFO - Démarrage de l'insertion pour la source : VCENTER_NGDT_03
2025-09-03 14:52:05,859 - workers.server_db_worker - INFO - Démarrage de l'insertion pour la source : VCENTER_OXYA
2025-09-03 14:52:05,859 - workers.server_db_worker - INFO - Démarrage de l'insertion pour la source : T0_NGDT
2025-09-03 14:52:06,595 - workers.server_db_worker - INFO - Insertion réussie pour 55 éléments de la source VCENTER_NGDT_02 avec la méthode insert_networks_of_server.
2025-09-03 14:52:06,957 - workers.server_db_worker - INFO - Insertion réussie pour 92 éléments de la source T0_NGDT avec la méthode insert_networks_of_server.
2025-09-03 14:52:07,669 - workers.server_db_worker - INFO - Insertion réussie pour 203 éléments de la source VCENTER_OXYA avec la méthode insert_networks_of_server.
2025-09-03 14:52:08,627 - workers.server_db_worker - INFO - Insertion réussie pour 432 éléments de la source AZURE_VCSI avec la méthode insert_networks_of_server.
2025-09-03 14:52:13,682 - workers.server_db_worker - INFO - Insertion réussie pour 1157 éléments de la source VCENTER_NGDT_03 avec la méthode insert_networks_of_server.
2025-09-03 14:52:13,683 - collectors.inventory_manager - INFO - Toutes les insertions de networks dans la base de données sont terminées.
2025-09-03 14:52:13,684 - main - INFO - Inventory des serveurs terminé
2025-09-03 14:52:13,695 - agents.agent_manager - INFO - Démarrage de la collecte et du traitement en parallèle...
2025-09-03 14:52:13,696 - workers.server_agents_worker - INFO - Démarrage de la collecte et du traitement pour la source : CHECKMK - VIC-T1
2025-09-03 14:52:13,696 - workers.server_agents_worker - INFO - Démarrage de la collecte et du traitement pour la source : CHECKMK - VIC-T0
2025-09-03 14:52:13,697 - workers.server_agents_worker - INFO - Démarrage de la collecte et du traitement pour la source : CHECKMK - OXYA-T0
2025-09-03 14:52:14,148 - CHECKMK - VIC-T0 - INFO - Normalisation terminée. 92 serveurs normalisés.
2025-09-03 14:52:14,149 - workers.server_agents_worker - INFO - Collecte terminée : 92 serveurs trouvés pour la source : CHECKMK - VIC-T0
2025-09-03 14:52:14,152 - CHECKMK - OXYA-T0 - INFO - Normalisation terminée. 31 serveurs normalisés.
2025-09-03 14:52:14,152 - workers.server_agents_worker - INFO - Collecte terminée : 31 serveurs trouvés pour la source : CHECKMK - OXYA-T0
2025-09-03 14:52:14,153 - workers.server_agents_worker - INFO - Données normalisées pour 'CHECKMK - VIC-T0' exportées avec succès vers exports\CHECKMK - VIC-T0.json
2025-09-03 14:52:14,154 - workers.server_agents_worker - INFO - Données normalisées pour 'CHECKMK - OXYA-T0' exportées avec succès vers exports\CHECKMK - OXYA-T0.json
2025-09-03 14:52:14,508 - CHECKMK - VIC-T1 - INFO - Normalisation terminée. 958 serveurs normalisés.
2025-09-03 14:52:14,509 - workers.server_agents_worker - INFO - Collecte terminée : 958 serveurs trouvés pour la source : CHECKMK - VIC-T1
2025-09-03 14:52:14,522 - workers.server_agents_worker - INFO - Données normalisées pour 'CHECKMK - VIC-T1' exportées avec succès vers exports\CHECKMK - VIC-T1.json
2025-09-03 14:52:14,540 - agents.agent_manager - INFO - Données exportées avec succès vers exports\all_agents.json
2025-09-03 14:52:14,540 - agents.agent_manager - INFO - Phase de collecte terminée. Récupération des résultats...
2025-09-03 14:52:14,540 - main - INFO - Application terminée
