2025-09-03 17:28:37,894 - root - INFO - Configuration de logging chargée avec succès.
2025-09-03 17:28:37,895 - main - INFO - Application démarrée
2025-09-03 17:28:38,046 - agents.agent_manager - INFO - {'name': 'GLPI-VCSI', 'base_url': 'https://inventory.vinci-construction.net/apirest.php/', 'GLPI_APP_TOKEN': 'GLPI_APP_TOKEN', 'GLPI_USER_TOKEN': 'GLPI_USER_TOKEN', 'type': 'glpi', 'APP_TOKEN': 'ihJH4Qnvr44Xtxnu3CC9linJliWQi9ZoPEqRHJqr', 'USER_TOKEN': 'wxwhMRRQQM8o3WILWgRPjCN5hZDZAWKliZwM8D3H', 'url': 'https://rapid7.intranet.eurovia.com/api/3/assets/search/', 'rapid7_key': 'QUJSX0FQSTpSUVVldlM0OiJnbyMnXDI4QG9ZLiE6TjM'}
2025-09-03 17:28:38,051 - agents.agent_manager - INFO - Démarrage de la collecte et du traitement en parallèle...
2025-09-03 17:28:38,053 - workers.server_agents_worker - INFO - Démarrage de la collecte et du traitement pour la source : CHECKMK - VIC-T1
2025-09-03 17:28:38,053 - workers.server_agents_worker - INFO - Démarrage de la collecte et du traitement pour la source : CHECKMK - VIC-T0
2025-09-03 17:28:38,054 - workers.server_agents_worker - INFO - Démarrage de la collecte et du traitement pour la source : CHECKMK - OXYA-T0
2025-09-03 17:28:38,500 - CHECKMK - VIC-T0 - INFO - Normalisation terminée. 92 serveurs normalisés.
2025-09-03 17:28:38,500 - workers.server_agents_worker - INFO - Collecte terminée : 92 serveurs trouvés pour la source : CHECKMK - VIC-T0
2025-09-03 17:28:38,503 - workers.server_agents_worker - INFO - Données normalisées pour 'CHECKMK - VIC-T0' exportées avec succès vers exports\CHECKMK - VIC-T0.json
2025-09-03 17:28:38,513 - CHECKMK - OXYA-T0 - INFO - Normalisation terminée. 31 serveurs normalisés.
2025-09-03 17:28:38,513 - workers.server_agents_worker - INFO - Collecte terminée : 31 serveurs trouvés pour la source : CHECKMK - OXYA-T0
2025-09-03 17:28:38,515 - workers.server_agents_worker - INFO - Données normalisées pour 'CHECKMK - OXYA-T0' exportées avec succès vers exports\CHECKMK - OXYA-T0.json
2025-09-03 17:28:39,099 - CHECKMK - VIC-T1 - INFO - Normalisation terminée. 958 serveurs normalisés.
2025-09-03 17:28:39,099 - workers.server_agents_worker - INFO - Collecte terminée : 958 serveurs trouvés pour la source : CHECKMK - VIC-T1
2025-09-03 17:28:39,116 - workers.server_agents_worker - INFO - Données normalisées pour 'CHECKMK - VIC-T1' exportées avec succès vers exports\CHECKMK - VIC-T1.json
2025-09-03 17:28:39,118 - workers.server_agents_worker - INFO - Démarrage de la collecte et du traitement pour la source : GLPI - GLPI-VCSI
2025-09-03 17:29:59,651 - agents.rapid7_collector - GLPI-VCSI - INFO - Collecte Rapid7 terminée. 1188 serveurs traités avec succès.
2025-09-03 17:29:59,656 - agents.rapid7_collector - GLPI-VCSI - INFO - Normalisation terminée. 1188 serveurs normalisés.
2025-09-03 17:29:59,657 - workers.server_agents_worker - INFO - Collecte terminée : 1188 serveurs trouvés pour la source : GLPI - GLPI-VCSI
2025-09-03 17:29:59,668 - workers.server_agents_worker - INFO - Données normalisées pour 'GLPI - GLPI-VCSI' exportées avec succès vers exports\GLPI - GLPI-VCSI.json
