2025-09-03 17:11:32,077 - root - INFO - Configuration de logging chargée avec succès.
2025-09-03 17:11:32,078 - main - INFO - Application démarrée
2025-09-03 17:11:32,235 - agents.agent_manager - INFO - Démarrage de la collecte et du traitement en parallèle...
2025-09-03 17:11:32,236 - workers.server_agents_worker - INFO - Démarrage de la collecte et du traitement pour la source : CHECKMK - VIC-T1
2025-09-03 17:11:32,237 - workers.server_agents_worker - INFO - Démarrage de la collecte et du traitement pour la source : CHECKMK - VIC-T0
2025-09-03 17:11:32,237 - workers.server_agents_worker - INFO - Démarrage de la collecte et du traitement pour la source : CHECKMK - OXYA-T0
2025-09-03 17:11:32,238 - workers.server_agents_worker - INFO - Démarrage de la collecte et du traitement pour la source : GLPI - GLPI-VCSI
2025-09-03 17:11:32,711 - CHECKMK - VIC-T0 - INFO - Normalisation terminée. 92 serveurs normalisés.
2025-09-03 17:11:32,712 - CHECKMK - OXYA-T0 - INFO - Normalisation terminée. 31 serveurs normalisés.
2025-09-03 17:11:32,712 - workers.server_agents_worker - INFO - Collecte terminée : 92 serveurs trouvés pour la source : CHECKMK - VIC-T0
2025-09-03 17:11:32,712 - workers.server_agents_worker - INFO - Collecte terminée : 31 serveurs trouvés pour la source : CHECKMK - OXYA-T0
2025-09-03 17:11:32,715 - workers.server_agents_worker - INFO - Données normalisées pour 'CHECKMK - OXYA-T0' exportées avec succès vers exports\CHECKMK - OXYA-T0.json
2025-09-03 17:11:32,715 - workers.server_agents_worker - INFO - Données normalisées pour 'CHECKMK - VIC-T0' exportées avec succès vers exports\CHECKMK - VIC-T0.json
2025-09-03 17:11:32,860 - GLPI - GLPI-VCSI - INFO - Normalisation terminée. 1041 serveurs normalisés.
2025-09-03 17:11:32,861 - workers.server_agents_worker - INFO - Collecte terminée : 1041 serveurs trouvés pour la source : GLPI - GLPI-VCSI
2025-09-03 17:11:32,874 - workers.server_agents_worker - INFO - Données normalisées pour 'GLPI - GLPI-VCSI' exportées avec succès vers exports\GLPI - GLPI-VCSI.json
2025-09-03 17:11:33,181 - CHECKMK - VIC-T1 - INFO - Normalisation terminée. 958 serveurs normalisés.
2025-09-03 17:11:33,182 - workers.server_agents_worker - INFO - Collecte terminée : 958 serveurs trouvés pour la source : CHECKMK - VIC-T1
2025-09-03 17:11:33,193 - workers.server_agents_worker - INFO - Données normalisées pour 'CHECKMK - VIC-T1' exportées avec succès vers exports\CHECKMK - VIC-T1.json
2025-09-03 17:11:33,194 - workers.server_agents_worker - INFO - Démarrage de la collecte et du traitement pour la source : GLPI - GLPI-VCSI
