2025-09-03 16:46:20,991 - root - INFO - Configuration de logging chargée avec succès.
2025-09-03 16:46:20,992 - main - INFO - Application démarrée
2025-09-03 16:46:21,002 - GLPI - GLPI-VCSI - INFO - https://inventory.vinci-construction.net/apirest.php/, ihJH4Qnvr44Xtxnu3CC9linJliWQi9ZoPEqRHJqr, wxwhMRRQQM8o3WILWgRPjCN5hZDZAWKliZwM8D3H
2025-09-03 16:46:21,007 - GLPI - GLPI-VCSI - INFO - https://inventory.vinci-construction.net/apirest.php/, ihJH4Qnvr44Xtxnu3CC9linJliWQi9ZoPEqRHJqr, wxwhMRRQQM8o3WILWgRPjCN5hZDZAWKliZwM8D3H
2025-09-03 16:46:21,011 - agents.agent_manager - INFO - Démarrage de la collecte et du traitement en parallèle...
2025-09-03 16:46:21,149 - agents.agent_manager - INFO - 2003
2025-09-03 16:46:21,151 - workers.server_agents_worker - INFO - Démarrage de la collecte et du traitement pour la source : CHECKMK - VIC-T1
2025-09-03 16:46:21,151 - workers.server_agents_worker - INFO - Démarrage de la collecte et du traitement pour la source : CHECKMK - VIC-T0
2025-09-03 16:46:21,152 - workers.server_agents_worker - INFO - Démarrage de la collecte et du traitement pour la source : CHECKMK - OXYA-T0
2025-09-03 16:46:21,152 - workers.server_agents_worker - INFO - Démarrage de la collecte et du traitement pour la source : GLPI - GLPI-VCSI
2025-09-03 16:46:21,153 - workers.server_agents_worker - INFO - Démarrage de la collecte et du traitement pour la source : GLPI - GLPI-VCSI
2025-09-03 16:46:21,624 - CHECKMK - VIC-T0 - INFO - Normalisation terminée. 92 serveurs normalisés.
2025-09-03 16:46:21,624 - workers.server_agents_worker - INFO - Collecte terminée : 92 serveurs trouvés pour la source : CHECKMK - VIC-T0
2025-09-03 16:46:21,626 - workers.server_agents_worker - INFO - Données normalisées pour 'CHECKMK - VIC-T0' exportées avec succès vers exports\CHECKMK - VIC-T0.json
2025-09-03 16:46:21,676 - CHECKMK - OXYA-T0 - INFO - Normalisation terminée. 31 serveurs normalisés.
2025-09-03 16:46:21,677 - workers.server_agents_worker - INFO - Collecte terminée : 31 serveurs trouvés pour la source : CHECKMK - OXYA-T0
2025-09-03 16:46:21,678 - workers.server_agents_worker - INFO - Données normalisées pour 'CHECKMK - OXYA-T0' exportées avec succès vers exports\CHECKMK - OXYA-T0.json
2025-09-03 16:46:21,795 - GLPI - GLPI-VCSI - INFO - Normalisation terminée. 1041 serveurs normalisés.
2025-09-03 16:46:21,795 - workers.server_agents_worker - INFO - Collecte terminée : 1041 serveurs trouvés pour la source : GLPI - GLPI-VCSI
2025-09-03 16:46:21,809 - workers.server_agents_worker - INFO - Données normalisées pour 'GLPI - GLPI-VCSI' exportées avec succès vers exports\GLPI - GLPI-VCSI.json
2025-09-03 16:46:21,822 - GLPI - GLPI-VCSI - INFO - Normalisation terminée. 1041 serveurs normalisés.
2025-09-03 16:46:21,824 - workers.server_agents_worker - INFO - Collecte terminée : 1041 serveurs trouvés pour la source : GLPI - GLPI-VCSI
2025-09-03 16:46:21,838 - workers.server_agents_worker - INFO - Données normalisées pour 'GLPI - GLPI-VCSI' exportées avec succès vers exports\GLPI - GLPI-VCSI.json
2025-09-03 16:46:22,039 - CHECKMK - VIC-T1 - INFO - Normalisation terminée. 958 serveurs normalisés.
2025-09-03 16:46:22,040 - workers.server_agents_worker - INFO - Collecte terminée : 958 serveurs trouvés pour la source : CHECKMK - VIC-T1
2025-09-03 16:46:22,051 - workers.server_agents_worker - INFO - Données normalisées pour 'CHECKMK - VIC-T1' exportées avec succès vers exports\CHECKMK - VIC-T1.json
2025-09-03 16:46:22,080 - agents.agent_manager - INFO - Données exportées avec succès vers exports\all_agents.json
2025-09-03 16:46:22,080 - agents.agent_manager - INFO - Phase de collecte terminée. Récupération des résultats...
2025-09-03 16:46:22,081 - main - INFO - Application terminée
