2025-09-03 14:34:04,792 - root - INFO - Configuration de logging chargée avec succès.
2025-09-03 14:34:04,792 - main - INFO - Application démarrée
2025-09-03 14:34:04,821 - main - INFO - Démarrage de l'inventory des serveurs
2025-09-03 14:34:04,821 - collectors.inventory_manager - INFO - Démarrage de la collecte et du traitement en parallèle...
2025-09-03 14:34:04,822 - workers.server_worker - INFO - Démarrage de la collecte et du traitement pour la source : AZURE_VCSI
2025-09-03 14:34:04,823 - workers.server_worker - INFO - Démarrage de la collecte et du traitement pour la source : VCENTER_NGDT_02
2025-09-03 14:34:04,827 - workers.server_worker - INFO - Démarrage de la collecte et du traitement pour la source : VCENTER_NGDT_03
2025-09-03 14:34:04,828 - workers.server_worker - INFO - Démarrage de la collecte et du traitement pour la source : VCENTER_OXYA
2025-09-03 14:34:04,828 - workers.server_worker - INFO - Démarrage de la collecte et du traitement pour la source : T0_NGDT
2025-09-03 14:34:04,908 - collectors.csv_vcenter_collector - INFO - Normalisation terminée. 92 serveurs normalisés.
2025-09-03 14:34:04,920 - workers.server_worker - INFO - Collecte terminée : 92 serveurs trouvés pour la source : T0_NGDT
2025-09-03 14:34:04,924 - workers.server_worker - INFO - Données normalisées pour 'T0_NGDT' exportées avec succès vers exports\T0_NGDT.json
2025-09-03 14:34:05,018 - collectors.azure_collector - AZURE_VCSI - INFO - === Démarrage de la corrélation Azure ===
2025-09-03 14:34:05,273 - collectors.vcenter_collector - VCENTER_NGDT_02 - INFO - Démarrage du traitement multi-thread de 55 VMs...
2025-09-03 14:34:06,150 - collectors.vcenter_collector - VCENTER_OXYA - INFO - Démarrage du traitement multi-thread de 203 VMs...
2025-09-03 14:34:06,815 - collectors.vcenter_collector - VCENTER_NGDT_03 - INFO - Démarrage du traitement multi-thread de 1158 VMs...
2025-09-03 14:34:15,816 - collectors.azure_collector - AZURE_VCSI - INFO - Total Subs trouvées actives : 202
2025-09-03 14:34:15,993 - collectors.azure_collector - AZURE_VCSI - INFO - Total RGs trouvés actifs : 2589
2025-09-03 14:34:33,411 - collectors.vcenter_collector - VCENTER_NGDT_02 - INFO - Normalisation terminée. 55 serveurs normalisés.
2025-09-03 14:34:33,503 - workers.server_worker - INFO - Collecte terminée : 55 serveurs trouvés pour la source : VCENTER_NGDT_02
2025-09-03 14:34:34,169 - workers.server_worker - INFO - Données normalisées pour 'VCENTER_NGDT_02' exportées avec succès vers exports\VCENTER_NGDT_02.json
2025-09-03 14:35:14,518 - collectors.vcenter_collector - VCENTER_OXYA - INFO - Normalisation terminée. 203 serveurs normalisés.
2025-09-03 14:35:14,524 - workers.server_worker - INFO - Collecte terminée : 203 serveurs trouvés pour la source : VCENTER_OXYA
2025-09-03 14:35:15,038 - workers.server_worker - INFO - Données normalisées pour 'VCENTER_OXYA' exportées avec succès vers exports\VCENTER_OXYA.json
2025-09-03 14:36:12,137 - collectors.azure_collector - AZURE_VCSI - ERROR - Erreur réseau pour AZ-NCENTRAL-01: 404 Client Error: Not Found for url: https://management.azure.com/subscriptions/a246a94f-4c5f-467a-bfa2-6294f6966f08/resourceGroups/rg-swc-prd-aus-vm-001-australiaeast/providers/Microsoft.Network/networkInterfaces/AZ-NCENTRAL-01_New?api-version=2024-05-01
2025-09-03 14:36:43,479 - collectors.azure_collector - AZURE_VCSI - ERROR - Erreur réseau pour SOFFRPRDTEAM01: 404 Client Error: Not Found for url: https://management.azure.com/subscriptions/b424b8b0-a315-442e-ae5e-493bb8c6e9ec/resourceGroups/RG-FR-WE-SOF-NETWORK/providers/Microsoft.Network/networkInterfaces/soffrprdteam01881_z1?api-version=2024-05-01
2025-09-03 14:37:22,917 - collectors.azure_collector - AZURE_VCSI - INFO - === Corrélation Azure terminée ===
2025-09-03 14:37:26,845 - collectors.azure_collector - AZURE_VCSI - INFO - Normalisation terminée. 435 serveurs normalisés.
2025-09-03 14:37:26,947 - workers.server_worker - INFO - Collecte terminée : 435 serveurs trouvés pour la source : AZURE_VCSI
2025-09-03 14:37:28,424 - workers.server_worker - INFO - Données normalisées pour 'AZURE_VCSI' exportées avec succès vers exports\AZURE_VCSI.json
2025-09-03 14:37:43,398 - collectors.vcenter_collector - VCENTER_NGDT_03 - INFO - Normalisation terminée. 1158 serveurs normalisés.
2025-09-03 14:37:43,401 - workers.server_worker - INFO - Collecte terminée : 1158 serveurs trouvés pour la source : VCENTER_NGDT_03
2025-09-03 14:37:43,442 - workers.server_worker - INFO - Données normalisées pour 'VCENTER_NGDT_03' exportées avec succès vers exports\VCENTER_NGDT_03.json
2025-09-03 14:37:43,448 - collectors.inventory_manager - INFO - Phase de collecte terminée. Récupération des résultats...
2025-09-03 14:37:43,449 - collectors.inventory_manager - INFO - Démarrage de la phase d'insertion dans la base de données en parallèle...
2025-09-03 14:37:43,525 - collectors.inventory_manager - INFO - Données exportées avec succès vers exports\all_inventory.json
2025-09-03 14:37:43,529 - collectors.inventory_manager - INFO - Insertion des données de cloud subscriptions dans la base de données...
2025-09-03 14:37:43,531 - workers.server_db_worker - INFO - Démarrage de l'insertion pour la source : AZURE_VCSI
2025-09-03 14:37:43,534 - workers.server_db_worker - INFO - Démarrage de l'insertion pour la source : AZURE_VCSI
2025-09-03 14:37:46,887 - workers.server_db_worker - INFO - Insertion réussie pour 951 éléments de la source AZURE_VCSI avec la méthode upsert_network.
2025-09-03 14:38:00,981 - workers.server_db_worker - INFO - Insertion réussie pour 2589 éléments de la source AZURE_VCSI avec la méthode upsert_subscription.
2025-09-03 14:38:00,982 - collectors.inventory_manager - INFO - Insertions des données de cloud subscriptions terminées.
2025-09-03 14:38:00,984 - workers.server_db_worker - INFO - Démarrage de l'insertion pour la source : AZURE_VCSI
2025-09-03 14:38:00,984 - workers.server_db_worker - INFO - Démarrage de l'insertion pour la source : VCENTER_NGDT_02
2025-09-03 14:38:00,987 - workers.server_db_worker - INFO - Démarrage de l'insertion pour la source : VCENTER_NGDT_03
2025-09-03 14:38:00,988 - workers.server_db_worker - INFO - Démarrage de l'insertion pour la source : VCENTER_OXYA
2025-09-03 14:38:00,989 - workers.server_db_worker - INFO - Démarrage de l'insertion pour la source : T0_NGDT
2025-09-03 14:38:01,635 - workers.server_db_worker - INFO - Insertion réussie pour 55 éléments de la source VCENTER_NGDT_02 avec la méthode insert_server_in_db.
2025-09-03 14:38:01,984 - workers.server_db_worker - INFO - Insertion réussie pour 92 éléments de la source T0_NGDT avec la méthode insert_server_in_db.
2025-09-03 14:38:02,918 - workers.server_db_worker - INFO - Insertion réussie pour 203 éléments de la source VCENTER_OXYA avec la méthode insert_server_in_db.
2025-09-03 14:38:05,296 - workers.server_db_worker - INFO - Insertion réussie pour 435 éléments de la source AZURE_VCSI avec la méthode insert_server_in_db.
2025-09-03 14:38:08,984 - workers.server_db_worker - INFO - Insertion réussie pour 1158 éléments de la source VCENTER_NGDT_03 avec la méthode insert_server_in_db.
2025-09-03 14:38:08,985 - collectors.inventory_manager - INFO - Toutes les insertions de serveurs dans la base de données sont terminées.
2025-09-03 14:38:08,986 - workers.server_db_worker - INFO - Démarrage de l'insertion pour la source : AZURE_VCSI
2025-09-03 14:38:08,986 - workers.server_db_worker - INFO - Démarrage de l'insertion pour la source : VCENTER_NGDT_02
2025-09-03 14:38:08,987 - workers.server_db_worker - INFO - Démarrage de l'insertion pour la source : VCENTER_NGDT_03
2025-09-03 14:38:08,988 - workers.server_db_worker - INFO - Démarrage de l'insertion pour la source : VCENTER_OXYA
2025-09-03 14:38:08,988 - workers.server_db_worker - INFO - Démarrage de l'insertion pour la source : T0_NGDT
2025-09-03 14:38:09,651 - workers.server_db_worker - INFO - Insertion réussie pour 55 éléments de la source VCENTER_NGDT_02 avec la méthode insert_networks_of_server.
2025-09-03 14:38:10,077 - workers.server_db_worker - INFO - Insertion réussie pour 92 éléments de la source T0_NGDT avec la méthode insert_networks_of_server.
2025-09-03 14:38:10,697 - workers.server_db_worker - INFO - Insertion réussie pour 203 éléments de la source VCENTER_OXYA avec la méthode insert_networks_of_server.
2025-09-03 14:38:11,751 - workers.server_db_worker - INFO - Insertion réussie pour 435 éléments de la source AZURE_VCSI avec la méthode insert_networks_of_server.
2025-09-03 14:38:15,021 - workers.server_db_worker - INFO - Insertion réussie pour 1158 éléments de la source VCENTER_NGDT_03 avec la méthode insert_networks_of_server.
2025-09-03 14:38:15,022 - collectors.inventory_manager - INFO - Toutes les insertions de networks dans la base de données sont terminées.
2025-09-03 14:38:15,023 - main - INFO - Inventory des serveurs terminé
2025-09-03 14:38:15,033 - agents.agent_manager - INFO - Démarrage de la collecte et du traitement en parallèle...
2025-09-03 14:38:15,034 - workers.server_agents_worker - INFO - Démarrage de la collecte et du traitement pour la source : CHECKMK - VIC-T1
2025-09-03 14:38:15,034 - workers.server_agents_worker - INFO - Démarrage de la collecte et du traitement pour la source : CHECKMK - VIC-T0
2025-09-03 14:38:15,034 - workers.server_agents_worker - INFO - Démarrage de la collecte et du traitement pour la source : CHECKMK - OXYA-T0
2025-09-03 14:38:15,474 - CHECKMK - VIC-T0 - INFO - Normalisation terminée. 92 serveurs normalisés.
2025-09-03 14:38:15,475 - workers.server_agents_worker - INFO - Collecte terminée : 92 serveurs trouvés pour la source : CHECKMK - VIC-T0
2025-09-03 14:38:15,478 - workers.server_agents_worker - INFO - Données normalisées pour 'CHECKMK - VIC-T0' exportées avec succès vers exports\CHECKMK - VIC-T0.json
2025-09-03 14:38:15,483 - CHECKMK - OXYA-T0 - INFO - Normalisation terminée. 31 serveurs normalisés.
2025-09-03 14:38:15,483 - workers.server_agents_worker - INFO - Collecte terminée : 31 serveurs trouvés pour la source : CHECKMK - OXYA-T0
2025-09-03 14:38:15,485 - workers.server_agents_worker - INFO - Données normalisées pour 'CHECKMK - OXYA-T0' exportées avec succès vers exports\CHECKMK - OXYA-T0.json
2025-09-03 14:38:16,412 - CHECKMK - VIC-T1 - INFO - Normalisation terminée. 958 serveurs normalisés.
2025-09-03 14:38:16,412 - workers.server_agents_worker - INFO - Collecte terminée : 958 serveurs trouvés pour la source : CHECKMK - VIC-T1
2025-09-03 14:38:16,425 - workers.server_agents_worker - INFO - Données normalisées pour 'CHECKMK - VIC-T1' exportées avec succès vers exports\CHECKMK - VIC-T1.json
2025-09-03 14:38:16,444 - agents.agent_manager - INFO - Données exportées avec succès vers exports\all_agents.json
2025-09-03 14:38:16,445 - agents.agent_manager - INFO - Phase de collecte terminée. Récupération des résultats...
2025-09-03 14:38:16,445 - main - INFO - Application terminée
