2025-09-04 11:33:22,432 - root - INFO - Configuration de logging chargée avec succès.
2025-09-04 11:33:22,433 - main - INFO - Application démarrée
2025-09-04 11:33:22,636 - agents.agent_manager - INFO - Démarrage de la collecte et du traitement en parallèle...
2025-09-04 11:33:22,637 - workers.server_agents_worker - INFO - Démarrage de la collecte et du traitement pour la source : CHECKMK - VIC-T1
2025-09-04 11:33:22,638 - workers.server_agents_worker - INFO - Démarrage de la collecte et du traitement pour la source : CHECKMK - VIC-T0
2025-09-04 11:33:22,638 - workers.server_agents_worker - INFO - Démarrage de la collecte et du traitement pour la source : CHECKMK - OXYA-T0
2025-09-04 11:33:22,639 - workers.server_agents_worker - INFO - Démarrage de la collecte et du traitement pour la source : GLPI - GLPI-VCSI
2025-09-04 11:33:22,639 - workers.server_agents_worker - INFO - Démarrage de la collecte et du traitement pour la source : RAPID7 - Rapid7-VCSI
2025-09-04 11:33:23,249 - CHECKMK - OXYA-T0 - INFO - Normalisation terminée. 31 serveurs normalisés.
2025-09-04 11:33:23,249 - workers.server_agents_worker - INFO - Collecte terminée : 31 serveurs trouvés pour la source : CHECKMK - OXYA-T0
2025-09-04 11:33:23,376 - CHECKMK - VIC-T0 - INFO - Normalisation terminée. 92 serveurs normalisés.
2025-09-04 11:33:23,377 - workers.server_agents_worker - INFO - Collecte terminée : 92 serveurs trouvés pour la source : CHECKMK - VIC-T0
2025-09-04 11:33:23,570 - GLPI - GLPI-VCSI - INFO - Normalisation terminée. 1040 serveurs normalisés.
2025-09-04 11:33:23,587 - workers.server_agents_worker - INFO - Collecte terminée : 1040 serveurs trouvés pour la source : GLPI - GLPI-VCSI
2025-09-04 11:33:23,745 - CHECKMK - VIC-T1 - INFO - Normalisation terminée. 957 serveurs normalisés.
2025-09-04 11:33:23,746 - workers.server_agents_worker - INFO - Collecte terminée : 957 serveurs trouvés pour la source : CHECKMK - VIC-T1
2025-09-04 11:34:46,767 - agents.rapid7_collector - Rapid7-VCSI - INFO - Collecte Rapid7 terminée. 1178 serveurs traités avec succès.
2025-09-04 11:34:46,773 - agents.rapid7_collector - Rapid7-VCSI - INFO - Normalisation terminée. 1178 serveurs normalisés.
2025-09-04 11:34:46,774 - workers.server_agents_worker - INFO - Collecte terminée : 1178 serveurs trouvés pour la source : RAPID7 - Rapid7-VCSI
2025-09-04 11:34:46,787 - agents.agent_manager - INFO - Collecte terminée. Démarrage de la consolidation des données.
2025-09-04 11:34:47,038 - agents.agent_manager - INFO - Démarrage de la phase de traitement et de mise à jour des agents.
