2025-09-04 14:30:08,444 - root - INFO - Configuration de logging chargée avec succès.
2025-09-04 14:30:08,445 - main - INFO - Application démarrée
2025-09-04 14:30:08,653 - agents.agent_manager - INFO - Démarrage de la collecte et du traitement en parallèle...
2025-09-04 14:30:08,654 - workers.server_agents_worker - INFO - Démarrage de la collecte et du traitement pour la source : CHECKMK - VIC-T1
2025-09-04 14:30:08,654 - workers.server_agents_worker - INFO - Démarrage de la collecte et du traitement pour la source : CHECKMK - VIC-T0
2025-09-04 14:30:08,655 - workers.server_agents_worker - INFO - Démarrage de la collecte et du traitement pour la source : CHECKMK - OXYA-T0
2025-09-04 14:30:08,656 - workers.server_agents_worker - INFO - Démarrage de la collecte et du traitement pour la source : GLPI - GLPI-VCSI
2025-09-04 14:30:08,657 - workers.server_agents_worker - INFO - Démarrage de la collecte et du traitement pour la source : RAPID7 - Rapid7-VCSI
2025-09-04 14:30:09,214 - CHECKMK - VIC-T0 - INFO - Normalisation terminée. 92 serveurs normalisés.
2025-09-04 14:30:09,215 - workers.server_agents_worker - INFO - Collecte terminée : 92 serveurs trouvés pour la source : CHECKMK - VIC-T0
2025-09-04 14:30:09,332 - CHECKMK - OXYA-T0 - INFO - Normalisation terminée. 31 serveurs normalisés.
2025-09-04 14:30:09,333 - workers.server_agents_worker - INFO - Collecte terminée : 31 serveurs trouvés pour la source : CHECKMK - OXYA-T0
2025-09-04 14:30:09,678 - GLPI - GLPI-VCSI - INFO - Normalisation terminée. 1038 serveurs normalisés.
2025-09-04 14:30:09,694 - workers.server_agents_worker - INFO - Collecte terminée : 1038 serveurs trouvés pour la source : GLPI - GLPI-VCSI
2025-09-04 14:30:09,896 - CHECKMK - VIC-T1 - INFO - Normalisation terminée. 955 serveurs normalisés.
2025-09-04 14:30:09,914 - workers.server_agents_worker - INFO - Collecte terminée : 955 serveurs trouvés pour la source : CHECKMK - VIC-T1
2025-09-04 14:31:46,617 - agents.rapid7_collector - Rapid7-VCSI - INFO - Collecte Rapid7 terminée. 1194 serveurs traités avec succès.
2025-09-04 14:31:46,623 - agents.rapid7_collector - Rapid7-VCSI - INFO - Normalisation terminée. 1194 serveurs normalisés.
2025-09-04 14:31:46,623 - workers.server_agents_worker - INFO - Collecte terminée : 1194 serveurs trouvés pour la source : RAPID7 - Rapid7-VCSI
2025-09-04 14:31:46,634 - agents.agent_manager - INFO - Collecte terminée. Démarrage de la consolidation des données.
2025-09-04 14:31:46,872 - agents.agent_manager - INFO - Démarrage de la phase de traitement et de mise à jour des agents.
