2025-09-04 11:29:38,915 - root - INFO - Configuration de logging chargée avec succès.
2025-09-04 11:29:38,916 - main - INFO - Application démarrée
2025-09-04 11:29:39,076 - agents.agent_manager - INFO - Démarrage de la collecte et du traitement en parallèle...
2025-09-04 11:29:39,077 - workers.server_agents_worker - INFO - Démarrage de la collecte et du traitement pour la source : CHECKMK - VIC-T1
2025-09-04 11:29:39,078 - workers.server_agents_worker - INFO - Démarrage de la collecte et du traitement pour la source : CHECKMK - VIC-T0
2025-09-04 11:29:39,078 - workers.server_agents_worker - INFO - Démarrage de la collecte et du traitement pour la source : CHECKMK - OXYA-T0
2025-09-04 11:29:39,079 - workers.server_agents_worker - INFO - Démarrage de la collecte et du traitement pour la source : GLPI - GLPI-VCSI
2025-09-04 11:29:39,079 - workers.server_agents_worker - INFO - Démarrage de la collecte et du traitement pour la source : RAPID7 - Rapid7-VCSI
2025-09-04 11:29:39,783 - CHECKMK - VIC-T0 - INFO - Normalisation terminée. 92 serveurs normalisés.
2025-09-04 11:29:39,783 - workers.server_agents_worker - INFO - Collecte terminée : 92 serveurs trouvés pour la source : CHECKMK - VIC-T0
2025-09-04 11:29:39,914 - CHECKMK - VIC-T1 - INFO - Normalisation terminée. 957 serveurs normalisés.
2025-09-04 11:29:39,915 - workers.server_agents_worker - INFO - Collecte terminée : 957 serveurs trouvés pour la source : CHECKMK - VIC-T1
2025-09-04 11:29:40,011 - GLPI - GLPI-VCSI - INFO - Normalisation terminée. 1040 serveurs normalisés.
2025-09-04 11:29:40,012 - workers.server_agents_worker - INFO - Collecte terminée : 1040 serveurs trouvés pour la source : GLPI - GLPI-VCSI
2025-09-04 11:29:40,157 - CHECKMK - OXYA-T0 - INFO - Normalisation terminée. 31 serveurs normalisés.
2025-09-04 11:29:40,157 - workers.server_agents_worker - INFO - Collecte terminée : 31 serveurs trouvés pour la source : CHECKMK - OXYA-T0
2025-09-04 11:31:04,623 - agents.rapid7_collector - Rapid7-VCSI - INFO - Collecte Rapid7 terminée. 1178 serveurs traités avec succès.
2025-09-04 11:31:04,628 - agents.rapid7_collector - Rapid7-VCSI - INFO - Normalisation terminée. 1178 serveurs normalisés.
2025-09-04 11:31:04,629 - workers.server_agents_worker - INFO - Collecte terminée : 1178 serveurs trouvés pour la source : RAPID7 - Rapid7-VCSI
2025-09-04 11:31:04,643 - agents.agent_manager - INFO - Collecte terminée. Démarrage de la consolidation des données.
2025-09-04 11:31:04,921 - agents.agent_manager - INFO - Démarrage de la phase de traitement et de mise à jour des agents.
