2025-09-04 10:54:02,773 - root - INFO - Configuration de logging chargée avec succès.
2025-09-04 10:54:02,773 - main - INFO - Application démarrée
2025-09-04 10:54:02,934 - agents.agent_manager - INFO - Démarrage de la collecte et du traitement en parallèle...
2025-09-04 10:54:02,935 - workers.server_agents_worker - INFO - Démarrage de la collecte et du traitement pour la source : CHECKMK - VIC-T1
2025-09-04 10:54:02,936 - workers.server_agents_worker - INFO - Démarrage de la collecte et du traitement pour la source : CHECKMK - VIC-T0
2025-09-04 10:54:02,936 - workers.server_agents_worker - INFO - Démarrage de la collecte et du traitement pour la source : CHECKMK - OXYA-T0
2025-09-04 10:54:02,937 - workers.server_agents_worker - INFO - Démarrage de la collecte et du traitement pour la source : GLPI - GLPI-VCSI
2025-09-04 10:54:02,937 - workers.server_agents_worker - INFO - Démarrage de la collecte et du traitement pour la source : RAPID7 - Rapid7-VCSI
2025-09-04 10:54:03,701 - CHECKMK - VIC-T0 - INFO - Normalisation terminée. 92 serveurs normalisés.
2025-09-04 10:54:03,702 - workers.server_agents_worker - INFO - Collecte terminée : 92 serveurs trouvés pour la source : CHECKMK - VIC-T0
2025-09-04 10:54:03,706 - CHECKMK - OXYA-T0 - INFO - Normalisation terminée. 31 serveurs normalisés.
2025-09-04 10:54:03,707 - workers.server_agents_worker - INFO - Collecte terminée : 31 serveurs trouvés pour la source : CHECKMK - OXYA-T0
2025-09-04 10:54:03,799 - GLPI - GLPI-VCSI - INFO - Normalisation terminée. 1040 serveurs normalisés.
2025-09-04 10:54:03,799 - workers.server_agents_worker - INFO - Collecte terminée : 1040 serveurs trouvés pour la source : GLPI - GLPI-VCSI
2025-09-04 10:54:04,115 - CHECKMK - VIC-T1 - INFO - Normalisation terminée. 957 serveurs normalisés.
2025-09-04 10:54:04,116 - workers.server_agents_worker - INFO - Collecte terminée : 957 serveurs trouvés pour la source : CHECKMK - VIC-T1
2025-09-04 10:56:16,829 - agents.rapid7_collector - Rapid7-VCSI - INFO - Collecte Rapid7 terminée. 1169 serveurs traités avec succès.
2025-09-04 10:56:16,834 - agents.rapid7_collector - Rapid7-VCSI - INFO - Normalisation terminée. 1169 serveurs normalisés.
2025-09-04 10:56:16,834 - workers.server_agents_worker - INFO - Collecte terminée : 1169 serveurs trouvés pour la source : RAPID7 - Rapid7-VCSI
2025-09-04 10:56:16,845 - agents.agent_manager - INFO - Collecte terminée. Démarrage de la consolidation des données.
2025-09-04 10:56:17,047 - agents.agent_manager - INFO - Démarrage de la phase de traitement et de mise à jour des agents.
2025-09-04 10:57:16,422 - agents.agent_manager - INFO - Données exportées avec succès vers exports\all_agents.json
2025-09-04 10:57:16,423 - agents.agent_manager - INFO - Phase de traitement terminée. Les agents ont été mis à jour.
2025-09-04 10:57:16,424 - main - INFO - Application terminée
