2025-09-04 14:36:24,072 - root - INFO - Configuration de logging chargée avec succès.
2025-09-04 14:36:24,072 - main - INFO - Application démarrée
2025-09-04 14:36:24,092 - main - INFO - Démarrage de l'inventory des serveurs
2025-09-04 14:36:24,093 - collectors.inventory_manager - INFO - Démarrage de la collecte et du traitement en parallèle...
2025-09-04 14:36:24,094 - workers.server_worker - INFO - Démarrage de la collecte et du traitement pour la source : AZURE_VCSI
2025-09-04 14:36:24,095 - workers.server_worker - INFO - Démarrage de la collecte et du traitement pour la source : VCENTER_NGDT_02
2025-09-04 14:36:24,095 - workers.server_worker - INFO - Démarrage de la collecte et du traitement pour la source : VCENTER_NGDT_03
2025-09-04 14:36:24,096 - workers.server_worker - INFO - Démarrage de la collecte et du traitement pour la source : VCENTER_OXYA
2025-09-04 14:36:24,097 - workers.server_worker - INFO - Démarrage de la collecte et du traitement pour la source : T0_NGDT
2025-09-04 14:36:24,190 - workers.server_worker - INFO - Collecte terminée : 92 serveurs trouvés pour la source : T0_NGDT
2025-09-04 14:36:55,078 - workers.server_worker - INFO - Collecte terminée : 55 serveurs trouvés pour la source : VCENTER_NGDT_02
2025-09-04 14:37:38,899 - workers.server_worker - INFO - Collecte terminée : 203 serveurs trouvés pour la source : VCENTER_OXYA
2025-09-04 14:39:27,604 - collectors.azure_collector - AZURE_VCSI - ERROR - Erreur réseau pour AZ-NCENTRAL-01: 404 Client Error: Not Found for url: https://management.azure.com/subscriptions/a246a94f-4c5f-467a-bfa2-6294f6966f08/resourceGroups/rg-swc-prd-aus-vm-001-australiaeast/providers/Microsoft.Network/networkInterfaces/AZ-NCENTRAL-01_New?api-version=2024-05-01
2025-09-04 14:40:07,638 - workers.server_worker - INFO - Collecte terminée : 1153 serveurs trouvés pour la source : VCENTER_NGDT_03
2025-09-04 14:40:28,134 - collectors.azure_collector - AZURE_VCSI - ERROR - Erreur réseau pour SOFFRPRDTEAM01: 404 Client Error: Not Found for url: https://management.azure.com/subscriptions/b424b8b0-a315-442e-ae5e-493bb8c6e9ec/resourceGroups/RG-FR-WE-SOF-NETWORK/providers/Microsoft.Network/networkInterfaces/soffrprdteam01881_z1?api-version=2024-05-01
2025-09-04 14:41:29,070 - workers.server_worker - INFO - Collecte terminée : 440 serveurs trouvés pour la source : AZURE_VCSI
2025-09-04 14:41:29,088 - collectors.inventory_manager - INFO - Phase de collecte terminée. Récupération des résultats...
2025-09-04 14:41:29,088 - collectors.inventory_manager - INFO - Démarrage de la phase d'insertion dans la base de données en parallèle...
2025-09-04 14:41:29,167 - collectors.inventory_manager - INFO - Insertion des données de cloud subscriptions dans la base de données...
2025-09-04 14:41:29,168 - workers.server_db_worker - INFO - Démarrage de l'insertion pour la source : AZURE_VCSI
2025-09-04 14:41:29,168 - workers.server_db_worker - INFO - Démarrage de l'insertion pour la source : AZURE_VCSI
2025-09-04 14:41:32,439 - workers.server_db_worker - INFO - Insertion réussie pour 954 éléments de la source AZURE_VCSI avec la méthode upsert_network.
2025-09-04 14:41:45,890 - workers.server_db_worker - INFO - Insertion réussie pour 2468 éléments de la source AZURE_VCSI avec la méthode upsert_subscription.
2025-09-04 14:41:45,891 - collectors.inventory_manager - INFO - Insertions des données de cloud subscriptions terminées.
2025-09-04 14:41:45,892 - workers.server_db_worker - INFO - Démarrage de l'insertion pour la source : AZURE_VCSI
2025-09-04 14:41:45,892 - workers.server_db_worker - INFO - Démarrage de l'insertion pour la source : VCENTER_NGDT_02
2025-09-04 14:41:45,895 - workers.server_db_worker - INFO - Démarrage de l'insertion pour la source : VCENTER_NGDT_03
2025-09-04 14:41:45,897 - workers.server_db_worker - INFO - Démarrage de l'insertion pour la source : VCENTER_OXYA
2025-09-04 14:41:45,898 - workers.server_db_worker - INFO - Démarrage de l'insertion pour la source : T0_NGDT
2025-09-04 14:41:46,613 - workers.server_db_worker - INFO - Insertion réussie pour 55 éléments de la source VCENTER_NGDT_02 avec la méthode insert_server_in_db.
2025-09-04 14:41:47,092 - workers.server_db_worker - INFO - Insertion réussie pour 92 éléments de la source T0_NGDT avec la méthode insert_server_in_db.
2025-09-04 14:41:48,352 - workers.server_db_worker - INFO - Insertion réussie pour 203 éléments de la source VCENTER_OXYA avec la méthode insert_server_in_db.
2025-09-04 14:41:51,459 - workers.server_db_worker - INFO - Insertion réussie pour 440 éléments de la source AZURE_VCSI avec la méthode insert_server_in_db.
2025-09-04 14:41:56,003 - workers.server_db_worker - INFO - Insertion réussie pour 1153 éléments de la source VCENTER_NGDT_03 avec la méthode insert_server_in_db.
2025-09-04 14:41:56,004 - collectors.inventory_manager - INFO - Toutes les insertions de serveurs dans la base de données sont terminées.
2025-09-04 14:41:56,005 - workers.server_db_worker - INFO - Démarrage de l'insertion pour la source : AZURE_VCSI
2025-09-04 14:41:56,005 - workers.server_db_worker - INFO - Démarrage de l'insertion pour la source : VCENTER_NGDT_02
2025-09-04 14:41:56,006 - workers.server_db_worker - INFO - Démarrage de l'insertion pour la source : VCENTER_NGDT_03
2025-09-04 14:41:56,007 - workers.server_db_worker - INFO - Démarrage de l'insertion pour la source : VCENTER_OXYA
2025-09-04 14:41:56,008 - workers.server_db_worker - INFO - Démarrage de l'insertion pour la source : T0_NGDT
2025-09-04 14:41:56,799 - workers.server_db_worker - INFO - Insertion réussie pour 55 éléments de la source VCENTER_NGDT_02 avec la méthode insert_networks_of_server.
2025-09-04 14:41:57,122 - workers.server_db_worker - INFO - Insertion réussie pour 92 éléments de la source T0_NGDT avec la méthode insert_networks_of_server.
2025-09-04 14:41:57,933 - workers.server_db_worker - INFO - Insertion réussie pour 203 éléments de la source VCENTER_OXYA avec la méthode insert_networks_of_server.
2025-09-04 14:41:59,151 - workers.server_db_worker - INFO - Insertion réussie pour 440 éléments de la source AZURE_VCSI avec la méthode insert_networks_of_server.
2025-09-04 14:42:02,774 - workers.server_db_worker - INFO - Insertion réussie pour 1153 éléments de la source VCENTER_NGDT_03 avec la méthode insert_networks_of_server.
2025-09-04 14:42:02,775 - collectors.inventory_manager - INFO - Toutes les insertions de networks dans la base de données sont terminées.
2025-09-04 14:42:02,775 - main - INFO - Inventory des serveurs terminé
2025-09-04 14:42:02,831 - agents.agent_manager - INFO - Démarrage de la collecte et du traitement en parallèle...
2025-09-04 14:42:02,833 - workers.server_agents_worker - INFO - Démarrage de la collecte et du traitement pour la source : CHECKMK - VIC-T1
2025-09-04 14:42:02,834 - workers.server_agents_worker - INFO - Démarrage de la collecte et du traitement pour la source : CHECKMK - VIC-T0
2025-09-04 14:42:02,834 - workers.server_agents_worker - INFO - Démarrage de la collecte et du traitement pour la source : CHECKMK - OXYA-T0
2025-09-04 14:42:02,835 - workers.server_agents_worker - INFO - Démarrage de la collecte et du traitement pour la source : GLPI - GLPI-VCSI
2025-09-04 14:42:02,836 - workers.server_agents_worker - INFO - Démarrage de la collecte et du traitement pour la source : RAPID7 - Rapid7-VCSI
2025-09-04 14:42:03,343 - CHECKMK - OXYA-T0 - INFO - Normalisation terminée. 31 serveurs normalisés.
2025-09-04 14:42:03,344 - workers.server_agents_worker - INFO - Collecte terminée : 31 serveurs trouvés pour la source : CHECKMK - OXYA-T0
2025-09-04 14:42:03,347 - CHECKMK - VIC-T0 - INFO - Normalisation terminée. 92 serveurs normalisés.
2025-09-04 14:42:03,347 - workers.server_agents_worker - INFO - Collecte terminée : 92 serveurs trouvés pour la source : CHECKMK - VIC-T0
2025-09-04 14:42:03,662 - GLPI - GLPI-VCSI - INFO - Normalisation terminée. 1038 serveurs normalisés.
2025-09-04 14:42:03,662 - workers.server_agents_worker - INFO - Collecte terminée : 1038 serveurs trouvés pour la source : GLPI - GLPI-VCSI
2025-09-04 14:42:03,766 - CHECKMK - VIC-T1 - INFO - Normalisation terminée. 955 serveurs normalisés.
2025-09-04 14:42:03,766 - workers.server_agents_worker - INFO - Collecte terminée : 955 serveurs trouvés pour la source : CHECKMK - VIC-T1
2025-09-04 14:43:32,669 - agents.rapid7_collector - Rapid7-VCSI - INFO - Collecte Rapid7 terminée. 1194 serveurs traités avec succès.
2025-09-04 14:43:32,676 - agents.rapid7_collector - Rapid7-VCSI - INFO - Normalisation terminée. 1194 serveurs normalisés.
2025-09-04 14:43:32,677 - workers.server_agents_worker - INFO - Collecte terminée : 1194 serveurs trouvés pour la source : RAPID7 - Rapid7-VCSI
2025-09-04 14:43:32,692 - agents.agent_manager - INFO - Collecte terminée. Démarrage de la consolidation des données.
2025-09-04 14:43:32,947 - agents.agent_manager - INFO - Démarrage de la phase de traitement et de mise à jour des agents.
